INFO     telethon.crypto.aes:aes.py:23 libssl detected, it will be used for encryption
INFO     chatfilter.web.exception_handlers:exception_handlers.py:221 Registered custom exception handlers (including network error handlers)
INFO     chatfilter.web.exception_handlers:exception_handlers.py:221 Registered custom exception handlers (including network error handlers)
INFO     chatfilter.analyzer.task_queue:task_queue.py:281 Memory monitoring enabled (threshold: 2048.0MB)
DEBUG    chatfilter.analyzer.task_queue:task_queue.py:295 Event loop not running, will start monitor on first task run
INFO     chatfilter.analyzer.task_queue:task_queue.py:432 Created analysis task 3bba7e94-cfc6-4010-a795-3fd1972f1170 for 3 chats
DEBUG    asyncio:selector_events.py:64 Using selector: KqueueSelector
DEBUG    chatfilter.web.session:session.py:98 Created new session: po8f70yt...
INFO     chatfilter.web.middleware:middleware.py:92 Request started
INFO     chatfilter.web.middleware:middleware.py:108 Request completed
INFO     httpx:_client.py:1025 HTTP Request: GET http://testserver/api/analysis/3bba7e94-cfc6-4010-a795-3fd1972f1170/status "HTTP/1.1 200 OK"
INFO     chatfilter.web.exception_handlers:exception_handlers.py:221 Registered custom exception handlers (including network error handlers)
DEBUG    asyncio:selector_events.py:64 Using selector: KqueueSelector
DEBUG    chatfilter.web.session:session.py:98 Created new session: iAl0ZP5-...
INFO     chatfilter.web.middleware:middleware.py:92 Request started
WARNING  chatfilter.web.exception_handlers:exception_handlers.py:46 HTTP 400 error: Invalid task ID format (request_id=520c0fdc-ae3b-4fd3-b45f-0f50b6e89423, path=/api/analysis/not-a-uuid/status)
INFO     chatfilter.web.middleware:middleware.py:108 Request completed
INFO     httpx:_client.py:1025 HTTP Request: GET http://testserver/api/analysis/not-a-uuid/status "HTTP/1.1 400 Bad Request"
INFO     chatfilter.web.exception_handlers:exception_handlers.py:221 Registered custom exception handlers (including network error handlers)
DEBUG    asyncio:selector_events.py:64 Using selector: KqueueSelector
DEBUG    chatfilter.web.session:session.py:98 Created new session: ISY8th0B...
INFO     chatfilter.web.middleware:middleware.py:92 Request started
INFO     chatfilter.analyzer.task_queue:task_queue.py:281 Memory monitoring enabled (threshold: 2048.0MB)
INFO     chatfilter.analyzer.task_queue:task_queue.py:290 Task stall monitoring enabled (timeout: 600.0s)
WARNING  chatfilter.web.exception_handlers:exception_handlers.py:46 HTTP 404 error: Task not found (request_id=1a349d98-a2cc-4184-8998-9ed8481f7f9e, path=/api/analysis/3b55d159-439a-41f2-a28c-00f8bd73a124/status)
INFO     chatfilter.web.middleware:middleware.py:108 Request completed
INFO     chatfilter.analyzer.task_queue:task_queue.py:702 Task stall monitor shutting down
INFO     httpx:_client.py:1025 HTTP Request: GET http://testserver/api/analysis/3b55d159-439a-41f2-a28c-00f8bd73a124/status "HTTP/1.1 404 Not Found"
INFO     chatfilter.web.exception_handlers:exception_handlers.py:221 Registered custom exception handlers (including network error handlers)
INFO     chatfilter.analyzer.task_queue:task_queue.py:281 Memory monitoring enabled (threshold: 2048.0MB)
DEBUG    chatfilter.analyzer.task_queue:task_queue.py:295 Event loop not running, will start monitor on first task run
INFO     chatfilter.analyzer.task_queue:task_queue.py:432 Created analysis task 4555c65b-81f9-47e5-87b3-4a76da8e3c4e for 1 chats
DEBUG    asyncio:selector_events.py:64 Using selector: KqueueSelector
DEBUG    chatfilter.web.session:session.py:98 Created new session: 7-860uCt...
INFO     chatfilter.web.middleware:middleware.py:92 Request started
INFO     chatfilter.web.middleware:middleware.py:108 Request completed
INFO     httpx:_client.py:1025 HTTP Request: GET http://testserver/api/analysis/4555c65b-81f9-47e5-87b3-4a76da8e3c4e/results "HTTP/1.1 200 OK"
INFO     chatfilter.web.exception_handlers:exception_handlers.py:221 Registered custom exception handlers (including network error handlers)
INFO     chatfilter.analyzer.task_queue:task_queue.py:281 Memory monitoring enabled (threshold: 2048.0MB)
DEBUG    chatfilter.analyzer.task_queue:task_queue.py:295 Event loop not running, will start monitor on first task run
INFO     chatfilter.analyzer.task_queue:task_queue.py:432 Created analysis task aa93b090-81f9-46f0-84a9-99e77dd7a128 for 1 chats
DEBUG    asyncio:selector_events.py:64 Using selector: KqueueSelector
DEBUG    chatfilter.web.session:session.py:98 Created new session: ZzyTWktQ...
INFO     chatfilter.web.middleware:middleware.py:92 Request started
INFO     chatfilter.web.middleware:middleware.py:108 Request completed
INFO     httpx:_client.py:1025 HTTP Request: GET http://testserver/api/analysis/aa93b090-81f9-46f0-84a9-99e77dd7a128/results "HTTP/1.1 200 OK"
INFO     chatfilter.web.exception_handlers:exception_handlers.py:221 Registered custom exception handlers (including network error handlers)
INFO     chatfilter.analyzer.task_queue:task_queue.py:281 Memory monitoring enabled (threshold: 2048.0MB)
DEBUG    chatfilter.analyzer.task_queue:task_queue.py:295 Event loop not running, will start monitor on first task run
INFO     chatfilter.analyzer.task_queue:task_queue.py:432 Created analysis task af5d2d48-9cd9-4fa8-be5d-f871b8ebbfaa for 1 chats
DEBUG    asyncio:selector_events.py:64 Using selector: KqueueSelector
DEBUG    chatfilter.web.session:session.py:98 Created new session: 9EHNLmJV...
INFO     chatfilter.web.middleware:middleware.py:92 Request started
INFO     chatfilter.web.middleware:middleware.py:108 Request completed
INFO     httpx:_client.py:1025 HTTP Request: GET http://testserver/api/analysis/af5d2d48-9cd9-4fa8-be5d-f871b8ebbfaa/results "HTTP/1.1 200 OK"
INFO     chatfilter.web.exception_handlers:exception_handlers.py:221 Registered custom exception handlers (including network error handlers)
DEBUG    asyncio:selector_events.py:64 Using selector: KqueueSelector
DEBUG    chatfilter.web.session:session.py:98 Created new session: JJFOmBIY...
INFO     chatfilter.web.middleware:middleware.py:92 Request started
INFO     chatfilter.web.middleware:middleware.py:108 Request completed
INFO     httpx:_client.py:1025 HTTP Request: GET http://testserver/api/analysis/invalid/results "HTTP/1.1 200 OK"
INFO     chatfilter.web.exception_handlers:exception_handlers.py:221 Registered custom exception handlers (including network error handlers)
DEBUG    asyncio:selector_events.py:64 Using selector: KqueueSelector
DEBUG    chatfilter.web.session:session.py:98 Created new session: uZcVbISq...
INFO     chatfilter.web.middleware:middleware.py:92 Request started
WARNING  chatfilter.web.exception_handlers:exception_handlers.py:46 HTTP 400 error: Invalid task ID format (request_id=02a5bc5f-9fda-439f-8879-ede64c455d6c, path=/api/analysis/invalid/progress)
INFO     chatfilter.web.middleware:middleware.py:108 Request completed
INFO     httpx:_client.py:1025 HTTP Request: GET http://testserver/api/analysis/invalid/progress "HTTP/1.1 400 Bad Request"
INFO     chatfilter.web.exception_handlers:exception_handlers.py:221 Registered custom exception handlers (including network error handlers)
DEBUG    asyncio:selector_events.py:64 Using selector: KqueueSelector
DEBUG    chatfilter.web.session:session.py:98 Created new session: FAM-PaD9...
INFO     chatfilter.web.middleware:middleware.py:92 Request started
INFO     chatfilter.analyzer.task_queue:task_queue.py:281 Memory monitoring enabled (threshold: 2048.0MB)
INFO     chatfilter.analyzer.task_queue:task_queue.py:290 Task stall monitoring enabled (timeout: 600.0s)
WARNING  chatfilter.web.exception_handlers:exception_handlers.py:46 HTTP 404 error: Task not found (request_id=3e268eb1-69ef-46d4-aa03-aefe38235fae, path=/api/analysis/00992603-eb69-4fbf-a553-247ff2141c67/progress)
INFO     chatfilter.web.middleware:middleware.py:108 Request completed
INFO     chatfilter.analyzer.task_queue:task_queue.py:702 Task stall monitor shutting down
INFO     httpx:_client.py:1025 HTTP Request: GET http://testserver/api/analysis/00992603-eb69-4fbf-a553-247ff2141c67/progress "HTTP/1.1 404 Not Found"
INFO     chatfilter.web.exception_handlers:exception_handlers.py:221 Registered custom exception handlers (including network error handlers)
INFO     chatfilter.analyzer.task_queue:task_queue.py:281 Memory monitoring enabled (threshold: 2048.0MB)
DEBUG    chatfilter.analyzer.task_queue:task_queue.py:295 Event loop not running, will start monitor on first task run
INFO     chatfilter.analyzer.task_queue:task_queue.py:432 Created analysis task a28e5a70-fc2e-4a7e-836b-f70091f5fe12 for 1 chats
DEBUG    asyncio:selector_events.py:64 Using selector: KqueueSelector
DEBUG    chatfilter.web.session:session.py:98 Created new session: qIsl_Iji...
INFO     chatfilter.web.middleware:middleware.py:92 Request started
DEBUG    chatfilter.analyzer.task_queue:task_queue.py:531 New subscriber for task a28e5a70-fc2e-4a7e-836b-f70091f5fe12
INFO     chatfilter.web.middleware:middleware.py:108 Request completed
DEBUG    chatfilter.analyzer.task_queue:task_queue.py:551 Unsubscribed from task a28e5a70-fc2e-4a7e-836b-f70091f5fe12
INFO     httpx:_client.py:1025 HTTP Request: GET http://testserver/api/analysis/a28e5a70-fc2e-4a7e-836b-f70091f5fe12/progress "HTTP/1.1 200 OK"
INFO     chatfilter.web.exception_handlers:exception_handlers.py:221 Registered custom exception handlers (including network error handlers)
DEBUG    asyncio:selector_events.py:64 Using selector: KqueueSelector
DEBUG    chatfilter.web.session:session.py:98 Created new session: ul3zgl8h...
INFO     chatfilter.web.middleware:middleware.py:92 Request started
DEBUG    chatfilter.web.csrf:csrf.py:61 Generated new CSRF token for session ul3zgl8h...
INFO     chatfilter.web.middleware:middleware.py:108 Request completed
INFO     httpx:_client.py:1025 HTTP Request: GET http://testserver/results "HTTP/1.1 200 OK"
INFO     chatfilter.web.exception_handlers:exception_handlers.py:221 Registered custom exception handlers (including network error handlers)
INFO     chatfilter.analyzer.task_queue:task_queue.py:281 Memory monitoring enabled (threshold: 2048.0MB)
DEBUG    chatfilter.analyzer.task_queue:task_queue.py:295 Event loop not running, will start monitor on first task run
INFO     chatfilter.analyzer.task_queue:task_queue.py:432 Created analysis task d6487ed1-17f5-4de4-b4e9-79dca97faaf0 for 1 chats
DEBUG    asyncio:selector_events.py:64 Using selector: KqueueSelector
DEBUG    chatfilter.web.session:session.py:98 Created new session: e4X_PVio...
INFO     chatfilter.web.middleware:middleware.py:92 Request started
DEBUG    chatfilter.web.csrf:csrf.py:61 Generated new CSRF token for session e4X_PVio...
INFO     chatfilter.web.middleware:middleware.py:108 Request completed
INFO     httpx:_client.py:1025 HTTP Request: GET http://testserver/results?task_id=d6487ed1-17f5-4de4-b4e9-79dca97faaf0 "HTTP/1.1 200 OK"
INFO     chatfilter.web.exception_handlers:exception_handlers.py:221 Registered custom exception handlers (including network error handlers)
DEBUG    asyncio:selector_events.py:64 Using selector: KqueueSelector
DEBUG    chatfilter.web.session:session.py:98 Created new session: 4AOs-sva...
INFO     chatfilter.web.middleware:middleware.py:92 Request started
INFO     chatfilter.analyzer.task_queue:task_queue.py:281 Memory monitoring enabled (threshold: 2048.0MB)
INFO     chatfilter.analyzer.task_queue:task_queue.py:290 Task stall monitoring enabled (timeout: 600.0s)
DEBUG    chatfilter.web.csrf:csrf.py:61 Generated new CSRF token for session 4AOs-sva...
INFO     chatfilter.web.middleware:middleware.py:108 Request completed
INFO     chatfilter.analyzer.task_queue:task_queue.py:702 Task stall monitor shutting down
INFO     httpx:_client.py:1025 HTTP Request: GET http://testserver/results?task_id=c2d957a9-4769-48b2-898a-5621b551cf35 "HTTP/1.1 200 OK"
WARNING  chatfilter.analyzer.metrics:metrics.py:55 Clock skew detected: 3600 seconds (ahead). This may affect time-based calculations.
WARNING  chatfilter.analyzer.metrics:metrics.py:55 Clock skew detected: 3600 seconds (ahead). This may affect time-based calculations.
WARNING  chatfilter.analyzer.metrics:metrics.py:55 Clock skew detected: 3600 seconds (ahead). This may affect time-based calculations.
WARNING  chatfilter.analyzer.metrics:metrics.py:55 Clock skew detected: 50548492 seconds (ahead). This may affect time-based calculations.
WARNING  chatfilter.analyzer.metrics:metrics.py:55 Clock skew detected: 50548492 seconds (ahead). This may affect time-based calculations.
WARNING  chatfilter.analyzer.metrics:metrics.py:55 Clock skew detected: 64934092 seconds (ahead). This may affect time-based calculations.
WARNING  chatfilter.analyzer.metrics:metrics.py:55 Clock skew detected: 3600 seconds (ahead). This may affect time-based calculations.
DEBUG    chatfilter.analyzer.metrics:metrics.py:233 Aggregated batch: +3 messages, total=3, unique_authors=2
WARNING  chatfilter.analyzer.metrics:metrics.py:55 Clock skew detected: 14400 seconds (ahead). This may affect time-based calculations.
DEBUG    chatfilter.analyzer.metrics:metrics.py:233 Aggregated batch: +2 messages, total=2, unique_authors=2
WARNING  chatfilter.analyzer.metrics:metrics.py:55 Clock skew detected: 7200 seconds (ahead). This may affect time-based calculations.
DEBUG    chatfilter.analyzer.metrics:metrics.py:233 Aggregated batch: +2 messages, total=4, unique_authors=3
DEBUG    chatfilter.analyzer.metrics:metrics.py:233 Aggregated batch: +2 messages, total=6, unique_authors=4
WARNING  chatfilter.analyzer.metrics:metrics.py:55 Clock skew detected: 3600 seconds (ahead). This may affect time-based calculations.
DEBUG    chatfilter.analyzer.metrics:metrics.py:233 Aggregated batch: +1 messages, total=1, unique_authors=1
DEBUG    chatfilter.analyzer.metrics:metrics.py:233 Aggregated batch: +1 messages, total=2, unique_authors=2
WARNING  chatfilter.analyzer.metrics:metrics.py:55 Clock skew detected: 3600 seconds (ahead). This may affect time-based calculations.
DEBUG    chatfilter.analyzer.metrics:metrics.py:233 Aggregated batch: +1 messages, total=1, unique_authors=1
DEBUG    chatfilter.analyzer.metrics:metrics.py:233 Aggregated batch: +1 messages, total=2, unique_authors=2
DEBUG    chatfilter.analyzer.metrics:metrics.py:233 Aggregated batch: +2 messages, total=2, unique_authors=2
DEBUG    chatfilter.analyzer.metrics:metrics.py:233 Aggregated batch: +2 messages, total=4, unique_authors=4
DEBUG    chatfilter.analyzer.metrics:metrics.py:233 Aggregated batch: +2 messages, total=2, unique_authors=2
WARNING  chatfilter.analyzer.metrics:metrics.py:55 Clock skew detected: 360000 seconds (ahead). This may affect time-based calculations.
DEBUG    chatfilter.analyzer.metrics:metrics.py:233 Aggregated batch: +100 messages, total=100, unique_authors=50
WARNING  chatfilter.analyzer.metrics:metrics.py:55 Clock skew detected: 356400 seconds (ahead). This may affect time-based calculations.
DEBUG    chatfilter.analyzer.metrics:metrics.py:233 Aggregated batch: +100 messages, total=200, unique_authors=50
WARNING  chatfilter.analyzer.metrics:metrics.py:55 Clock skew detected: 352800 seconds (ahead). This may affect time-based calculations.
DEBUG    chatfilter.analyzer.metrics:metrics.py:233 Aggregated batch: +100 messages, total=300, unique_authors=50
WARNING  chatfilter.analyzer.metrics:metrics.py:55 Clock skew detected: 349200 seconds (ahead). This may affect time-based calculations.
DEBUG    chatfilter.analyzer.metrics:metrics.py:233 Aggregated batch: +100 messages, total=400, unique_authors=50
WARNING  chatfilter.analyzer.metrics:metrics.py:55 Clock skew detected: 345600 seconds (ahead). This may affect time-based calculations.
DEBUG    chatfilter.analyzer.metrics:metrics.py:233 Aggregated batch: +100 messages, total=500, unique_authors=50
WARNING  chatfilter.analyzer.metrics:metrics.py:55 Clock skew detected: 342000 seconds (ahead). This may affect time-based calculations.
DEBUG    chatfilter.analyzer.metrics:metrics.py:233 Aggregated batch: +100 messages, total=600, unique_authors=50
WARNING  chatfilter.analyzer.metrics:metrics.py:55 Clock skew detected: 338400 seconds (ahead). This may affect time-based calculations.
DEBUG    chatfilter.analyzer.metrics:metrics.py:233 Aggregated batch: +100 messages, total=700, unique_authors=50
WARNING  chatfilter.analyzer.metrics:metrics.py:55 Clock skew detected: 334800 seconds (ahead). This may affect time-based calculations.
DEBUG    chatfilter.analyzer.metrics:metrics.py:233 Aggregated batch: +100 messages, total=800, unique_authors=50
WARNING  chatfilter.analyzer.metrics:metrics.py:55 Clock skew detected: 331200 seconds (ahead). This may affect time-based calculations.
DEBUG    chatfilter.analyzer.metrics:metrics.py:233 Aggregated batch: +100 messages, total=900, unique_authors=50
WARNING  chatfilter.analyzer.metrics:metrics.py:55 Clock skew detected: 327600 seconds (ahead). This may affect time-based calculations.
DEBUG    chatfilter.analyzer.metrics:metrics.py:233 Aggregated batch: +100 messages, total=1000, unique_authors=50
WARNING  chatfilter.analyzer.metrics:metrics.py:55 Clock skew detected: 324000 seconds (ahead). This may affect time-based calculations.
DEBUG    chatfilter.analyzer.metrics:metrics.py:233 Aggregated batch: +100 messages, total=1100, unique_authors=50
WARNING  chatfilter.analyzer.metrics:metrics.py:55 Clock skew detected: 320400 seconds (ahead). This may affect time-based calculations.
DEBUG    chatfilter.analyzer.metrics:metrics.py:233 Aggregated batch: +100 messages, total=1200, unique_authors=50
WARNING  chatfilter.analyzer.metrics:metrics.py:55 Clock skew detected: 316800 seconds (ahead). This may affect time-based calculations.
DEBUG    chatfilter.analyzer.metrics:metrics.py:233 Aggregated batch: +100 messages, total=1300, unique_authors=50
WARNING  chatfilter.analyzer.metrics:metrics.py:55 Clock skew detected: 313200 seconds (ahead). This may affect time-based calculations.
DEBUG    chatfilter.analyzer.metrics:metrics.py:233 Aggregated batch: +100 messages, total=1400, unique_authors=50
WARNING  chatfilter.analyzer.metrics:metrics.py:55 Clock skew detected: 309600 seconds (ahead). This may affect time-based calculations.
DEBUG    chatfilter.analyzer.metrics:metrics.py:233 Aggregated batch: +100 messages, total=1500, unique_authors=50
WARNING  chatfilter.analyzer.metrics:metrics.py:55 Clock skew detected: 306000 seconds (ahead). This may affect time-based calculations.
DEBUG    chatfilter.analyzer.metrics:metrics.py:233 Aggregated batch: +100 messages, total=1600, unique_authors=50
WARNING  chatfilter.analyzer.metrics:metrics.py:55 Clock skew detected: 302400 seconds (ahead). This may affect time-based calculations.
DEBUG    chatfilter.analyzer.metrics:metrics.py:233 Aggregated batch: +100 messages, total=1700, unique_authors=50
WARNING  chatfilter.analyzer.metrics:metrics.py:55 Clock skew detected: 298800 seconds (ahead). This may affect time-based calculations.
DEBUG    chatfilter.analyzer.metrics:metrics.py:233 Aggregated batch: +100 messages, total=1800, unique_authors=50
WARNING  chatfilter.analyzer.metrics:metrics.py:55 Clock skew detected: 295200 seconds (ahead). This may affect time-based calculations.
DEBUG    chatfilter.analyzer.metrics:metrics.py:233 Aggregated batch: +100 messages, total=1900, unique_authors=50
WARNING  chatfilter.analyzer.metrics:metrics.py:55 Clock skew detected: 291600 seconds (ahead). This may affect time-based calculations.
DEBUG    chatfilter.analyzer.metrics:metrics.py:233 Aggregated batch: +100 messages, total=2000, unique_authors=50
WARNING  chatfilter.analyzer.metrics:metrics.py:55 Clock skew detected: 288000 seconds (ahead). This may affect time-based calculations.
DEBUG    chatfilter.analyzer.metrics:metrics.py:233 Aggregated batch: +100 messages, total=2100, unique_authors=50
WARNING  chatfilter.analyzer.metrics:metrics.py:55 Clock skew detected: 284400 seconds (ahead). This may affect time-based calculations.
DEBUG    chatfilter.analyzer.metrics:metrics.py:233 Aggregated batch: +100 messages, total=2200, unique_authors=50
WARNING  chatfilter.analyzer.metrics:metrics.py:55 Clock skew detected: 280800 seconds (ahead). This may affect time-based calculations.
DEBUG    chatfilter.analyzer.metrics:metrics.py:233 Aggregated batch: +100 messages, total=2300, unique_authors=50
WARNING  chatfilter.analyzer.metrics:metrics.py:55 Clock skew detected: 277200 seconds (ahead). This may affect time-based calculations.
DEBUG    chatfilter.analyzer.metrics:metrics.py:233 Aggregated batch: +100 messages, total=2400, unique_authors=50
WARNING  chatfilter.analyzer.metrics:metrics.py:55 Clock skew detected: 273600 seconds (ahead). This may affect time-based calculations.
DEBUG    chatfilter.analyzer.metrics:metrics.py:233 Aggregated batch: +100 messages, total=2500, unique_authors=50
WARNING  chatfilter.analyzer.metrics:metrics.py:55 Clock skew detected: 270000 seconds (ahead). This may affect time-based calculations.
DEBUG    chatfilter.analyzer.metrics:metrics.py:233 Aggregated batch: +100 messages, total=2600, unique_authors=50
WARNING  chatfilter.analyzer.metrics:metrics.py:55 Clock skew detected: 266400 seconds (ahead). This may affect time-based calculations.
DEBUG    chatfilter.analyzer.metrics:metrics.py:233 Aggregated batch: +100 messages, total=2700, unique_authors=50
WARNING  chatfilter.analyzer.metrics:metrics.py:55 Clock skew detected: 262800 seconds (ahead). This may affect time-based calculations.
DEBUG    chatfilter.analyzer.metrics:metrics.py:233 Aggregated batch: +100 messages, total=2800, unique_authors=50
WARNING  chatfilter.analyzer.metrics:metrics.py:55 Clock skew detected: 259200 seconds (ahead). This may affect time-based calculations.
DEBUG    chatfilter.analyzer.metrics:metrics.py:233 Aggregated batch: +100 messages, total=2900, unique_authors=50
WARNING  chatfilter.analyzer.metrics:metrics.py:55 Clock skew detected: 255600 seconds (ahead). This may affect time-based calculations.
DEBUG    chatfilter.analyzer.metrics:metrics.py:233 Aggregated batch: +100 messages, total=3000, unique_authors=50
WARNING  chatfilter.analyzer.metrics:metrics.py:55 Clock skew detected: 252000 seconds (ahead). This may affect time-based calculations.
DEBUG    chatfilter.analyzer.metrics:metrics.py:233 Aggregated batch: +100 messages, total=3100, unique_authors=50
WARNING  chatfilter.analyzer.metrics:metrics.py:55 Clock skew detected: 248400 seconds (ahead). This may affect time-based calculations.
DEBUG    chatfilter.analyzer.metrics:metrics.py:233 Aggregated batch: +100 messages, total=3200, unique_authors=50
WARNING  chatfilter.analyzer.metrics:metrics.py:55 Clock skew detected: 244800 seconds (ahead). This may affect time-based calculations.
DEBUG    chatfilter.analyzer.metrics:metrics.py:233 Aggregated batch: +100 messages, total=3300, unique_authors=50
WARNING  chatfilter.analyzer.metrics:metrics.py:55 Clock skew detected: 241200 seconds (ahead). This may affect time-based calculations.
DEBUG    chatfilter.analyzer.metrics:metrics.py:233 Aggregated batch: +100 messages, total=3400, unique_authors=50
WARNING  chatfilter.analyzer.metrics:metrics.py:55 Clock skew detected: 237600 seconds (ahead). This may affect time-based calculations.
DEBUG    chatfilter.analyzer.metrics:metrics.py:233 Aggregated batch: +100 messages, total=3500, unique_authors=50
WARNING  chatfilter.analyzer.metrics:metrics.py:55 Clock skew detected: 234000 seconds (ahead). This may affect time-based calculations.
DEBUG    chatfilter.analyzer.metrics:metrics.py:233 Aggregated batch: +100 messages, total=3600, unique_authors=50
WARNING  chatfilter.analyzer.metrics:metrics.py:55 Clock skew detected: 230400 seconds (ahead). This may affect time-based calculations.
DEBUG    chatfilter.analyzer.metrics:metrics.py:233 Aggregated batch: +100 messages, total=3700, unique_authors=50
WARNING  chatfilter.analyzer.metrics:metrics.py:55 Clock skew detected: 226800 seconds (ahead). This may affect time-based calculations.
DEBUG    chatfilter.analyzer.metrics:metrics.py:233 Aggregated batch: +100 messages, total=3800, unique_authors=50
WARNING  chatfilter.analyzer.metrics:metrics.py:55 Clock skew detected: 223200 seconds (ahead). This may affect time-based calculations.
DEBUG    chatfilter.analyzer.metrics:metrics.py:233 Aggregated batch: +100 messages, total=3900, unique_authors=50
WARNING  chatfilter.analyzer.metrics:metrics.py:55 Clock skew detected: 219600 seconds (ahead). This may affect time-based calculations.
DEBUG    chatfilter.analyzer.metrics:metrics.py:233 Aggregated batch: +100 messages, total=4000, unique_authors=50
WARNING  chatfilter.analyzer.metrics:metrics.py:55 Clock skew detected: 216000 seconds (ahead). This may affect time-based calculations.
DEBUG    chatfilter.analyzer.metrics:metrics.py:233 Aggregated batch: +100 messages, total=4100, unique_authors=50
WARNING  chatfilter.analyzer.metrics:metrics.py:55 Clock skew detected: 212400 seconds (ahead). This may affect time-based calculations.
DEBUG    chatfilter.analyzer.metrics:metrics.py:233 Aggregated batch: +100 messages, total=4200, unique_authors=50
WARNING  chatfilter.analyzer.metrics:metrics.py:55 Clock skew detected: 208800 seconds (ahead). This may affect time-based calculations.
DEBUG    chatfilter.analyzer.metrics:metrics.py:233 Aggregated batch: +100 messages, total=4300, unique_authors=50
WARNING  chatfilter.analyzer.metrics:metrics.py:55 Clock skew detected: 205200 seconds (ahead). This may affect time-based calculations.
DEBUG    chatfilter.analyzer.metrics:metrics.py:233 Aggregated batch: +100 messages, total=4400, unique_authors=50
WARNING  chatfilter.analyzer.metrics:metrics.py:55 Clock skew detected: 201600 seconds (ahead). This may affect time-based calculations.
DEBUG    chatfilter.analyzer.metrics:metrics.py:233 Aggregated batch: +100 messages, total=4500, unique_authors=50
WARNING  chatfilter.analyzer.metrics:metrics.py:55 Clock skew detected: 198000 seconds (ahead). This may affect time-based calculations.
DEBUG    chatfilter.analyzer.metrics:metrics.py:233 Aggregated batch: +100 messages, total=4600, unique_authors=50
WARNING  chatfilter.analyzer.metrics:metrics.py:55 Clock skew detected: 194400 seconds (ahead). This may affect time-based calculations.
DEBUG    chatfilter.analyzer.metrics:metrics.py:233 Aggregated batch: +100 messages, total=4700, unique_authors=50
WARNING  chatfilter.analyzer.metrics:metrics.py:55 Clock skew detected: 190800 seconds (ahead). This may affect time-based calculations.
DEBUG    chatfilter.analyzer.metrics:metrics.py:233 Aggregated batch: +100 messages, total=4800, unique_authors=50
WARNING  chatfilter.analyzer.metrics:metrics.py:55 Clock skew detected: 187200 seconds (ahead). This may affect time-based calculations.
DEBUG    chatfilter.analyzer.metrics:metrics.py:233 Aggregated batch: +100 messages, total=4900, unique_authors=50
WARNING  chatfilter.analyzer.metrics:metrics.py:55 Clock skew detected: 183600 seconds (ahead). This may affect time-based calculations.
DEBUG    chatfilter.analyzer.metrics:metrics.py:233 Aggregated batch: +100 messages, total=5000, unique_authors=50
WARNING  chatfilter.analyzer.metrics:metrics.py:55 Clock skew detected: 180000 seconds (ahead). This may affect time-based calculations.
DEBUG    chatfilter.analyzer.metrics:metrics.py:233 Aggregated batch: +100 messages, total=5100, unique_authors=50
WARNING  chatfilter.analyzer.metrics:metrics.py:55 Clock skew detected: 176400 seconds (ahead). This may affect time-based calculations.
DEBUG    chatfilter.analyzer.metrics:metrics.py:233 Aggregated batch: +100 messages, total=5200, unique_authors=50
WARNING  chatfilter.analyzer.metrics:metrics.py:55 Clock skew detected: 172800 seconds (ahead). This may affect time-based calculations.
DEBUG    chatfilter.analyzer.metrics:metrics.py:233 Aggregated batch: +100 messages, total=5300, unique_authors=50
WARNING  chatfilter.analyzer.metrics:metrics.py:55 Clock skew detected: 169200 seconds (ahead). This may affect time-based calculations.
DEBUG    chatfilter.analyzer.metrics:metrics.py:233 Aggregated batch: +100 messages, total=5400, unique_authors=50
WARNING  chatfilter.analyzer.metrics:metrics.py:55 Clock skew detected: 165600 seconds (ahead). This may affect time-based calculations.
DEBUG    chatfilter.analyzer.metrics:metrics.py:233 Aggregated batch: +100 messages, total=5500, unique_authors=50
WARNING  chatfilter.analyzer.metrics:metrics.py:55 Clock skew detected: 162000 seconds (ahead). This may affect time-based calculations.
DEBUG    chatfilter.analyzer.metrics:metrics.py:233 Aggregated batch: +100 messages, total=5600, unique_authors=50
WARNING  chatfilter.analyzer.metrics:metrics.py:55 Clock skew detected: 158400 seconds (ahead). This may affect time-based calculations.
DEBUG    chatfilter.analyzer.metrics:metrics.py:233 Aggregated batch: +100 messages, total=5700, unique_authors=50
WARNING  chatfilter.analyzer.metrics:metrics.py:55 Clock skew detected: 154800 seconds (ahead). This may affect time-based calculations.
DEBUG    chatfilter.analyzer.metrics:metrics.py:233 Aggregated batch: +100 messages, total=5800, unique_authors=50
WARNING  chatfilter.analyzer.metrics:metrics.py:55 Clock skew detected: 151200 seconds (ahead). This may affect time-based calculations.
DEBUG    chatfilter.analyzer.metrics:metrics.py:233 Aggregated batch: +100 messages, total=5900, unique_authors=50
WARNING  chatfilter.analyzer.metrics:metrics.py:55 Clock skew detected: 147600 seconds (ahead). This may affect time-based calculations.
DEBUG    chatfilter.analyzer.metrics:metrics.py:233 Aggregated batch: +100 messages, total=6000, unique_authors=50
WARNING  chatfilter.analyzer.metrics:metrics.py:55 Clock skew detected: 144000 seconds (ahead). This may affect time-based calculations.
DEBUG    chatfilter.analyzer.metrics:metrics.py:233 Aggregated batch: +100 messages, total=6100, unique_authors=50
WARNING  chatfilter.analyzer.metrics:metrics.py:55 Clock skew detected: 140400 seconds (ahead). This may affect time-based calculations.
DEBUG    chatfilter.analyzer.metrics:metrics.py:233 Aggregated batch: +100 messages, total=6200, unique_authors=50
WARNING  chatfilter.analyzer.metrics:metrics.py:55 Clock skew detected: 136800 seconds (ahead). This may affect time-based calculations.
DEBUG    chatfilter.analyzer.metrics:metrics.py:233 Aggregated batch: +100 messages, total=6300, unique_authors=50
WARNING  chatfilter.analyzer.metrics:metrics.py:55 Clock skew detected: 133200 seconds (ahead). This may affect time-based calculations.
DEBUG    chatfilter.analyzer.metrics:metrics.py:233 Aggregated batch: +100 messages, total=6400, unique_authors=50
WARNING  chatfilter.analyzer.metrics:metrics.py:55 Clock skew detected: 129600 seconds (ahead). This may affect time-based calculations.
DEBUG    chatfilter.analyzer.metrics:metrics.py:233 Aggregated batch: +100 messages, total=6500, unique_authors=50
WARNING  chatfilter.analyzer.metrics:metrics.py:55 Clock skew detected: 126000 seconds (ahead). This may affect time-based calculations.
DEBUG    chatfilter.analyzer.metrics:metrics.py:233 Aggregated batch: +100 messages, total=6600, unique_authors=50
WARNING  chatfilter.analyzer.metrics:metrics.py:55 Clock skew detected: 122400 seconds (ahead). This may affect time-based calculations.
DEBUG    chatfilter.analyzer.metrics:metrics.py:233 Aggregated batch: +100 messages, total=6700, unique_authors=50
WARNING  chatfilter.analyzer.metrics:metrics.py:55 Clock skew detected: 118800 seconds (ahead). This may affect time-based calculations.
DEBUG    chatfilter.analyzer.metrics:metrics.py:233 Aggregated batch: +100 messages, total=6800, unique_authors=50
WARNING  chatfilter.analyzer.metrics:metrics.py:55 Clock skew detected: 115200 seconds (ahead). This may affect time-based calculations.
DEBUG    chatfilter.analyzer.metrics:metrics.py:233 Aggregated batch: +100 messages, total=6900, unique_authors=50
WARNING  chatfilter.analyzer.metrics:metrics.py:55 Clock skew detected: 111600 seconds (ahead). This may affect time-based calculations.
DEBUG    chatfilter.analyzer.metrics:metrics.py:233 Aggregated batch: +100 messages, total=7000, unique_authors=50
WARNING  chatfilter.analyzer.metrics:metrics.py:55 Clock skew detected: 108000 seconds (ahead). This may affect time-based calculations.
DEBUG    chatfilter.analyzer.metrics:metrics.py:233 Aggregated batch: +100 messages, total=7100, unique_authors=50
WARNING  chatfilter.analyzer.metrics:metrics.py:55 Clock skew detected: 104400 seconds (ahead). This may affect time-based calculations.
DEBUG    chatfilter.analyzer.metrics:metrics.py:233 Aggregated batch: +100 messages, total=7200, unique_authors=50
WARNING  chatfilter.analyzer.metrics:metrics.py:55 Clock skew detected: 100800 seconds (ahead). This may affect time-based calculations.
DEBUG    chatfilter.analyzer.metrics:metrics.py:233 Aggregated batch: +100 messages, total=7300, unique_authors=50
WARNING  chatfilter.analyzer.metrics:metrics.py:55 Clock skew detected: 97200 seconds (ahead). This may affect time-based calculations.
DEBUG    chatfilter.analyzer.metrics:metrics.py:233 Aggregated batch: +100 messages, total=7400, unique_authors=50
WARNING  chatfilter.analyzer.metrics:metrics.py:55 Clock skew detected: 93600 seconds (ahead). This may affect time-based calculations.
DEBUG    chatfilter.analyzer.metrics:metrics.py:233 Aggregated batch: +100 messages, total=7500, unique_authors=50
WARNING  chatfilter.analyzer.metrics:metrics.py:55 Clock skew detected: 90000 seconds (ahead). This may affect time-based calculations.
DEBUG    chatfilter.analyzer.metrics:metrics.py:233 Aggregated batch: +100 messages, total=7600, unique_authors=50
WARNING  chatfilter.analyzer.metrics:metrics.py:55 Clock skew detected: 86400 seconds (ahead). This may affect time-based calculations.
DEBUG    chatfilter.analyzer.metrics:metrics.py:233 Aggregated batch: +100 messages, total=7700, unique_authors=50
WARNING  chatfilter.analyzer.metrics:metrics.py:55 Clock skew detected: 82800 seconds (ahead). This may affect time-based calculations.
DEBUG    chatfilter.analyzer.metrics:metrics.py:233 Aggregated batch: +100 messages, total=7800, unique_authors=50
WARNING  chatfilter.analyzer.metrics:metrics.py:55 Clock skew detected: 79200 seconds (ahead). This may affect time-based calculations.
DEBUG    chatfilter.analyzer.metrics:metrics.py:233 Aggregated batch: +100 messages, total=7900, unique_authors=50
WARNING  chatfilter.analyzer.metrics:metrics.py:55 Clock skew detected: 75600 seconds (ahead). This may affect time-based calculations.
DEBUG    chatfilter.analyzer.metrics:metrics.py:233 Aggregated batch: +100 messages, total=8000, unique_authors=50
WARNING  chatfilter.analyzer.metrics:metrics.py:55 Clock skew detected: 72000 seconds (ahead). This may affect time-based calculations.
DEBUG    chatfilter.analyzer.metrics:metrics.py:233 Aggregated batch: +100 messages, total=8100, unique_authors=50
WARNING  chatfilter.analyzer.metrics:metrics.py:55 Clock skew detected: 68400 seconds (ahead). This may affect time-based calculations.
DEBUG    chatfilter.analyzer.metrics:metrics.py:233 Aggregated batch: +100 messages, total=8200, unique_authors=50
WARNING  chatfilter.analyzer.metrics:metrics.py:55 Clock skew detected: 64800 seconds (ahead). This may affect time-based calculations.
DEBUG    chatfilter.analyzer.metrics:metrics.py:233 Aggregated batch: +100 messages, total=8300, unique_authors=50
WARNING  chatfilter.analyzer.metrics:metrics.py:55 Clock skew detected: 61200 seconds (ahead). This may affect time-based calculations.
DEBUG    chatfilter.analyzer.metrics:metrics.py:233 Aggregated batch: +100 messages, total=8400, unique_authors=50
WARNING  chatfilter.analyzer.metrics:metrics.py:55 Clock skew detected: 57600 seconds (ahead). This may affect time-based calculations.
DEBUG    chatfilter.analyzer.metrics:metrics.py:233 Aggregated batch: +100 messages, total=8500, unique_authors=50
WARNING  chatfilter.analyzer.metrics:metrics.py:55 Clock skew detected: 54000 seconds (ahead). This may affect time-based calculations.
DEBUG    chatfilter.analyzer.metrics:metrics.py:233 Aggregated batch: +100 messages, total=8600, unique_authors=50
WARNING  chatfilter.analyzer.metrics:metrics.py:55 Clock skew detected: 50400 seconds (ahead). This may affect time-based calculations.
DEBUG    chatfilter.analyzer.metrics:metrics.py:233 Aggregated batch: +100 messages, total=8700, unique_authors=50
WARNING  chatfilter.analyzer.metrics:metrics.py:55 Clock skew detected: 46800 seconds (ahead). This may affect time-based calculations.
DEBUG    chatfilter.analyzer.metrics:metrics.py:233 Aggregated batch: +100 messages, total=8800, unique_authors=50
WARNING  chatfilter.analyzer.metrics:metrics.py:55 Clock skew detected: 43200 seconds (ahead). This may affect time-based calculations.
DEBUG    chatfilter.analyzer.metrics:metrics.py:233 Aggregated batch: +100 messages, total=8900, unique_authors=50
WARNING  chatfilter.analyzer.metrics:metrics.py:55 Clock skew detected: 39600 seconds (ahead). This may affect time-based calculations.
DEBUG    chatfilter.analyzer.metrics:metrics.py:233 Aggregated batch: +100 messages, total=9000, unique_authors=50
WARNING  chatfilter.analyzer.metrics:metrics.py:55 Clock skew detected: 36000 seconds (ahead). This may affect time-based calculations.
DEBUG    chatfilter.analyzer.metrics:metrics.py:233 Aggregated batch: +100 messages, total=9100, unique_authors=50
WARNING  chatfilter.analyzer.metrics:metrics.py:55 Clock skew detected: 32400 seconds (ahead). This may affect time-based calculations.
DEBUG    chatfilter.analyzer.metrics:metrics.py:233 Aggregated batch: +100 messages, total=9200, unique_authors=50
WARNING  chatfilter.analyzer.metrics:metrics.py:55 Clock skew detected: 28800 seconds (ahead). This may affect time-based calculations.
DEBUG    chatfilter.analyzer.metrics:metrics.py:233 Aggregated batch: +100 messages, total=9300, unique_authors=50
WARNING  chatfilter.analyzer.metrics:metrics.py:55 Clock skew detected: 25200 seconds (ahead). This may affect time-based calculations.
DEBUG    chatfilter.analyzer.metrics:metrics.py:233 Aggregated batch: +100 messages, total=9400, unique_authors=50
WARNING  chatfilter.analyzer.metrics:metrics.py:55 Clock skew detected: 21600 seconds (ahead). This may affect time-based calculations.
DEBUG    chatfilter.analyzer.metrics:metrics.py:233 Aggregated batch: +100 messages, total=9500, unique_authors=50
WARNING  chatfilter.analyzer.metrics:metrics.py:55 Clock skew detected: 18000 seconds (ahead). This may affect time-based calculations.
DEBUG    chatfilter.analyzer.metrics:metrics.py:233 Aggregated batch: +100 messages, total=9600, unique_authors=50
WARNING  chatfilter.analyzer.metrics:metrics.py:55 Clock skew detected: 14400 seconds (ahead). This may affect time-based calculations.
DEBUG    chatfilter.analyzer.metrics:metrics.py:233 Aggregated batch: +100 messages, total=9700, unique_authors=50
WARNING  chatfilter.analyzer.metrics:metrics.py:55 Clock skew detected: 10800 seconds (ahead). This may affect time-based calculations.
DEBUG    chatfilter.analyzer.metrics:metrics.py:233 Aggregated batch: +100 messages, total=9800, unique_authors=50
WARNING  chatfilter.analyzer.metrics:metrics.py:55 Clock skew detected: 7200 seconds (ahead). This may affect time-based calculations.
DEBUG    chatfilter.analyzer.metrics:metrics.py:233 Aggregated batch: +100 messages, total=9900, unique_authors=50
WARNING  chatfilter.analyzer.metrics:metrics.py:55 Clock skew detected: 3600 seconds (ahead). This may affect time-based calculations.
DEBUG    chatfilter.analyzer.metrics:metrics.py:233 Aggregated batch: +100 messages, total=10000, unique_authors=50
WARNING  chatfilter.analyzer.metrics:metrics.py:55 Clock skew detected: 1800 seconds (ahead). This may affect time-based calculations.
WARNING  chatfilter.analyzer.metrics:metrics.py:55 Clock skew detected: 55800 seconds (ahead). This may affect time-based calculations.
DEBUG    chatfilter.analyzer.metrics:metrics.py:233 Aggregated batch: +10 messages, total=10, unique_authors=10
WARNING  chatfilter.analyzer.metrics:metrics.py:55 Clock skew detected: 37800 seconds (ahead). This may affect time-based calculations.
DEBUG    chatfilter.analyzer.metrics:metrics.py:233 Aggregated batch: +10 messages, total=20, unique_authors=10
WARNING  chatfilter.analyzer.metrics:metrics.py:55 Clock skew detected: 19800 seconds (ahead). This may affect time-based calculations.
DEBUG    chatfilter.analyzer.metrics:metrics.py:233 Aggregated batch: +10 messages, total=30, unique_authors=10
WARNING  chatfilter.analyzer.metrics:metrics.py:55 Clock skew detected: 1800 seconds (ahead). This may affect time-based calculations.
DEBUG    chatfilter.analyzer.metrics:metrics.py:233 Aggregated batch: +10 messages, total=40, unique_authors=10
DEBUG    chatfilter.analyzer.metrics:metrics.py:233 Aggregated batch: +100 messages, total=100, unique_authors=100
DEBUG    chatfilter.analyzer.metrics:metrics.py:233 Aggregated batch: +1 messages, total=1, unique_authors=1
DEBUG    chatfilter.analyzer.metrics:metrics.py:233 Aggregated batch: +2 messages, total=3, unique_authors=2
DEBUG    asyncio:selector_events.py:64 Using selector: KqueueSelector
DEBUG    asyncio:selector_events.py:64 Using selector: KqueueSelector
INFO     chatfilter.service.chat_analysis:chat_analysis.py:235 Validated 3 chat IDs for session 'test_session': 3 valid, 0 invalid/stale
DEBUG    asyncio:selector_events.py:64 Using selector: KqueueSelector
INFO     chatfilter.service.chat_analysis:chat_analysis.py:235 Validated 4 chat IDs for session 'test_session': 2 valid, 2 invalid/stale
DEBUG    asyncio:selector_events.py:64 Using selector: KqueueSelector
INFO     chatfilter.service.chat_analysis:chat_analysis.py:235 Validated 3 chat IDs for session 'test_session': 0 valid, 3 invalid/stale
DEBUG    asyncio:selector_events.py:64 Using selector: KqueueSelector
INFO     chatfilter.service.chat_analysis:chat_analysis.py:235 Validated 2 chat IDs for session 'test_session': 1 valid, 1 invalid/stale
DEBUG    asyncio:selector_events.py:64 Using selector: KqueueSelector
INFO     chatfilter.service.chat_analysis:chat_analysis.py:235 Validated 0 chat IDs for session 'test_session': 0 valid, 0 invalid/stale
INFO     chatfilter.web.exception_handlers:exception_handlers.py:221 Registered custom exception handlers (including network error handlers)
DEBUG    asyncio:selector_events.py:64 Using selector: KqueueSelector
DEBUG    chatfilter.web.session:session.py:98 Created new session: lbzTnyuG...
INFO     chatfilter.web.middleware:middleware.py:92 Request started
DEBUG    chatfilter.web.csrf:csrf.py:61 Generated new CSRF token for session lbzTnyuG...
INFO     chatfilter.web.middleware:middleware.py:108 Request completed
INFO     httpx:_client.py:1025 HTTP Request: GET http://testserver/chats "HTTP/1.1 200 OK"
INFO     chatfilter.web.exception_handlers:exception_handlers.py:221 Registered custom exception handlers (including network error handlers)
DEBUG    asyncio:selector_events.py:64 Using selector: KqueueSelector
DEBUG    chatfilter.web.session:session.py:98 Created new session: GuU-v_ux...
INFO     chatfilter.web.middleware:middleware.py:92 Request started
INFO     chatfilter.web.middleware:middleware.py:108 Request completed
INFO     httpx:_client.py:1025 HTTP Request: GET http://testserver/api/chats?session-select= "HTTP/1.1 200 OK"
INFO     chatfilter.web.exception_handlers:exception_handlers.py:221 Registered custom exception handlers (including network error handlers)
DEBUG    asyncio:selector_events.py:64 Using selector: KqueueSelector
DEBUG    chatfilter.web.session:session.py:98 Created new session: ruRnsAF9...
INFO     chatfilter.web.middleware:middleware.py:92 Request started
WARNING  chatfilter.web.exception_handlers:exception_handlers.py:46 HTTP 404 error: Session 'nonexistent' not found (request_id=1af2d4d5-6781-45a6-8b75-6bdedafecb09, path=/api/chats)
INFO     chatfilter.web.middleware:middleware.py:108 Request completed
INFO     httpx:_client.py:1025 HTTP Request: GET http://testserver/api/chats?session-select=nonexistent "HTTP/1.1 404 Not Found"
INFO     chatfilter.web.exception_handlers:exception_handlers.py:221 Registered custom exception handlers (including network error handlers)
DEBUG    asyncio:selector_events.py:64 Using selector: KqueueSelector
DEBUG    chatfilter.web.session:session.py:98 Created new session: w8QYVlr4...
INFO     chatfilter.web.middleware:middleware.py:92 Request started
INFO     chatfilter.web.middleware:middleware.py:108 Request completed
INFO     httpx:_client.py:1025 HTTP Request: GET http://testserver/api/chats?session-select=test_session "HTTP/1.1 200 OK"
INFO     chatfilter.web.exception_handlers:exception_handlers.py:221 Registered custom exception handlers (including network error handlers)
DEBUG    asyncio:selector_events.py:64 Using selector: KqueueSelector
DEBUG    chatfilter.web.session:session.py:98 Created new session: dkfQNj0V...
INFO     chatfilter.web.middleware:middleware.py:92 Request started
INFO     chatfilter.web.middleware:middleware.py:108 Request completed
INFO     httpx:_client.py:1025 HTTP Request: GET http://testserver/api/chats?session-select=test_session&offset=150&limit=50 "HTTP/1.1 200 OK"
INFO     chatfilter.web.exception_handlers:exception_handlers.py:221 Registered custom exception handlers (including network error handlers)
DEBUG    asyncio:selector_events.py:64 Using selector: KqueueSelector
DEBUG    chatfilter.web.session:session.py:98 Created new session: JfWGzbX4...
INFO     chatfilter.web.middleware:middleware.py:92 Request started
INFO     chatfilter.web.middleware:middleware.py:108 Request completed
INFO     httpx:_client.py:1025 HTTP Request: GET http://testserver/api/chats?session-select=test_session&offset=80&limit=100 "HTTP/1.1 200 OK"
INFO     chatfilter.web.exception_handlers:exception_handlers.py:221 Registered custom exception handlers (including network error handlers)
DEBUG    asyncio:selector_events.py:64 Using selector: KqueueSelector
DEBUG    chatfilter.web.session:session.py:98 Created new session: SYiiwMv4...
INFO     chatfilter.web.middleware:middleware.py:92 Request started
INFO     chatfilter.web.middleware:middleware.py:108 Request completed
INFO     httpx:_client.py:1025 HTTP Request: GET http://testserver/api/chats/json?session-select= "HTTP/1.1 200 OK"
INFO     chatfilter.web.exception_handlers:exception_handlers.py:221 Registered custom exception handlers (including network error handlers)
DEBUG    asyncio:selector_events.py:64 Using selector: KqueueSelector
DEBUG    chatfilter.web.session:session.py:98 Created new session: kJLLA5NP...
INFO     chatfilter.web.middleware:middleware.py:92 Request started
WARNING  chatfilter.web.exception_handlers:exception_handlers.py:46 HTTP 404 error: Session 'nonexistent' not found (request_id=ac6e94bc-bb3d-4e70-b22a-ec4a6c8c7bbb, path=/api/chats/json)
INFO     chatfilter.web.middleware:middleware.py:108 Request completed
INFO     httpx:_client.py:1025 HTTP Request: GET http://testserver/api/chats/json?session-select=nonexistent "HTTP/1.1 404 Not Found"
INFO     chatfilter.web.exception_handlers:exception_handlers.py:221 Registered custom exception handlers (including network error handlers)
DEBUG    asyncio:selector_events.py:64 Using selector: KqueueSelector
DEBUG    chatfilter.web.session:session.py:98 Created new session: dBV3QJCu...
INFO     chatfilter.web.middleware:middleware.py:92 Request started
INFO     chatfilter.web.middleware:middleware.py:108 Request completed
INFO     httpx:_client.py:1025 HTTP Request: GET http://testserver/api/chats/json?session-select=test_session "HTTP/1.1 200 OK"
DEBUG    chatfilter.utils.cleanup:cleanup.py:87 Removed orphaned temp file: .file1.tmp
DEBUG    chatfilter.utils.cleanup:cleanup.py:87 Removed orphaned temp file: .file2.tmp
DEBUG    chatfilter.utils.cleanup:cleanup.py:87 Removed orphaned temp file: .root.tmp
DEBUG    chatfilter.utils.cleanup:cleanup.py:87 Removed orphaned temp file: .nested.tmp
DEBUG    chatfilter.utils.cleanup:cleanup.py:87 Removed orphaned temp file: .file.tmp
DEBUG    chatfilter.utils.cleanup:cleanup.py:137 Removed orphaned journal file: tasks.db-journal
DEBUG    chatfilter.utils.cleanup:cleanup.py:137 Removed orphaned journal file: tasks.db-wal
DEBUG    chatfilter.utils.cleanup:cleanup.py:137 Removed orphaned journal file: tasks.db-shm
DEBUG    chatfilter.utils.cleanup:cleanup.py:137 Removed orphaned journal file: tasks.db-journal
DEBUG    chatfilter.utils.cleanup:cleanup.py:137 Removed orphaned journal file: test.db-journal
DEBUG    chatfilter.utils.cleanup:cleanup.py:137 Removed orphaned journal file: test.db-wal
INFO     chatfilter.utils.cleanup:cleanup.py:211 Starting orphaned resource cleanup (SIGKILL recovery)
DEBUG    chatfilter.utils.cleanup:cleanup.py:87 Removed orphaned temp file: .temp1.tmp
DEBUG    chatfilter.utils.cleanup:cleanup.py:87 Removed orphaned temp file: .temp2.tmp
INFO     chatfilter.utils.cleanup:cleanup.py:217 ✓ Cleaned 2 orphaned temp file(s)
DEBUG    chatfilter.utils.cleanup:cleanup.py:137 Removed orphaned journal file: tasks.db-journal
DEBUG    chatfilter.utils.cleanup:cleanup.py:137 Removed orphaned journal file: tasks.db-wal
INFO     chatfilter.utils.cleanup:cleanup.py:227 ✓ Cleaned 2 orphaned database journal file(s)
INFO     chatfilter.utils.cleanup:cleanup.py:248 Cleanup complete: 4 total items cleaned (temp=2, journals=2, sessions=0)
INFO     chatfilter.utils.cleanup:cleanup.py:211 Starting orphaned resource cleanup (SIGKILL recovery)
DEBUG    chatfilter.utils.cleanup:cleanup.py:254 Cleanup complete: no orphaned resources found
INFO     chatfilter.utils.cleanup:cleanup.py:211 Starting orphaned resource cleanup (SIGKILL recovery)
DEBUG    chatfilter.utils.cleanup:cleanup.py:87 Removed orphaned temp file: .temp.tmp
INFO     chatfilter.utils.cleanup:cleanup.py:217 ✓ Cleaned 1 orphaned temp file(s)
INFO     chatfilter.utils.cleanup:cleanup.py:248 Cleanup complete: 1 total items cleaned (temp=1, journals=0, sessions=0)
INFO     chatfilter.utils.cleanup:cleanup.py:211 Starting orphaned resource cleanup (SIGKILL recovery)
DEBUG    chatfilter.utils.cleanup:cleanup.py:137 Removed orphaned journal file: custom.db-journal
INFO     chatfilter.utils.cleanup:cleanup.py:227 ✓ Cleaned 1 orphaned database journal file(s)
INFO     chatfilter.utils.cleanup:cleanup.py:248 Cleanup complete: 1 total items cleaned (temp=0, journals=1, sessions=0)
DEBUG    asyncio:selector_events.py:64 Using selector: KqueueSelector
DEBUG    chatfilter.utils.disk:disk.py:125 Disk space check passed: required=104858624, available=1008453005312, path=/private/var/folders/72/bhyql_kd6vn0l_zphrnqb1sc0000gn/T/pytest-of-m/pytest-171/test_ensure_space_available_su0/test.txt
WARNING  chatfilter.utils.disk:disk.py:119 Insufficient disk space: required=314572800, available=52428800, path=/private/var/folders/72/bhyql_kd6vn0l_zphrnqb1sc0000gn/T/pytest-of-m/pytest-171/test_ensure_space_available_in0/test.txt
DEBUG    chatfilter.utils.disk:disk.py:125 Disk space check passed: required=157286400, available=157286400, path=/private/var/folders/72/bhyql_kd6vn0l_zphrnqb1sc0000gn/T/pytest-of-m/pytest-171/test_ensure_space_available_wi0/test.txt
WARNING  chatfilter.utils.disk:disk.py:119 Insufficient disk space: required=262144000, available=157286400, path=/private/var/folders/72/bhyql_kd6vn0l_zphrnqb1sc0000gn/T/pytest-of-m/pytest-171/test_ensure_space_available_wi0/test.txt
DEBUG    chatfilter.utils.disk:disk.py:125 Disk space check passed: required=104870600, available=1008452984832, path=/private/var/folders/72/bhyql_kd6vn0l_zphrnqb1sc0000gn/T/pytest-of-m/pytest-171/test_ensure_space_available_wi1/integration.txt
DEBUG    chatfilter.utils.disk:disk.py:125 Disk space check passed: required=105047600, available=1008452960256, path=/private/var/folders/72/bhyql_kd6vn0l_zphrnqb1sc0000gn/T/pytest-of-m/pytest-171/test_ensure_space_available_cs0/results.csv
DEBUG    chatfilter.utils.disk:disk.py:125 Disk space check passed: required=104862736, available=1008452763648, path=/private/var/folders/72/bhyql_kd6vn0l_zphrnqb1sc0000gn/T/pytest-of-m/pytest-171/test_ensure_space_available_se0/session.session
ERROR    chatfilter.utils.disk:disk.py:67 Failed to get disk space for /tmp/test: Permission denied
INFO     chatfilter.web.exception_handlers:exception_handlers.py:221 Registered custom exception handlers (including network error handlers)
DEBUG    asyncio:selector_events.py:64 Using selector: KqueueSelector
DEBUG    chatfilter.web.session:session.py:98 Created new session: cxrNzf7z...
INFO     chatfilter.web.middleware:middleware.py:92 Request started
DEBUG    chatfilter.web.middleware:middleware.py:378 CSRF check skipped for exempt path: /api/export/csv
INFO     chatfilter.web.middleware:middleware.py:108 Request completed
INFO     httpx:_client.py:1025 HTTP Request: POST http://testserver/api/export/csv?filename=test_results.csv "HTTP/1.1 200 OK"
INFO     chatfilter.web.exception_handlers:exception_handlers.py:221 Registered custom exception handlers (including network error handlers)
DEBUG    asyncio:selector_events.py:64 Using selector: KqueueSelector
DEBUG    chatfilter.web.session:session.py:98 Created new session: KJ9hf3oh...
INFO     chatfilter.web.middleware:middleware.py:92 Request started
DEBUG    chatfilter.web.csrf:csrf.py:61 Generated new CSRF token for session KJ9hf3oh...
INFO     chatfilter.web.middleware:middleware.py:108 Request completed
INFO     httpx:_client.py:1025 HTTP Request: GET http://testserver/ "HTTP/1.1 200 OK"
DEBUG    asyncio:selector_events.py:64 Using selector: KqueueSelector
INFO     chatfilter.web.middleware:middleware.py:92 Request started
DEBUG    chatfilter.web.middleware:middleware.py:435 CSRF token validated for POST /api/sessions/upload
DEBUG    python_multipart.multipart:multipart.py:628 Calling on_part_begin with no data
DEBUG    python_multipart.multipart:multipart.py:625 Calling on_header_field with data[36:55]
DEBUG    python_multipart.multipart:multipart.py:625 Calling on_header_value with data[57:87]
DEBUG    python_multipart.multipart:multipart.py:628 Calling on_header_end with no data
DEBUG    python_multipart.multipart:multipart.py:628 Calling on_headers_finished with no data
DEBUG    python_multipart.multipart:multipart.py:625 Calling on_part_data with data[91:106]
DEBUG    python_multipart.multipart:multipart.py:628 Calling on_part_end with no data
DEBUG    python_multipart.multipart:multipart.py:628 Calling on_part_begin with no data
DEBUG    python_multipart.multipart:multipart.py:625 Calling on_header_field with data[144:163]
DEBUG    python_multipart.multipart:multipart.py:625 Calling on_header_value with data[165:223]
DEBUG    python_multipart.multipart:multipart.py:628 Calling on_header_end with no data
DEBUG    python_multipart.multipart:multipart.py:625 Calling on_header_field with data[225:237]
DEBUG    python_multipart.multipart:multipart.py:625 Calling on_header_value with data[239:263]
DEBUG    python_multipart.multipart:multipart.py:628 Calling on_header_end with no data
DEBUG    python_multipart.multipart:multipart.py:628 Calling on_headers_finished with no data
DEBUG    python_multipart.multipart:multipart.py:625 Calling on_part_data with data[267:298]
DEBUG    python_multipart.multipart:multipart.py:628 Calling on_part_end with no data
DEBUG    python_multipart.multipart:multipart.py:628 Calling on_part_begin with no data
DEBUG    python_multipart.multipart:multipart.py:625 Calling on_header_field with data[336:355]
DEBUG    python_multipart.multipart:multipart.py:625 Calling on_header_value with data[357:410]
DEBUG    python_multipart.multipart:multipart.py:628 Calling on_header_end with no data
DEBUG    python_multipart.multipart:multipart.py:625 Calling on_header_field with data[412:424]
DEBUG    python_multipart.multipart:multipart.py:625 Calling on_header_value with data[426:442]
DEBUG    python_multipart.multipart:multipart.py:628 Calling on_header_end with no data
DEBUG    python_multipart.multipart:multipart.py:628 Calling on_headers_finished with no data
DEBUG    python_multipart.multipart:multipart.py:625 Calling on_part_data with data[446:494]
DEBUG    python_multipart.multipart:multipart.py:628 Calling on_part_end with no data
DEBUG    python_multipart.multipart:multipart.py:628 Calling on_end with no data
INFO     chatfilter.web.middleware:middleware.py:108 Request completed
INFO     httpx:_client.py:1025 HTTP Request: POST http://testserver/api/sessions/upload "HTTP/1.1 200 OK"
INFO     chatfilter.web.exception_handlers:exception_handlers.py:221 Registered custom exception handlers (including network error handlers)
DEBUG    asyncio:selector_events.py:64 Using selector: KqueueSelector
DEBUG    chatfilter.web.session:session.py:98 Created new session: OXIKZk5o...
INFO     chatfilter.web.middleware:middleware.py:92 Request started
DEBUG    chatfilter.web.middleware:middleware.py:378 CSRF check skipped for exempt path: /api/export/csv
INFO     chatfilter.web.middleware:middleware.py:108 Request completed
INFO     httpx:_client.py:1025 HTTP Request: POST http://testserver/api/export/csv?filename=empty.csv "HTTP/1.1 200 OK"
INFO     chatfilter.web.exception_handlers:exception_handlers.py:221 Registered custom exception handlers (including network error handlers)
DEBUG    asyncio:selector_events.py:64 Using selector: KqueueSelector
DEBUG    chatfilter.web.session:session.py:98 Created new session: wDJvKV5G...
INFO     chatfilter.web.middleware:middleware.py:92 Request started
DEBUG    chatfilter.web.middleware:middleware.py:378 CSRF check skipped for exempt path: /api/export/csv
INFO     chatfilter.web.middleware:middleware.py:108 Request completed
INFO     httpx:_client.py:1025 HTTP Request: POST http://testserver/api/export/csv?filename=unicode.csv "HTTP/1.1 200 OK"
INFO     chatfilter.web.exception_handlers:exception_handlers.py:221 Registered custom exception handlers (including network error handlers)
DEBUG    asyncio:selector_events.py:64 Using selector: KqueueSelector
DEBUG    chatfilter.web.session:session.py:98 Created new session: oLWRMw0Q...
INFO     chatfilter.web.middleware:middleware.py:92 Request started
DEBUG    chatfilter.web.middleware:middleware.py:378 CSRF check skipped for exempt path: /api/export/csv
INFO     chatfilter.web.middleware:middleware.py:108 Request completed
INFO     httpx:_client.py:1025 HTTP Request: POST http://testserver/api/export/csv "HTTP/1.1 200 OK"
DEBUG    chatfilter.utils.disk:disk.py:125 Disk space check passed: required=104857915, available=1008452734976, path=/private/var/folders/72/bhyql_kd6vn0l_zphrnqb1sc0000gn/T/pytest-of-m/pytest-171/test_writes_to_file0/results.csv
DEBUG    chatfilter.storage.file:file.py:263 Saved 315 bytes to /private/var/folders/72/bhyql_kd6vn0l_zphrnqb1sc0000gn/T/pytest-of-m/pytest-171/test_writes_to_file0/results.csv
DEBUG    chatfilter.utils.disk:disk.py:125 Disk space check passed: required=104857915, available=1008452730880, path=/private/var/folders/72/bhyql_kd6vn0l_zphrnqb1sc0000gn/T/pytest-of-m/pytest-171/test_file_has_bom0/results.csv
DEBUG    chatfilter.storage.file:file.py:263 Saved 315 bytes to /private/var/folders/72/bhyql_kd6vn0l_zphrnqb1sc0000gn/T/pytest-of-m/pytest-171/test_file_has_bom0/results.csv
DEBUG    chatfilter.storage.file:file.py:263 Saved 59 bytes to /private/var/folders/72/bhyql_kd6vn0l_zphrnqb1sc0000gn/T/pytest-of-m/pytest-171/test_first_run_detection0/.initialized
DEBUG    chatfilter.storage.file:file.py:263 Saved 59 bytes to /private/var/folders/72/bhyql_kd6vn0l_zphrnqb1sc0000gn/T/pytest-of-m/pytest-171/test_first_run_marker_content0/.initialized
WARNING  chatfilter.telegram.client:client.py:130 Loading credentials from plaintext JSON (DEPRECATED). Consider migrating to secure storage for better security.
WARNING  chatfilter.telegram.client:client.py:130 Loading credentials from plaintext JSON (DEPRECATED). Consider migrating to secure storage for better security.
WARNING  chatfilter.telegram.client:client.py:130 Loading credentials from plaintext JSON (DEPRECATED). Consider migrating to secure storage for better security.
WARNING  chatfilter.telegram.client:client.py:130 Loading credentials from plaintext JSON (DEPRECATED). Consider migrating to secure storage for better security.
WARNING  chatfilter.telegram.client:client.py:130 Loading credentials from plaintext JSON (DEPRECATED). Consider migrating to secure storage for better security.
WARNING  chatfilter.telegram.client:client.py:130 Loading credentials from plaintext JSON (DEPRECATED). Consider migrating to secure storage for better security.
WARNING  chatfilter.telegram.client:client.py:130 Loading credentials from plaintext JSON (DEPRECATED). Consider migrating to secure storage for better security.
WARNING  chatfilter.telegram.client:client.py:130 Loading credentials from plaintext JSON (DEPRECATED). Consider migrating to secure storage for better security.
WARNING  chatfilter.telegram.client:client.py:130 Loading credentials from plaintext JSON (DEPRECATED). Consider migrating to secure storage for better security.
WARNING  chatfilter.telegram.client:client.py:130 Loading credentials from plaintext JSON (DEPRECATED). Consider migrating to secure storage for better security.
WARNING  chatfilter.telegram.client:client.py:130 Loading credentials from plaintext JSON (DEPRECATED). Consider migrating to secure storage for better security.
WARNING  chatfilter.telegram.client:client.py:130 Loading credentials from plaintext JSON (DEPRECATED). Consider migrating to secure storage for better security.
WARNING  chatfilter.telegram.client:client.py:130 Loading credentials from plaintext JSON (DEPRECATED). Consider migrating to secure storage for better security.
WARNING  chatfilter.telegram.client:client.py:130 Loading credentials from plaintext JSON (DEPRECATED). Consider migrating to secure storage for better security.
WARNING  chatfilter.telegram.client:client.py:130 Loading credentials from plaintext JSON (DEPRECATED). Consider migrating to secure storage for better security.
WARNING  chatfilter.telegram.client:client.py:130 Loading credentials from plaintext JSON (DEPRECATED). Consider migrating to secure storage for better security.
WARNING  chatfilter.telegram.client:client.py:130 Loading credentials from plaintext JSON (DEPRECATED). Consider migrating to secure storage for better security.
WARNING  chatfilter.telegram.client:client.py:130 Loading credentials from plaintext JSON (DEPRECATED). Consider migrating to secure storage for better security.
WARNING  chatfilter.telegram.client:client.py:130 Loading credentials from plaintext JSON (DEPRECATED). Consider migrating to secure storage for better security.
WARNING  chatfilter.telegram.client:client.py:130 Loading credentials from plaintext JSON (DEPRECATED). Consider migrating to secure storage for better security.
WARNING  chatfilter.telegram.client:client.py:130 Loading credentials from plaintext JSON (DEPRECATED). Consider migrating to secure storage for better security.
WARNING  chatfilter.telegram.client:client.py:130 Loading credentials from plaintext JSON (DEPRECATED). Consider migrating to secure storage for better security.
WARNING  chatfilter.telegram.client:client.py:130 Loading credentials from plaintext JSON (DEPRECATED). Consider migrating to secure storage for better security.
WARNING  chatfilter.telegram.client:client.py:130 Loading credentials from plaintext JSON (DEPRECATED). Consider migrating to secure storage for better security.
WARNING  chatfilter.telegram.client:client.py:130 Loading credentials from plaintext JSON (DEPRECATED). Consider migrating to secure storage for better security.
WARNING  chatfilter.telegram.client:client.py:130 Loading credentials from plaintext JSON (DEPRECATED). Consider migrating to secure storage for better security.
WARNING  chatfilter.telegram.client:client.py:130 Loading credentials from plaintext JSON (DEPRECATED). Consider migrating to secure storage for better security.
WARNING  chatfilter.telegram.client:client.py:130 Loading credentials from plaintext JSON (DEPRECATED). Consider migrating to secure storage for better security.
WARNING  chatfilter.telegram.client:client.py:130 Loading credentials from plaintext JSON (DEPRECATED). Consider migrating to secure storage for better security.
WARNING  chatfilter.telegram.client:client.py:130 Loading credentials from plaintext JSON (DEPRECATED). Consider migrating to secure storage for better security.
WARNING  chatfilter.telegram.client:client.py:130 Loading credentials from plaintext JSON (DEPRECATED). Consider migrating to secure storage for better security.
WARNING  chatfilter.telegram.client:client.py:130 Loading credentials from plaintext JSON (DEPRECATED). Consider migrating to secure storage for better security.
WARNING  chatfilter.telegram.client:client.py:130 Loading credentials from plaintext JSON (DEPRECATED). Consider migrating to secure storage for better security.
WARNING  chatfilter.telegram.client:client.py:130 Loading credentials from plaintext JSON (DEPRECATED). Consider migrating to secure storage for better security.
WARNING  chatfilter.telegram.client:client.py:130 Loading credentials from plaintext JSON (DEPRECATED). Consider migrating to secure storage for better security.
WARNING  chatfilter.telegram.client:client.py:130 Loading credentials from plaintext JSON (DEPRECATED). Consider migrating to secure storage for better security.
WARNING  chatfilter.telegram.client:client.py:130 Loading credentials from plaintext JSON (DEPRECATED). Consider migrating to secure storage for better security.
WARNING  chatfilter.telegram.client:client.py:130 Loading credentials from plaintext JSON (DEPRECATED). Consider migrating to secure storage for better security.
WARNING  chatfilter.telegram.client:client.py:130 Loading credentials from plaintext JSON (DEPRECATED). Consider migrating to secure storage for better security.
WARNING  chatfilter.telegram.client:client.py:130 Loading credentials from plaintext JSON (DEPRECATED). Consider migrating to secure storage for better security.
WARNING  chatfilter.telegram.client:client.py:130 Loading credentials from plaintext JSON (DEPRECATED). Consider migrating to secure storage for better security.
WARNING  chatfilter.telegram.client:client.py:130 Loading credentials from plaintext JSON (DEPRECATED). Consider migrating to secure storage for better security.
WARNING  chatfilter.telegram.client:client.py:130 Loading credentials from plaintext JSON (DEPRECATED). Consider migrating to secure storage for better security.
WARNING  chatfilter.telegram.client:client.py:130 Loading credentials from plaintext JSON (DEPRECATED). Consider migrating to secure storage for better security.
WARNING  chatfilter.telegram.client:client.py:130 Loading credentials from plaintext JSON (DEPRECATED). Consider migrating to secure storage for better security.
WARNING  chatfilter.telegram.client:client.py:130 Loading credentials from plaintext JSON (DEPRECATED). Consider migrating to secure storage for better security.
WARNING  chatfilter.telegram.client:client.py:130 Loading credentials from plaintext JSON (DEPRECATED). Consider migrating to secure storage for better security.
WARNING  chatfilter.telegram.client:client.py:130 Loading credentials from plaintext JSON (DEPRECATED). Consider migrating to secure storage for better security.
WARNING  chatfilter.telegram.client:client.py:130 Loading credentials from plaintext JSON (DEPRECATED). Consider migrating to secure storage for better security.
WARNING  chatfilter.telegram.client:client.py:130 Loading credentials from plaintext JSON (DEPRECATED). Consider migrating to secure storage for better security.
WARNING  chatfilter.telegram.client:client.py:130 Loading credentials from plaintext JSON (DEPRECATED). Consider migrating to secure storage for better security.
WARNING  chatfilter.telegram.client:client.py:130 Loading credentials from plaintext JSON (DEPRECATED). Consider migrating to secure storage for better security.
WARNING  chatfilter.telegram.client:client.py:130 Loading credentials from plaintext JSON (DEPRECATED). Consider migrating to secure storage for better security.
WARNING  chatfilter.telegram.client:client.py:130 Loading credentials from plaintext JSON (DEPRECATED). Consider migrating to secure storage for better security.
WARNING  chatfilter.telegram.client:client.py:130 Loading credentials from plaintext JSON (DEPRECATED). Consider migrating to secure storage for better security.
WARNING  chatfilter.telegram.client:client.py:130 Loading credentials from plaintext JSON (DEPRECATED). Consider migrating to secure storage for better security.
WARNING  chatfilter.telegram.client:client.py:130 Loading credentials from plaintext JSON (DEPRECATED). Consider migrating to secure storage for better security.
WARNING  chatfilter.telegram.client:client.py:130 Loading credentials from plaintext JSON (DEPRECATED). Consider migrating to secure storage for better security.
WARNING  chatfilter.telegram.client:client.py:130 Loading credentials from plaintext JSON (DEPRECATED). Consider migrating to secure storage for better security.
WARNING  chatfilter.telegram.client:client.py:130 Loading credentials from plaintext JSON (DEPRECATED). Consider migrating to secure storage for better security.
WARNING  chatfilter.telegram.client:client.py:130 Loading credentials from plaintext JSON (DEPRECATED). Consider migrating to secure storage for better security.
WARNING  chatfilter.telegram.client:client.py:130 Loading credentials from plaintext JSON (DEPRECATED). Consider migrating to secure storage for better security.
WARNING  chatfilter.telegram.client:client.py:130 Loading credentials from plaintext JSON (DEPRECATED). Consider migrating to secure storage for better security.
WARNING  chatfilter.telegram.client:client.py:130 Loading credentials from plaintext JSON (DEPRECATED). Consider migrating to secure storage for better security.
WARNING  chatfilter.telegram.client:client.py:130 Loading credentials from plaintext JSON (DEPRECATED). Consider migrating to secure storage for better security.
WARNING  chatfilter.telegram.client:client.py:130 Loading credentials from plaintext JSON (DEPRECATED). Consider migrating to secure storage for better security.
WARNING  chatfilter.telegram.client:client.py:130 Loading credentials from plaintext JSON (DEPRECATED). Consider migrating to secure storage for better security.
WARNING  chatfilter.telegram.client:client.py:130 Loading credentials from plaintext JSON (DEPRECATED). Consider migrating to secure storage for better security.
WARNING  chatfilter.telegram.client:client.py:130 Loading credentials from plaintext JSON (DEPRECATED). Consider migrating to secure storage for better security.
WARNING  chatfilter.telegram.client:client.py:130 Loading credentials from plaintext JSON (DEPRECATED). Consider migrating to secure storage for better security.
WARNING  chatfilter.telegram.client:client.py:130 Loading credentials from plaintext JSON (DEPRECATED). Consider migrating to secure storage for better security.
WARNING  chatfilter.telegram.client:client.py:130 Loading credentials from plaintext JSON (DEPRECATED). Consider migrating to secure storage for better security.
WARNING  chatfilter.telegram.client:client.py:130 Loading credentials from plaintext JSON (DEPRECATED). Consider migrating to secure storage for better security.
WARNING  chatfilter.telegram.client:client.py:130 Loading credentials from plaintext JSON (DEPRECATED). Consider migrating to secure storage for better security.
WARNING  chatfilter.telegram.client:client.py:130 Loading credentials from plaintext JSON (DEPRECATED). Consider migrating to secure storage for better security.
WARNING  chatfilter.telegram.client:client.py:130 Loading credentials from plaintext JSON (DEPRECATED). Consider migrating to secure storage for better security.
WARNING  chatfilter.telegram.client:client.py:130 Loading credentials from plaintext JSON (DEPRECATED). Consider migrating to secure storage for better security.
WARNING  chatfilter.telegram.client:client.py:130 Loading credentials from plaintext JSON (DEPRECATED). Consider migrating to secure storage for better security.
WARNING  chatfilter.telegram.client:client.py:130 Loading credentials from plaintext JSON (DEPRECATED). Consider migrating to secure storage for better security.
WARNING  chatfilter.telegram.client:client.py:130 Loading credentials from plaintext JSON (DEPRECATED). Consider migrating to secure storage for better security.
WARNING  chatfilter.telegram.client:client.py:130 Loading credentials from plaintext JSON (DEPRECATED). Consider migrating to secure storage for better security.
WARNING  chatfilter.telegram.client:client.py:130 Loading credentials from plaintext JSON (DEPRECATED). Consider migrating to secure storage for better security.
WARNING  chatfilter.telegram.client:client.py:130 Loading credentials from plaintext JSON (DEPRECATED). Consider migrating to secure storage for better security.
WARNING  chatfilter.telegram.client:client.py:130 Loading credentials from plaintext JSON (DEPRECATED). Consider migrating to secure storage for better security.
WARNING  chatfilter.telegram.client:client.py:130 Loading credentials from plaintext JSON (DEPRECATED). Consider migrating to secure storage for better security.
WARNING  chatfilter.telegram.client:client.py:130 Loading credentials from plaintext JSON (DEPRECATED). Consider migrating to secure storage for better security.
WARNING  chatfilter.telegram.client:client.py:130 Loading credentials from plaintext JSON (DEPRECATED). Consider migrating to secure storage for better security.
WARNING  chatfilter.telegram.client:client.py:130 Loading credentials from plaintext JSON (DEPRECATED). Consider migrating to secure storage for better security.
WARNING  chatfilter.telegram.client:client.py:130 Loading credentials from plaintext JSON (DEPRECATED). Consider migrating to secure storage for better security.
WARNING  chatfilter.telegram.client:client.py:130 Loading credentials from plaintext JSON (DEPRECATED). Consider migrating to secure storage for better security.
WARNING  chatfilter.telegram.client:client.py:130 Loading credentials from plaintext JSON (DEPRECATED). Consider migrating to secure storage for better security.
WARNING  chatfilter.telegram.client:client.py:130 Loading credentials from plaintext JSON (DEPRECATED). Consider migrating to secure storage for better security.
WARNING  chatfilter.telegram.client:client.py:130 Loading credentials from plaintext JSON (DEPRECATED). Consider migrating to secure storage for better security.
WARNING  chatfilter.telegram.client:client.py:130 Loading credentials from plaintext JSON (DEPRECATED). Consider migrating to secure storage for better security.
WARNING  chatfilter.telegram.client:client.py:130 Loading credentials from plaintext JSON (DEPRECATED). Consider migrating to secure storage for better security.
WARNING  chatfilter.telegram.client:client.py:130 Loading credentials from plaintext JSON (DEPRECATED). Consider migrating to secure storage for better security.
WARNING  chatfilter.telegram.client:client.py:130 Loading credentials from plaintext JSON (DEPRECATED). Consider migrating to secure storage for better security.
WARNING  chatfilter.telegram.client:client.py:130 Loading credentials from plaintext JSON (DEPRECATED). Consider migrating to secure storage for better security.
WARNING  chatfilter.telegram.client:client.py:130 Loading credentials from plaintext JSON (DEPRECATED). Consider migrating to secure storage for better security.
WARNING  chatfilter.telegram.client:client.py:130 Loading credentials from plaintext JSON (DEPRECATED). Consider migrating to secure storage for better security.
WARNING  chatfilter.telegram.client:client.py:130 Loading credentials from plaintext JSON (DEPRECATED). Consider migrating to secure storage for better security.
WARNING  chatfilter.telegram.client:client.py:130 Loading credentials from plaintext JSON (DEPRECATED). Consider migrating to secure storage for better security.
WARNING  chatfilter.telegram.client:client.py:130 Loading credentials from plaintext JSON (DEPRECATED). Consider migrating to secure storage for better security.
WARNING  chatfilter.telegram.client:client.py:130 Loading credentials from plaintext JSON (DEPRECATED). Consider migrating to secure storage for better security.
WARNING  chatfilter.telegram.client:client.py:130 Loading credentials from plaintext JSON (DEPRECATED). Consider migrating to secure storage for better security.
WARNING  chatfilter.telegram.client:client.py:130 Loading credentials from plaintext JSON (DEPRECATED). Consider migrating to secure storage for better security.
WARNING  chatfilter.telegram.client:client.py:130 Loading credentials from plaintext JSON (DEPRECATED). Consider migrating to secure storage for better security.
WARNING  chatfilter.telegram.client:client.py:130 Loading credentials from plaintext JSON (DEPRECATED). Consider migrating to secure storage for better security.
WARNING  chatfilter.telegram.client:client.py:130 Loading credentials from plaintext JSON (DEPRECATED). Consider migrating to secure storage for better security.
WARNING  chatfilter.telegram.client:client.py:130 Loading credentials from plaintext JSON (DEPRECATED). Consider migrating to secure storage for better security.
WARNING  chatfilter.telegram.client:client.py:130 Loading credentials from plaintext JSON (DEPRECATED). Consider migrating to secure storage for better security.
WARNING  chatfilter.telegram.client:client.py:130 Loading credentials from plaintext JSON (DEPRECATED). Consider migrating to secure storage for better security.
WARNING  chatfilter.telegram.client:client.py:130 Loading credentials from plaintext JSON (DEPRECATED). Consider migrating to secure storage for better security.
WARNING  chatfilter.telegram.client:client.py:130 Loading credentials from plaintext JSON (DEPRECATED). Consider migrating to secure storage for better security.
WARNING  chatfilter.telegram.client:client.py:130 Loading credentials from plaintext JSON (DEPRECATED). Consider migrating to secure storage for better security.
WARNING  chatfilter.telegram.client:client.py:130 Loading credentials from plaintext JSON (DEPRECATED). Consider migrating to secure storage for better security.
WARNING  chatfilter.telegram.client:client.py:130 Loading credentials from plaintext JSON (DEPRECATED). Consider migrating to secure storage for better security.
WARNING  chatfilter.telegram.client:client.py:130 Loading credentials from plaintext JSON (DEPRECATED). Consider migrating to secure storage for better security.
WARNING  chatfilter.telegram.client:client.py:130 Loading credentials from plaintext JSON (DEPRECATED). Consider migrating to secure storage for better security.
WARNING  chatfilter.telegram.client:client.py:130 Loading credentials from plaintext JSON (DEPRECATED). Consider migrating to secure storage for better security.
WARNING  chatfilter.telegram.client:client.py:130 Loading credentials from plaintext JSON (DEPRECATED). Consider migrating to secure storage for better security.
WARNING  chatfilter.telegram.client:client.py:130 Loading credentials from plaintext JSON (DEPRECATED). Consider migrating to secure storage for better security.
WARNING  chatfilter.telegram.client:client.py:130 Loading credentials from plaintext JSON (DEPRECATED). Consider migrating to secure storage for better security.
WARNING  chatfilter.telegram.client:client.py:130 Loading credentials from plaintext JSON (DEPRECATED). Consider migrating to secure storage for better security.
WARNING  chatfilter.telegram.client:client.py:130 Loading credentials from plaintext JSON (DEPRECATED). Consider migrating to secure storage for better security.
WARNING  chatfilter.telegram.client:client.py:130 Loading credentials from plaintext JSON (DEPRECATED). Consider migrating to secure storage for better security.
WARNING  chatfilter.telegram.client:client.py:130 Loading credentials from plaintext JSON (DEPRECATED). Consider migrating to secure storage for better security.
WARNING  chatfilter.telegram.client:client.py:130 Loading credentials from plaintext JSON (DEPRECATED). Consider migrating to secure storage for better security.
WARNING  chatfilter.telegram.client:client.py:130 Loading credentials from plaintext JSON (DEPRECATED). Consider migrating to secure storage for better security.
WARNING  chatfilter.telegram.client:client.py:130 Loading credentials from plaintext JSON (DEPRECATED). Consider migrating to secure storage for better security.
WARNING  chatfilter.telegram.client:client.py:130 Loading credentials from plaintext JSON (DEPRECATED). Consider migrating to secure storage for better security.
WARNING  chatfilter.telegram.client:client.py:130 Loading credentials from plaintext JSON (DEPRECATED). Consider migrating to secure storage for better security.
WARNING  chatfilter.telegram.client:client.py:130 Loading credentials from plaintext JSON (DEPRECATED). Consider migrating to secure storage for better security.
WARNING  chatfilter.telegram.client:client.py:130 Loading credentials from plaintext JSON (DEPRECATED). Consider migrating to secure storage for better security.
WARNING  chatfilter.telegram.client:client.py:130 Loading credentials from plaintext JSON (DEPRECATED). Consider migrating to secure storage for better security.
WARNING  chatfilter.telegram.client:client.py:130 Loading credentials from plaintext JSON (DEPRECATED). Consider migrating to secure storage for better security.
WARNING  chatfilter.telegram.client:client.py:130 Loading credentials from plaintext JSON (DEPRECATED). Consider migrating to secure storage for better security.
WARNING  chatfilter.telegram.client:client.py:130 Loading credentials from plaintext JSON (DEPRECATED). Consider migrating to secure storage for better security.
WARNING  chatfilter.telegram.client:client.py:130 Loading credentials from plaintext JSON (DEPRECATED). Consider migrating to secure storage for better security.
WARNING  chatfilter.telegram.client:client.py:130 Loading credentials from plaintext JSON (DEPRECATED). Consider migrating to secure storage for better security.
WARNING  chatfilter.telegram.client:client.py:130 Loading credentials from plaintext JSON (DEPRECATED). Consider migrating to secure storage for better security.
WARNING  chatfilter.telegram.client:client.py:130 Loading credentials from plaintext JSON (DEPRECATED). Consider migrating to secure storage for better security.
WARNING  chatfilter.telegram.client:client.py:130 Loading credentials from plaintext JSON (DEPRECATED). Consider migrating to secure storage for better security.
WARNING  chatfilter.telegram.client:client.py:130 Loading credentials from plaintext JSON (DEPRECATED). Consider migrating to secure storage for better security.
WARNING  chatfilter.telegram.client:client.py:130 Loading credentials from plaintext JSON (DEPRECATED). Consider migrating to secure storage for better security.
WARNING  chatfilter.telegram.client:client.py:130 Loading credentials from plaintext JSON (DEPRECATED). Consider migrating to secure storage for better security.
WARNING  chatfilter.telegram.client:client.py:130 Loading credentials from plaintext JSON (DEPRECATED). Consider migrating to secure storage for better security.
WARNING  chatfilter.telegram.client:client.py:130 Loading credentials from plaintext JSON (DEPRECATED). Consider migrating to secure storage for better security.
WARNING  chatfilter.telegram.client:client.py:130 Loading credentials from plaintext JSON (DEPRECATED). Consider migrating to secure storage for better security.
WARNING  chatfilter.telegram.client:client.py:130 Loading credentials from plaintext JSON (DEPRECATED). Consider migrating to secure storage for better security.
WARNING  chatfilter.telegram.client:client.py:130 Loading credentials from plaintext JSON (DEPRECATED). Consider migrating to secure storage for better security.
WARNING  chatfilter.telegram.client:client.py:130 Loading credentials from plaintext JSON (DEPRECATED). Consider migrating to secure storage for better security.
WARNING  chatfilter.telegram.client:client.py:130 Loading credentials from plaintext JSON (DEPRECATED). Consider migrating to secure storage for better security.
WARNING  chatfilter.telegram.client:client.py:130 Loading credentials from plaintext JSON (DEPRECATED). Consider migrating to secure storage for better security.
WARNING  chatfilter.telegram.client:client.py:130 Loading credentials from plaintext JSON (DEPRECATED). Consider migrating to secure storage for better security.
WARNING  chatfilter.telegram.client:client.py:130 Loading credentials from plaintext JSON (DEPRECATED). Consider migrating to secure storage for better security.
WARNING  chatfilter.telegram.client:client.py:130 Loading credentials from plaintext JSON (DEPRECATED). Consider migrating to secure storage for better security.
WARNING  chatfilter.telegram.client:client.py:130 Loading credentials from plaintext JSON (DEPRECATED). Consider migrating to secure storage for better security.
WARNING  chatfilter.telegram.client:client.py:130 Loading credentials from plaintext JSON (DEPRECATED). Consider migrating to secure storage for better security.
WARNING  chatfilter.telegram.client:client.py:130 Loading credentials from plaintext JSON (DEPRECATED). Consider migrating to secure storage for better security.
WARNING  chatfilter.telegram.client:client.py:130 Loading credentials from plaintext JSON (DEPRECATED). Consider migrating to secure storage for better security.
WARNING  chatfilter.telegram.client:client.py:130 Loading credentials from plaintext JSON (DEPRECATED). Consider migrating to secure storage for better security.
WARNING  chatfilter.telegram.client:client.py:130 Loading credentials from plaintext JSON (DEPRECATED). Consider migrating to secure storage for better security.
WARNING  chatfilter.telegram.client:client.py:130 Loading credentials from plaintext JSON (DEPRECATED). Consider migrating to secure storage for better security.
WARNING  chatfilter.telegram.client:client.py:130 Loading credentials from plaintext JSON (DEPRECATED). Consider migrating to secure storage for better security.
WARNING  chatfilter.telegram.client:client.py:130 Loading credentials from plaintext JSON (DEPRECATED). Consider migrating to secure storage for better security.
WARNING  chatfilter.telegram.client:client.py:130 Loading credentials from plaintext JSON (DEPRECATED). Consider migrating to secure storage for better security.
WARNING  chatfilter.telegram.client:client.py:130 Loading credentials from plaintext JSON (DEPRECATED). Consider migrating to secure storage for better security.
WARNING  chatfilter.telegram.client:client.py:130 Loading credentials from plaintext JSON (DEPRECATED). Consider migrating to secure storage for better security.
WARNING  chatfilter.telegram.client:client.py:130 Loading credentials from plaintext JSON (DEPRECATED). Consider migrating to secure storage for better security.
WARNING  chatfilter.telegram.client:client.py:130 Loading credentials from plaintext JSON (DEPRECATED). Consider migrating to secure storage for better security.
WARNING  chatfilter.telegram.client:client.py:130 Loading credentials from plaintext JSON (DEPRECATED). Consider migrating to secure storage for better security.
WARNING  chatfilter.telegram.client:client.py:130 Loading credentials from plaintext JSON (DEPRECATED). Consider migrating to secure storage for better security.
WARNING  chatfilter.telegram.client:client.py:130 Loading credentials from plaintext JSON (DEPRECATED). Consider migrating to secure storage for better security.
WARNING  chatfilter.telegram.client:client.py:130 Loading credentials from plaintext JSON (DEPRECATED). Consider migrating to secure storage for better security.
WARNING  chatfilter.telegram.client:client.py:130 Loading credentials from plaintext JSON (DEPRECATED). Consider migrating to secure storage for better security.
WARNING  chatfilter.telegram.client:client.py:130 Loading credentials from plaintext JSON (DEPRECATED). Consider migrating to secure storage for better security.
WARNING  chatfilter.telegram.client:client.py:130 Loading credentials from plaintext JSON (DEPRECATED). Consider migrating to secure storage for better security.
WARNING  chatfilter.telegram.client:client.py:130 Loading credentials from plaintext JSON (DEPRECATED). Consider migrating to secure storage for better security.
WARNING  chatfilter.telegram.client:client.py:130 Loading credentials from plaintext JSON (DEPRECATED). Consider migrating to secure storage for better security.
WARNING  chatfilter.telegram.client:client.py:130 Loading credentials from plaintext JSON (DEPRECATED). Consider migrating to secure storage for better security.
WARNING  chatfilter.telegram.client:client.py:130 Loading credentials from plaintext JSON (DEPRECATED). Consider migrating to secure storage for better security.
WARNING  chatfilter.telegram.client:client.py:130 Loading credentials from plaintext JSON (DEPRECATED). Consider migrating to secure storage for better security.
WARNING  chatfilter.telegram.client:client.py:130 Loading credentials from plaintext JSON (DEPRECATED). Consider migrating to secure storage for better security.
WARNING  chatfilter.telegram.client:client.py:130 Loading credentials from plaintext JSON (DEPRECATED). Consider migrating to secure storage for better security.
WARNING  chatfilter.telegram.client:client.py:130 Loading credentials from plaintext JSON (DEPRECATED). Consider migrating to secure storage for better security.
WARNING  chatfilter.telegram.client:client.py:130 Loading credentials from plaintext JSON (DEPRECATED). Consider migrating to secure storage for better security.
WARNING  chatfilter.telegram.client:client.py:130 Loading credentials from plaintext JSON (DEPRECATED). Consider migrating to secure storage for better security.
WARNING  chatfilter.telegram.client:client.py:130 Loading credentials from plaintext JSON (DEPRECATED). Consider migrating to secure storage for better security.
WARNING  chatfilter.telegram.client:client.py:130 Loading credentials from plaintext JSON (DEPRECATED). Consider migrating to secure storage for better security.
WARNING  chatfilter.telegram.client:client.py:130 Loading credentials from plaintext JSON (DEPRECATED). Consider migrating to secure storage for better security.
WARNING  chatfilter.telegram.client:client.py:130 Loading credentials from plaintext JSON (DEPRECATED). Consider migrating to secure storage for better security.
WARNING  chatfilter.telegram.client:client.py:130 Loading credentials from plaintext JSON (DEPRECATED). Consider migrating to secure storage for better security.
WARNING  chatfilter.telegram.client:client.py:130 Loading credentials from plaintext JSON (DEPRECATED). Consider migrating to secure storage for better security.
WARNING  chatfilter.telegram.client:client.py:130 Loading credentials from plaintext JSON (DEPRECATED). Consider migrating to secure storage for better security.
WARNING  chatfilter.telegram.client:client.py:130 Loading credentials from plaintext JSON (DEPRECATED). Consider migrating to secure storage for better security.
WARNING  chatfilter.telegram.client:client.py:130 Loading credentials from plaintext JSON (DEPRECATED). Consider migrating to secure storage for better security.
WARNING  chatfilter.telegram.client:client.py:130 Loading credentials from plaintext JSON (DEPRECATED). Consider migrating to secure storage for better security.
WARNING  chatfilter.telegram.client:client.py:130 Loading credentials from plaintext JSON (DEPRECATED). Consider migrating to secure storage for better security.
WARNING  chatfilter.telegram.client:client.py:130 Loading credentials from plaintext JSON (DEPRECATED). Consider migrating to secure storage for better security.
WARNING  chatfilter.telegram.client:client.py:130 Loading credentials from plaintext JSON (DEPRECATED). Consider migrating to secure storage for better security.
INFO     chatfilter.web.exception_handlers:exception_handlers.py:221 Registered custom exception handlers (including network error handlers)
DEBUG    asyncio:selector_events.py:64 Using selector: KqueueSelector
INFO     chatfilter.web.app:app.py:75 ============================================================
INFO     chatfilter.web.app:app.py:76 ChatFilter v0.1.0 starting up
INFO     chatfilter.web.app:app.py:77 Python: 3.12.3, OS: Darwin 25.1.0
INFO     chatfilter.web.app:app.py:80 ============================================================
INFO     chatfilter.web.app:app.py:87 Configuration: host=127.0.0.1, port=8893
INFO     chatfilter.web.app:app.py:88 Data directory: /private/var/folders/72/bhyql_kd6vn0l_zphrnqb1sc0000gn/T/pytest-of-m/pytest-171/test_middleware_tracks_active_0
INFO     chatfilter.web.app:app.py:89 Sessions directory: /private/var/folders/72/bhyql_kd6vn0l_zphrnqb1sc0000gn/T/pytest-of-m/pytest-171/test_middleware_tracks_active_0/sessions
INFO     chatfilter.web.app:app.py:90 Exports directory: /private/var/folders/72/bhyql_kd6vn0l_zphrnqb1sc0000gn/T/pytest-of-m/pytest-171/test_middleware_tracks_active_0/exports
INFO     chatfilter.utils.cleanup:cleanup.py:211 Starting orphaned resource cleanup (SIGKILL recovery)
DEBUG    chatfilter.utils.cleanup:cleanup.py:254 Cleanup complete: no orphaned resources found
INFO     chatfilter.analyzer.task_queue:task_queue.py:281 Memory monitoring enabled (threshold: 2048.0MB)
INFO     chatfilter.analyzer.task_queue:task_queue.py:290 Task stall monitoring enabled (timeout: 600.0s)
INFO     chatfilter.web.app:app.py:116 Task database initialized at /private/var/folders/72/bhyql_kd6vn0l_zphrnqb1sc0000gn/T/pytest-of-m/pytest-171/test_middleware_tracks_active_0/tasks.db
INFO     chatfilter.telegram.session_manager:session_manager.py:527 Connection monitor started (interval=60.0s, timeout=10.0s, max_failures=3)
INFO     chatfilter.web.app:app.py:124 Telegram session manager initialized with connection monitoring
INFO     chatfilter.web.app:app.py:126 Application startup complete
DEBUG    chatfilter.telegram.session_manager:session_manager.py:643 Connection monitor loop started
DEBUG    chatfilter.web.session:session.py:98 Created new session: D5xFMfLM...
INFO     chatfilter.web.middleware:middleware.py:92 Request started
INFO     chatfilter.utils.network:network.py:269 Network check: ONLINE (took 0ms)
DEBUG    httpcore.connection:_trace.py:87 connect_tcp.started host='api.github.com' port=443 local_address=None timeout=10.0 socket_options=None
DEBUG    httpcore.connection:_trace.py:87 connect_tcp.complete return_value=<httpcore._backends.anyio.AnyIOStream object at 0x1084c37a0>
DEBUG    httpcore.connection:_trace.py:87 start_tls.started ssl_context=<ssl.SSLContext object at 0x1083e39d0> server_hostname='api.github.com' timeout=10.0
DEBUG    httpcore.connection:_trace.py:87 start_tls.complete return_value=<httpcore._backends.anyio.AnyIOStream object at 0x108655c70>
DEBUG    httpcore.http11:_trace.py:87 send_request_headers.started request=<Request [b'GET']>
DEBUG    httpcore.http11:_trace.py:87 send_request_headers.complete
DEBUG    httpcore.http11:_trace.py:87 send_request_body.started request=<Request [b'GET']>
DEBUG    httpcore.http11:_trace.py:87 send_request_body.complete
DEBUG    httpcore.http11:_trace.py:87 receive_response_headers.started request=<Request [b'GET']>
DEBUG    httpcore.http11:_trace.py:87 receive_response_headers.complete return_value=(b'HTTP/1.1', 404, b'Not Found', [(b'Date', b'Wed, 21 Jan 2026 13:14:54 GMT'), (b'Content-Type', b'application/json; charset=utf-8'), (b'X-GitHub-Media-Type', b'github.v3; format=json'), (b'x-github-api-version-selected', b'2022-11-28'), (b'Access-Control-Expose-Headers', b'ETag, Link, Location, Retry-After, X-GitHub-OTP, X-RateLimit-Limit, X-RateLimit-Remaining, X-RateLimit-Used, X-RateLimit-Resource, X-RateLimit-Reset, X-OAuth-Scopes, X-Accepted-OAuth-Scopes, X-Poll-Interval, X-GitHub-Media-Type, X-GitHub-SSO, X-GitHub-Request-Id, Deprecation, Sunset'), (b'Access-Control-Allow-Origin', b'*'), (b'Strict-Transport-Security', b'max-age=31536000; includeSubdomains; preload'), (b'X-Frame-Options', b'deny'), (b'X-Content-Type-Options', b'nosniff'), (b'X-XSS-Protection', b'0'), (b'Referrer-Policy', b'origin-when-cross-origin, strict-origin-when-cross-origin'), (b'Content-Security-Policy', b"default-src 'none'"), (b'Vary', b'Accept-Encoding, Accept, X-Requested-With'), (b'Content-Encoding', b'gzip'), (b'Server', b'github.com'), (b'X-RateLimit-Limit', b'60'), (b'X-RateLimit-Remaining', b'59'), (b'X-RateLimit-Reset', b'1769004894'), (b'X-RateLimit-Resource', b'core'), (b'X-RateLimit-Used', b'1'), (b'Content-Length', b'125'), (b'X-GitHub-Request-Id', b'284B:230C17:2B6622:320D01:6970D14E')])
INFO     httpx:_client.py:1740 HTTP Request: GET https://api.github.com/repos/Puremag1c/ChatFilter/releases/latest "HTTP/1.1 404 Not Found"
DEBUG    httpcore.http11:_trace.py:87 receive_response_body.started request=<Request [b'GET']>
DEBUG    httpcore.http11:_trace.py:87 receive_response_body.complete
DEBUG    httpcore.http11:_trace.py:87 response_closed.started
DEBUG    httpcore.http11:_trace.py:87 response_closed.complete
INFO     chatfilter.service.version_checker:version_checker.py:109 No releases found for repository Puremag1c/ChatFilter
DEBUG    httpcore.connection:_trace.py:87 close.started
DEBUG    httpcore.connection:_trace.py:87 close.complete
INFO     chatfilter.web.middleware:middleware.py:108 Request completed
INFO     httpx:_client.py:1025 HTTP Request: GET http://testserver/health "HTTP/1.1 200 OK"
INFO     chatfilter.web.app:app.py:146 Initiating graceful shutdown
INFO     chatfilter.web.app:app.py:150 Rejecting new requests
INFO     chatfilter.web.app:app.py:173 Cleaning up completed tasks
INFO     chatfilter.web.app:app.py:176 Cleared 0 tasks and 0 orphaned subscriber lists
INFO     chatfilter.web.app:app.py:182 Stopping connection monitor
DEBUG    chatfilter.telegram.session_manager:session_manager.py:677 Connection monitor loop ended
INFO     chatfilter.telegram.session_manager:session_manager.py:546 Connection monitor stopped
INFO     chatfilter.web.app:app.py:185 Connection monitor stopped
INFO     chatfilter.web.app:app.py:189 Disconnecting Telegram sessions
INFO     chatfilter.web.app:app.py:192 All Telegram sessions disconnected
INFO     chatfilter.service.chat_analysis:chat_analysis.py:471 Cleared all caches: 0 chats, 0 loaders
INFO     chatfilter.web.app:app.py:202 Cleared service caches
INFO     chatfilter.web.app:app.py:206 Graceful shutdown complete
INFO     chatfilter.analyzer.task_queue:task_queue.py:702 Task stall monitor shutting down
INFO     chatfilter.web.exception_handlers:exception_handlers.py:221 Registered custom exception handlers (including network error handlers)
DEBUG    asyncio:selector_events.py:64 Using selector: KqueueSelector
INFO     chatfilter.web.app:app.py:75 ============================================================
INFO     chatfilter.web.app:app.py:76 ChatFilter v0.1.0 starting up
INFO     chatfilter.web.app:app.py:77 Python: 3.12.3, OS: Darwin 25.1.0
INFO     chatfilter.web.app:app.py:80 ============================================================
INFO     chatfilter.web.app:app.py:87 Configuration: host=127.0.0.1, port=8894
INFO     chatfilter.web.app:app.py:88 Data directory: /private/var/folders/72/bhyql_kd6vn0l_zphrnqb1sc0000gn/T/pytest-of-m/pytest-171/test_rejects_requests_during_s0
INFO     chatfilter.web.app:app.py:89 Sessions directory: /private/var/folders/72/bhyql_kd6vn0l_zphrnqb1sc0000gn/T/pytest-of-m/pytest-171/test_rejects_requests_during_s0/sessions
INFO     chatfilter.web.app:app.py:90 Exports directory: /private/var/folders/72/bhyql_kd6vn0l_zphrnqb1sc0000gn/T/pytest-of-m/pytest-171/test_rejects_requests_during_s0/exports
INFO     chatfilter.utils.cleanup:cleanup.py:211 Starting orphaned resource cleanup (SIGKILL recovery)
DEBUG    chatfilter.utils.cleanup:cleanup.py:254 Cleanup complete: no orphaned resources found
INFO     chatfilter.web.app:app.py:116 Task database initialized at /private/var/folders/72/bhyql_kd6vn0l_zphrnqb1sc0000gn/T/pytest-of-m/pytest-171/test_rejects_requests_during_s0/tasks.db
INFO     chatfilter.telegram.session_manager:session_manager.py:527 Connection monitor started (interval=60.0s, timeout=10.0s, max_failures=3)
INFO     chatfilter.web.app:app.py:124 Telegram session manager initialized with connection monitoring
INFO     chatfilter.web.app:app.py:126 Application startup complete
DEBUG    chatfilter.telegram.session_manager:session_manager.py:643 Connection monitor loop started
ERROR    chatfilter.telegram.session_manager:session_manager.py:670 Unexpected error in connection monitor: <asyncio.locks.Event object at 0x1086dc770 [unset]> is bound to a different event loop
Traceback (most recent call last):
  File "/Users/m/Zen/Code/ChatFilter/src/chatfilter/telegram/session_manager.py", line 659, in _monitor_connections
    await asyncio.wait_for(
  File "/Library/Frameworks/Python.framework/Versions/3.12/lib/python3.12/asyncio/tasks.py", line 520, in wait_for
    return await fut
           ^^^^^^^^^
  File "/Library/Frameworks/Python.framework/Versions/3.12/lib/python3.12/asyncio/locks.py", line 209, in wait
    fut = self._get_loop().create_future()
          ^^^^^^^^^^^^^^^^
  File "/Library/Frameworks/Python.framework/Versions/3.12/lib/python3.12/asyncio/mixins.py", line 20, in _get_loop
    raise RuntimeError(f'{self!r} is bound to a different event loop')
RuntimeError: <asyncio.locks.Event object at 0x1086dc770 [unset]> is bound to a different event loop
WARNING  chatfilter.web.middleware:middleware.py:186 Rejecting request during shutdown: GET /
INFO     httpx:_client.py:1025 HTTP Request: GET http://testserver/ "HTTP/1.1 503 Service Unavailable"
INFO     chatfilter.web.app:app.py:146 Initiating graceful shutdown
INFO     chatfilter.web.app:app.py:150 Rejecting new requests
INFO     chatfilter.web.app:app.py:173 Cleaning up completed tasks
INFO     chatfilter.web.app:app.py:176 Cleared 0 tasks and 0 orphaned subscriber lists
INFO     chatfilter.web.app:app.py:182 Stopping connection monitor
INFO     chatfilter.web.app:app.py:138 Opening browser to http://127.0.0.1:8893
INFO     chatfilter.web.app:app.py:138 Opening browser to http://127.0.0.1:8894
DEBUG    chatfilter.telegram.session_manager:session_manager.py:677 Connection monitor loop ended
WARNING  chatfilter.telegram.session_manager:session_manager.py:542 Connection monitor did not stop gracefully, cancelling...
INFO     chatfilter.telegram.session_manager:session_manager.py:546 Connection monitor stopped
INFO     chatfilter.web.app:app.py:185 Connection monitor stopped
INFO     chatfilter.web.app:app.py:189 Disconnecting Telegram sessions
INFO     chatfilter.web.app:app.py:192 All Telegram sessions disconnected
INFO     chatfilter.service.chat_analysis:chat_analysis.py:471 Cleared all caches: 0 chats, 0 loaders
INFO     chatfilter.web.app:app.py:202 Cleared service caches
INFO     chatfilter.web.app:app.py:206 Graceful shutdown complete
INFO     chatfilter.web.exception_handlers:exception_handlers.py:221 Registered custom exception handlers (including network error handlers)
DEBUG    asyncio:selector_events.py:64 Using selector: KqueueSelector
INFO     chatfilter.web.app:app.py:75 ============================================================
INFO     chatfilter.web.app:app.py:76 ChatFilter v0.1.0 starting up
INFO     chatfilter.web.app:app.py:77 Python: 3.12.3, OS: Darwin 25.1.0
INFO     chatfilter.web.app:app.py:80 ============================================================
INFO     chatfilter.web.app:app.py:87 Configuration: host=127.0.0.1, port=8895
INFO     chatfilter.web.app:app.py:88 Data directory: /private/var/folders/72/bhyql_kd6vn0l_zphrnqb1sc0000gn/T/pytest-of-m/pytest-171/test_health_check_fails_during0
INFO     chatfilter.web.app:app.py:89 Sessions directory: /private/var/folders/72/bhyql_kd6vn0l_zphrnqb1sc0000gn/T/pytest-of-m/pytest-171/test_health_check_fails_during0/sessions
INFO     chatfilter.web.app:app.py:90 Exports directory: /private/var/folders/72/bhyql_kd6vn0l_zphrnqb1sc0000gn/T/pytest-of-m/pytest-171/test_health_check_fails_during0/exports
INFO     chatfilter.utils.cleanup:cleanup.py:211 Starting orphaned resource cleanup (SIGKILL recovery)
DEBUG    chatfilter.utils.cleanup:cleanup.py:254 Cleanup complete: no orphaned resources found
INFO     chatfilter.web.app:app.py:116 Task database initialized at /private/var/folders/72/bhyql_kd6vn0l_zphrnqb1sc0000gn/T/pytest-of-m/pytest-171/test_health_check_fails_during0/tasks.db
INFO     chatfilter.telegram.session_manager:session_manager.py:527 Connection monitor started (interval=60.0s, timeout=10.0s, max_failures=3)
INFO     chatfilter.web.app:app.py:124 Telegram session manager initialized with connection monitoring
INFO     chatfilter.web.app:app.py:126 Application startup complete
DEBUG    chatfilter.telegram.session_manager:session_manager.py:643 Connection monitor loop started
ERROR    chatfilter.telegram.session_manager:session_manager.py:670 Unexpected error in connection monitor: <asyncio.locks.Event object at 0x1086dc770 [unset]> is bound to a different event loop
Traceback (most recent call last):
  File "/Users/m/Zen/Code/ChatFilter/src/chatfilter/telegram/session_manager.py", line 659, in _monitor_connections
    await asyncio.wait_for(
  File "/Library/Frameworks/Python.framework/Versions/3.12/lib/python3.12/asyncio/tasks.py", line 520, in wait_for
    return await fut
           ^^^^^^^^^
  File "/Library/Frameworks/Python.framework/Versions/3.12/lib/python3.12/asyncio/locks.py", line 209, in wait
    fut = self._get_loop().create_future()
          ^^^^^^^^^^^^^^^^
  File "/Library/Frameworks/Python.framework/Versions/3.12/lib/python3.12/asyncio/mixins.py", line 20, in _get_loop
    raise RuntimeError(f'{self!r} is bound to a different event loop')
RuntimeError: <asyncio.locks.Event object at 0x1086dc770 [unset]> is bound to a different event loop
DEBUG    chatfilter.web.session:session.py:98 Created new session: K1tq5Z5C...
INFO     chatfilter.web.middleware:middleware.py:92 Request started
INFO     chatfilter.utils.network:network.py:269 Network check: ONLINE (took 0ms)
INFO     chatfilter.web.middleware:middleware.py:108 Request completed
INFO     httpx:_client.py:1025 HTTP Request: GET http://testserver/health "HTTP/1.1 200 OK"
INFO     httpx:_client.py:1025 HTTP Request: GET http://testserver/health "HTTP/1.1 503 Service Unavailable"
INFO     chatfilter.web.app:app.py:146 Initiating graceful shutdown
INFO     chatfilter.web.app:app.py:150 Rejecting new requests
INFO     chatfilter.web.app:app.py:173 Cleaning up completed tasks
INFO     chatfilter.web.app:app.py:176 Cleared 0 tasks and 0 orphaned subscriber lists
INFO     chatfilter.web.app:app.py:182 Stopping connection monitor
INFO     chatfilter.web.app:app.py:138 Opening browser to http://127.0.0.1:8895
DEBUG    chatfilter.telegram.session_manager:session_manager.py:677 Connection monitor loop ended
INFO     chatfilter.telegram.session_manager:session_manager.py:546 Connection monitor stopped
INFO     chatfilter.web.app:app.py:185 Connection monitor stopped
INFO     chatfilter.web.app:app.py:189 Disconnecting Telegram sessions
INFO     chatfilter.web.app:app.py:192 All Telegram sessions disconnected
INFO     chatfilter.service.chat_analysis:chat_analysis.py:471 Cleared all caches: 0 chats, 0 loaders
INFO     chatfilter.web.app:app.py:202 Cleared service caches
INFO     chatfilter.web.app:app.py:206 Graceful shutdown complete
DEBUG    asyncio:selector_events.py:64 Using selector: KqueueSelector
INFO     chatfilter.web.exception_handlers:exception_handlers.py:221 Registered custom exception handlers (including network error handlers)
INFO     chatfilter.web.app:app.py:75 ============================================================
INFO     chatfilter.web.app:app.py:76 ChatFilter v0.1.0 starting up
INFO     chatfilter.web.app:app.py:77 Python: 3.12.3, OS: Darwin 25.1.0
INFO     chatfilter.web.app:app.py:80 ============================================================
INFO     chatfilter.web.app:app.py:87 Configuration: host=127.0.0.1, port=8896
INFO     chatfilter.web.app:app.py:88 Data directory: /private/var/folders/72/bhyql_kd6vn0l_zphrnqb1sc0000gn/T/pytest-of-m/pytest-171/test_lifespan_initializes_app_0
INFO     chatfilter.web.app:app.py:89 Sessions directory: /private/var/folders/72/bhyql_kd6vn0l_zphrnqb1sc0000gn/T/pytest-of-m/pytest-171/test_lifespan_initializes_app_0/sessions
INFO     chatfilter.web.app:app.py:90 Exports directory: /private/var/folders/72/bhyql_kd6vn0l_zphrnqb1sc0000gn/T/pytest-of-m/pytest-171/test_lifespan_initializes_app_0/exports
INFO     chatfilter.utils.cleanup:cleanup.py:211 Starting orphaned resource cleanup (SIGKILL recovery)
DEBUG    chatfilter.utils.cleanup:cleanup.py:254 Cleanup complete: no orphaned resources found
INFO     chatfilter.web.app:app.py:116 Task database initialized at /private/var/folders/72/bhyql_kd6vn0l_zphrnqb1sc0000gn/T/pytest-of-m/pytest-171/test_lifespan_initializes_app_0/tasks.db
INFO     chatfilter.telegram.session_manager:session_manager.py:527 Connection monitor started (interval=60.0s, timeout=10.0s, max_failures=3)
INFO     chatfilter.web.app:app.py:124 Telegram session manager initialized with connection monitoring
INFO     chatfilter.web.app:app.py:126 Application startup complete
INFO     chatfilter.web.app:app.py:146 Initiating graceful shutdown
INFO     chatfilter.web.app:app.py:150 Rejecting new requests
INFO     chatfilter.web.app:app.py:173 Cleaning up completed tasks
INFO     chatfilter.web.app:app.py:176 Cleared 0 tasks and 0 orphaned subscriber lists
INFO     chatfilter.web.app:app.py:182 Stopping connection monitor
DEBUG    chatfilter.telegram.session_manager:session_manager.py:643 Connection monitor loop started
DEBUG    chatfilter.telegram.session_manager:session_manager.py:677 Connection monitor loop ended
INFO     chatfilter.telegram.session_manager:session_manager.py:546 Connection monitor stopped
INFO     chatfilter.web.app:app.py:185 Connection monitor stopped
INFO     chatfilter.web.app:app.py:189 Disconnecting Telegram sessions
INFO     chatfilter.web.app:app.py:192 All Telegram sessions disconnected
INFO     chatfilter.service.chat_analysis:chat_analysis.py:471 Cleared all caches: 0 chats, 0 loaders
INFO     chatfilter.web.app:app.py:202 Cleared service caches
INFO     chatfilter.web.app:app.py:206 Graceful shutdown complete
DEBUG    asyncio:selector_events.py:64 Using selector: KqueueSelector
INFO     chatfilter.web.exception_handlers:exception_handlers.py:221 Registered custom exception handlers (including network error handlers)
INFO     chatfilter.web.app:app.py:75 ============================================================
INFO     chatfilter.web.app:app.py:76 ChatFilter v0.1.0 starting up
INFO     chatfilter.web.app:app.py:77 Python: 3.12.3, OS: Darwin 25.1.0
INFO     chatfilter.web.app:app.py:80 ============================================================
INFO     chatfilter.web.app:app.py:87 Configuration: host=127.0.0.1, port=8897
INFO     chatfilter.web.app:app.py:88 Data directory: /private/var/folders/72/bhyql_kd6vn0l_zphrnqb1sc0000gn/T/pytest-of-m/pytest-171/test_shutdown_waits_for_active0
INFO     chatfilter.web.app:app.py:89 Sessions directory: /private/var/folders/72/bhyql_kd6vn0l_zphrnqb1sc0000gn/T/pytest-of-m/pytest-171/test_shutdown_waits_for_active0/sessions
INFO     chatfilter.web.app:app.py:90 Exports directory: /private/var/folders/72/bhyql_kd6vn0l_zphrnqb1sc0000gn/T/pytest-of-m/pytest-171/test_shutdown_waits_for_active0/exports
INFO     chatfilter.utils.cleanup:cleanup.py:211 Starting orphaned resource cleanup (SIGKILL recovery)
DEBUG    chatfilter.utils.cleanup:cleanup.py:254 Cleanup complete: no orphaned resources found
INFO     chatfilter.web.app:app.py:116 Task database initialized at /private/var/folders/72/bhyql_kd6vn0l_zphrnqb1sc0000gn/T/pytest-of-m/pytest-171/test_shutdown_waits_for_active0/tasks.db
INFO     chatfilter.telegram.session_manager:session_manager.py:527 Connection monitor started (interval=60.0s, timeout=10.0s, max_failures=3)
INFO     chatfilter.web.app:app.py:124 Telegram session manager initialized with connection monitoring
INFO     chatfilter.web.app:app.py:126 Application startup complete
DEBUG    chatfilter.telegram.session_manager:session_manager.py:643 Connection monitor loop started
ERROR    chatfilter.telegram.session_manager:session_manager.py:670 Unexpected error in connection monitor: <asyncio.locks.Event object at 0x1086dc770 [unset]> is bound to a different event loop
Traceback (most recent call last):
  File "/Users/m/Zen/Code/ChatFilter/src/chatfilter/telegram/session_manager.py", line 659, in _monitor_connections
    await asyncio.wait_for(
  File "/Library/Frameworks/Python.framework/Versions/3.12/lib/python3.12/asyncio/tasks.py", line 520, in wait_for
    return await fut
           ^^^^^^^^^
  File "/Library/Frameworks/Python.framework/Versions/3.12/lib/python3.12/asyncio/locks.py", line 209, in wait
    fut = self._get_loop().create_future()
          ^^^^^^^^^^^^^^^^
  File "/Library/Frameworks/Python.framework/Versions/3.12/lib/python3.12/asyncio/mixins.py", line 20, in _get_loop
    raise RuntimeError(f'{self!r} is bound to a different event loop')
RuntimeError: <asyncio.locks.Event object at 0x1086dc770 [unset]> is bound to a different event loop
INFO     chatfilter.web.app:app.py:146 Initiating graceful shutdown
INFO     chatfilter.web.app:app.py:150 Rejecting new requests
INFO     chatfilter.web.app:app.py:173 Cleaning up completed tasks
INFO     chatfilter.web.app:app.py:176 Cleared 0 tasks and 0 orphaned subscriber lists
INFO     chatfilter.web.app:app.py:182 Stopping connection monitor
INFO     chatfilter.web.app:app.py:138 Opening browser to http://127.0.0.1:8896
INFO     chatfilter.web.app:app.py:138 Opening browser to http://127.0.0.1:8897
DEBUG    chatfilter.telegram.session_manager:session_manager.py:677 Connection monitor loop ended
INFO     chatfilter.telegram.session_manager:session_manager.py:546 Connection monitor stopped
INFO     chatfilter.web.app:app.py:185 Connection monitor stopped
INFO     chatfilter.web.app:app.py:189 Disconnecting Telegram sessions
INFO     chatfilter.web.app:app.py:192 All Telegram sessions disconnected
INFO     chatfilter.service.chat_analysis:chat_analysis.py:471 Cleared all caches: 0 chats, 0 loaders
INFO     chatfilter.web.app:app.py:202 Cleared service caches
INFO     chatfilter.web.app:app.py:206 Graceful shutdown complete
INFO     chatfilter.analyzer.task_queue:task_queue.py:281 Memory monitoring enabled (threshold: 2048.0MB)
DEBUG    chatfilter.analyzer.task_queue:task_queue.py:295 Event loop not running, will start monitor on first task run
INFO     chatfilter.analyzer.task_queue:task_queue.py:432 Created analysis task a3b6a68b-c6df-434f-853d-17eddb52cbc7 for 3 chats
INFO     chatfilter.analyzer.task_queue:task_queue.py:1138 Cleared 1 completed tasks from memory (preserved in database)
INFO     chatfilter.analyzer.task_queue:task_queue.py:281 Memory monitoring enabled (threshold: 2048.0MB)
DEBUG    chatfilter.analyzer.task_queue:task_queue.py:295 Event loop not running, will start monitor on first task run
INFO     chatfilter.analyzer.task_queue:task_queue.py:432 Created analysis task 8a40f1e3-eba9-4e96-b0c7-fc66559dad8d for 3 chats
INFO     chatfilter.analyzer.task_queue:task_queue.py:1138 Cleared 1 completed tasks from memory (preserved in database)
INFO     chatfilter.web.exception_handlers:exception_handlers.py:221 Registered custom exception handlers (including network error handlers)
DEBUG    asyncio:selector_events.py:64 Using selector: KqueueSelector
DEBUG    chatfilter.web.session:session.py:98 Created new session: G7kIXNmo...
INFO     chatfilter.web.middleware:middleware.py:92 Request started
INFO     chatfilter.web.middleware:middleware.py:108 Request completed
INFO     httpx:_client.py:1025 HTTP Request: GET http://testserver/api/history/ "HTTP/1.1 200 OK"
INFO     chatfilter.web.exception_handlers:exception_handlers.py:221 Registered custom exception handlers (including network error handlers)
DEBUG    asyncio:selector_events.py:64 Using selector: KqueueSelector
DEBUG    chatfilter.web.session:session.py:98 Created new session: bZyEisSj...
INFO     chatfilter.web.middleware:middleware.py:92 Request started
INFO     chatfilter.web.middleware:middleware.py:108 Request completed
INFO     httpx:_client.py:1025 HTTP Request: GET http://testserver/api/history/?page=1&page_size=2 "HTTP/1.1 200 OK"
DEBUG    asyncio:selector_events.py:64 Using selector: KqueueSelector
INFO     chatfilter.web.middleware:middleware.py:92 Request started
INFO     chatfilter.web.middleware:middleware.py:108 Request completed
INFO     httpx:_client.py:1025 HTTP Request: GET http://testserver/api/history/?page=2&page_size=2 "HTTP/1.1 200 OK"
INFO     chatfilter.web.exception_handlers:exception_handlers.py:221 Registered custom exception handlers (including network error handlers)
DEBUG    asyncio:selector_events.py:64 Using selector: KqueueSelector
DEBUG    chatfilter.web.session:session.py:98 Created new session: vEW5l9dW...
INFO     chatfilter.web.middleware:middleware.py:92 Request started
INFO     chatfilter.web.middleware:middleware.py:108 Request completed
INFO     httpx:_client.py:1025 HTTP Request: GET http://testserver/api/history/?status=completed "HTTP/1.1 200 OK"
INFO     chatfilter.web.exception_handlers:exception_handlers.py:221 Registered custom exception handlers (including network error handlers)
DEBUG    asyncio:selector_events.py:64 Using selector: KqueueSelector
DEBUG    chatfilter.web.session:session.py:98 Created new session: CH6m5yIh...
INFO     chatfilter.web.middleware:middleware.py:92 Request started
INFO     chatfilter.web.middleware:middleware.py:108 Request completed
INFO     httpx:_client.py:1025 HTTP Request: GET http://testserver/api/history/cd3e8904-a1a0-49ee-b7ae-fb58dd2c94b3 "HTTP/1.1 200 OK"
INFO     chatfilter.web.exception_handlers:exception_handlers.py:221 Registered custom exception handlers (including network error handlers)
DEBUG    asyncio:selector_events.py:64 Using selector: KqueueSelector
DEBUG    chatfilter.web.session:session.py:98 Created new session: -Yg67F1A...
INFO     chatfilter.web.middleware:middleware.py:92 Request started
WARNING  chatfilter.web.exception_handlers:exception_handlers.py:46 HTTP 404 error: Task 044bfda0-2880-416e-8094-77b0372bca31 not found (request_id=4cbd22a8-e82a-4352-a771-edaeb8d84ee1, path=/api/history/044bfda0-2880-416e-8094-77b0372bca31)
INFO     chatfilter.web.middleware:middleware.py:108 Request completed
INFO     httpx:_client.py:1025 HTTP Request: GET http://testserver/api/history/044bfda0-2880-416e-8094-77b0372bca31 "HTTP/1.1 404 Not Found"
INFO     chatfilter.web.exception_handlers:exception_handlers.py:221 Registered custom exception handlers (including network error handlers)
DEBUG    asyncio:selector_events.py:64 Using selector: KqueueSelector
DEBUG    chatfilter.web.session:session.py:98 Created new session: wX3KztpP...
INFO     chatfilter.web.middleware:middleware.py:92 Request started
INFO     chatfilter.web.middleware:middleware.py:108 Request completed
INFO     httpx:_client.py:1025 HTTP Request: GET http://testserver/api/history/stats "HTTP/1.1 200 OK"
DEBUG    chatfilter.storage.encrypted:encrypted.py:165 Using key from KeyManager (key_id=0)
DEBUG    chatfilter.storage.file:file.py:263 Saved 108 bytes to /private/var/folders/72/bhyql_kd6vn0l_zphrnqb1sc0000gn/T/pytest-of-m/pytest-171/test_encrypted_storage_with_en0/test.enc
DEBUG    chatfilter.storage.encrypted:encrypted.py:213 Saved encrypted file: /private/var/folders/72/bhyql_kd6vn0l_zphrnqb1sc0000gn/T/pytest-of-m/pytest-171/test_encrypted_storage_with_en0/test.enc (key_id=0)
DEBUG    chatfilter.storage.file:file.py:293 Loaded 108 bytes from /private/var/folders/72/bhyql_kd6vn0l_zphrnqb1sc0000gn/T/pytest-of-m/pytest-171/test_encrypted_storage_with_en0/test.enc
DEBUG    chatfilter.storage.encrypted:encrypted.py:285 Loaded and decrypted file: /private/var/folders/72/bhyql_kd6vn0l_zphrnqb1sc0000gn/T/pytest-of-m/pytest-171/test_encrypted_storage_with_en0/test.enc (key_id=0)
DEBUG    chatfilter.storage.encrypted:encrypted.py:165 Using key from KeyManager (key_id=0)
DEBUG    chatfilter.storage.file:file.py:263 Saved 108 bytes to /private/var/folders/72/bhyql_kd6vn0l_zphrnqb1sc0000gn/T/pytest-of-m/pytest-171/test_encrypted_storage_with_pa0/test.enc
DEBUG    chatfilter.storage.encrypted:encrypted.py:213 Saved encrypted file: /private/var/folders/72/bhyql_kd6vn0l_zphrnqb1sc0000gn/T/pytest-of-m/pytest-171/test_encrypted_storage_with_pa0/test.enc (key_id=0)
DEBUG    chatfilter.storage.file:file.py:293 Loaded 108 bytes from /private/var/folders/72/bhyql_kd6vn0l_zphrnqb1sc0000gn/T/pytest-of-m/pytest-171/test_encrypted_storage_with_pa0/test.enc
DEBUG    chatfilter.storage.encrypted:encrypted.py:285 Loaded and decrypted file: /private/var/folders/72/bhyql_kd6vn0l_zphrnqb1sc0000gn/T/pytest-of-m/pytest-171/test_encrypted_storage_with_pa0/test.enc (key_id=0)
DEBUG    chatfilter.storage.encrypted:encrypted.py:165 Using key from KeyManager (key_id=0)
DEBUG    chatfilter.storage.file:file.py:263 Saved 108 bytes to /private/var/folders/72/bhyql_kd6vn0l_zphrnqb1sc0000gn/T/pytest-of-m/pytest-171/test_encrypted_storage_with_ma0/test.enc
DEBUG    chatfilter.storage.encrypted:encrypted.py:213 Saved encrypted file: /private/var/folders/72/bhyql_kd6vn0l_zphrnqb1sc0000gn/T/pytest-of-m/pytest-171/test_encrypted_storage_with_ma0/test.enc (key_id=0)
DEBUG    chatfilter.storage.file:file.py:293 Loaded 108 bytes from /private/var/folders/72/bhyql_kd6vn0l_zphrnqb1sc0000gn/T/pytest-of-m/pytest-171/test_encrypted_storage_with_ma0/test.enc
DEBUG    chatfilter.storage.encrypted:encrypted.py:285 Loaded and decrypted file: /private/var/folders/72/bhyql_kd6vn0l_zphrnqb1sc0000gn/T/pytest-of-m/pytest-171/test_encrypted_storage_with_ma0/test.enc (key_id=0)
DEBUG    chatfilter.storage.encrypted:encrypted.py:168 Using machine-derived encryption key
DEBUG    chatfilter.storage.file:file.py:263 Saved 108 bytes to /private/var/folders/72/bhyql_kd6vn0l_zphrnqb1sc0000gn/T/pytest-of-m/pytest-171/test_encrypted_storage_backwar0/test.enc
DEBUG    chatfilter.storage.encrypted:encrypted.py:213 Saved encrypted file: /private/var/folders/72/bhyql_kd6vn0l_zphrnqb1sc0000gn/T/pytest-of-m/pytest-171/test_encrypted_storage_backwar0/test.enc (key_id=0)
DEBUG    chatfilter.storage.file:file.py:293 Loaded 108 bytes from /private/var/folders/72/bhyql_kd6vn0l_zphrnqb1sc0000gn/T/pytest-of-m/pytest-171/test_encrypted_storage_backwar0/test.enc
DEBUG    chatfilter.storage.encrypted:encrypted.py:285 Loaded and decrypted file: /private/var/folders/72/bhyql_kd6vn0l_zphrnqb1sc0000gn/T/pytest-of-m/pytest-171/test_encrypted_storage_backwar0/test.enc (key_id=0)
DEBUG    chatfilter.storage.encrypted:encrypted.py:165 Using key from KeyManager (key_id=0)
DEBUG    chatfilter.storage.file:file.py:263 Saved 108 bytes to /private/var/folders/72/bhyql_kd6vn0l_zphrnqb1sc0000gn/T/pytest-of-m/pytest-171/test_cross_backend_compatibili0/test.enc
DEBUG    chatfilter.storage.encrypted:encrypted.py:213 Saved encrypted file: /private/var/folders/72/bhyql_kd6vn0l_zphrnqb1sc0000gn/T/pytest-of-m/pytest-171/test_cross_backend_compatibili0/test.enc (key_id=0)
DEBUG    chatfilter.storage.encrypted:encrypted.py:165 Using key from KeyManager (key_id=0)
DEBUG    chatfilter.storage.file:file.py:293 Loaded 108 bytes from /private/var/folders/72/bhyql_kd6vn0l_zphrnqb1sc0000gn/T/pytest-of-m/pytest-171/test_cross_backend_compatibili0/test.enc
DEBUG    chatfilter.storage.encrypted:encrypted.py:285 Loaded and decrypted file: /private/var/folders/72/bhyql_kd6vn0l_zphrnqb1sc0000gn/T/pytest-of-m/pytest-171/test_cross_backend_compatibili0/test.enc (key_id=0)
INFO     chatfilter.analyzer.task_queue:task_queue.py:281 Memory monitoring enabled (threshold: 2048.0MB)
DEBUG    chatfilter.analyzer.task_queue:task_queue.py:295 Event loop not running, will start monitor on first task run
INFO     chatfilter.analyzer.task_queue:task_queue.py:432 Created analysis task bcc58b97-10b4-4d3a-aadd-fe8242b58f5b for 1 chats
INFO     chatfilter.analyzer.task_queue:task_queue.py:432 Created analysis task cc79ce90-1283-4835-9e88-168e4c4d0f9f for 1 chats
INFO     chatfilter.analyzer.task_queue:task_queue.py:432 Created analysis task cfd39f13-feb9-45a7-b2b4-4087b3950eaf for 1 chats
INFO     chatfilter.analyzer.task_queue:task_queue.py:432 Created analysis task 9b82afc4-024d-497c-b256-67caa43ea4d9 for 1 chats
INFO     chatfilter.analyzer.task_queue:task_queue.py:432 Created analysis task c40a08a7-34c3-4022-a2f2-67ee8894a290 for 1 chats
INFO     chatfilter.analyzer.task_queue:task_queue.py:432 Created analysis task 190e2aad-d77b-498c-8ffc-5b14c2340c5d for 1 chats
INFO     chatfilter.analyzer.task_queue:task_queue.py:432 Created analysis task fc98f66b-4caa-4956-8aca-12479aae235c for 1 chats
INFO     chatfilter.analyzer.task_queue:task_queue.py:432 Created analysis task 744452b3-bcaa-4172-9851-76b1ef55bfaf for 1 chats
INFO     chatfilter.analyzer.task_queue:task_queue.py:432 Created analysis task c32bf261-8fac-42a7-a3ea-388b64f71956 for 1 chats
INFO     chatfilter.analyzer.task_queue:task_queue.py:432 Created analysis task ca65a2e5-da71-48d1-8f73-e33fd81e03e1 for 1 chats
INFO     chatfilter.analyzer.task_queue:task_queue.py:1138 Cleared 10 completed tasks from memory (preserved in database)
DEBUG    asyncio:selector_events.py:64 Using selector: KqueueSelector
INFO     chatfilter.analyzer.task_queue:task_queue.py:281 Memory monitoring enabled (threshold: 2048.0MB)
INFO     chatfilter.analyzer.task_queue:task_queue.py:290 Task stall monitoring enabled (timeout: 600.0s)
INFO     chatfilter.analyzer.task_queue:task_queue.py:432 Created analysis task 5db4f992-0108-4023-a91d-aaa3a9712322 for 1 chats
INFO     chatfilter.utils.memory:memory.py:71 Task 5db4f992-0108-4023-a91d-aaa3a9712322 start: Memory usage: RSS=165.9MB, VMS=401632.9MB, 1.0%
WARNING  chatfilter.analyzer.task_queue:task_queue.py:892 Failed to pre-cache chat info for task 5db4f992-0108-4023-a91d-aaa3a9712322: 'MockExecutor' object has no attribute 'pre_cache_chats'
INFO     chatfilter.analyzer.task_queue:task_queue.py:1048 Task 5db4f992-0108-4023-a91d-aaa3a9712322 completed with 1 results
INFO     chatfilter.utils.memory:memory.py:71 Task 5db4f992-0108-4023-a91d-aaa3a9712322 completed: Memory usage: RSS=165.9MB, VMS=401632.9MB, 1.0%
INFO     chatfilter.analyzer.task_queue:task_queue.py:432 Created analysis task efabb13c-5d85-4428-ac31-cfbd278576f9 for 1 chats
INFO     chatfilter.utils.memory:memory.py:71 Task efabb13c-5d85-4428-ac31-cfbd278576f9 start: Memory usage: RSS=165.9MB, VMS=401632.9MB, 1.0%
WARNING  chatfilter.analyzer.task_queue:task_queue.py:892 Failed to pre-cache chat info for task efabb13c-5d85-4428-ac31-cfbd278576f9: 'MockExecutor' object has no attribute 'pre_cache_chats'
INFO     chatfilter.analyzer.task_queue:task_queue.py:1048 Task efabb13c-5d85-4428-ac31-cfbd278576f9 completed with 1 results
INFO     chatfilter.utils.memory:memory.py:71 Task efabb13c-5d85-4428-ac31-cfbd278576f9 completed: Memory usage: RSS=165.9MB, VMS=401632.9MB, 1.0%
INFO     chatfilter.analyzer.task_queue:task_queue.py:432 Created analysis task 6c07a10a-d813-4606-9cd0-9f5be33a822b for 1 chats
INFO     chatfilter.utils.memory:memory.py:71 Task 6c07a10a-d813-4606-9cd0-9f5be33a822b start: Memory usage: RSS=165.9MB, VMS=401632.9MB, 1.0%
WARNING  chatfilter.analyzer.task_queue:task_queue.py:892 Failed to pre-cache chat info for task 6c07a10a-d813-4606-9cd0-9f5be33a822b: 'MockExecutor' object has no attribute 'pre_cache_chats'
INFO     chatfilter.analyzer.task_queue:task_queue.py:1048 Task 6c07a10a-d813-4606-9cd0-9f5be33a822b completed with 1 results
INFO     chatfilter.utils.memory:memory.py:71 Task 6c07a10a-d813-4606-9cd0-9f5be33a822b completed: Memory usage: RSS=165.9MB, VMS=401632.9MB, 1.0%
INFO     chatfilter.analyzer.task_queue:task_queue.py:432 Created analysis task 9cfd63cd-9ecd-442d-9210-09f47a6dc6bf for 1 chats
INFO     chatfilter.utils.memory:memory.py:71 Task 9cfd63cd-9ecd-442d-9210-09f47a6dc6bf start: Memory usage: RSS=165.9MB, VMS=401632.9MB, 1.0%
WARNING  chatfilter.analyzer.task_queue:task_queue.py:892 Failed to pre-cache chat info for task 9cfd63cd-9ecd-442d-9210-09f47a6dc6bf: 'MockExecutor' object has no attribute 'pre_cache_chats'
INFO     chatfilter.analyzer.task_queue:task_queue.py:1048 Task 9cfd63cd-9ecd-442d-9210-09f47a6dc6bf completed with 1 results
INFO     chatfilter.utils.memory:memory.py:71 Task 9cfd63cd-9ecd-442d-9210-09f47a6dc6bf completed: Memory usage: RSS=165.9MB, VMS=401632.9MB, 1.0%
INFO     chatfilter.analyzer.task_queue:task_queue.py:432 Created analysis task 38fd31d1-ff47-4b71-888e-4619c8468b84 for 1 chats
INFO     chatfilter.utils.memory:memory.py:71 Task 38fd31d1-ff47-4b71-888e-4619c8468b84 start: Memory usage: RSS=165.9MB, VMS=401632.9MB, 1.0%
WARNING  chatfilter.analyzer.task_queue:task_queue.py:892 Failed to pre-cache chat info for task 38fd31d1-ff47-4b71-888e-4619c8468b84: 'MockExecutor' object has no attribute 'pre_cache_chats'
INFO     chatfilter.analyzer.task_queue:task_queue.py:1048 Task 38fd31d1-ff47-4b71-888e-4619c8468b84 completed with 1 results
INFO     chatfilter.utils.memory:memory.py:71 Task 38fd31d1-ff47-4b71-888e-4619c8468b84 completed: Memory usage: RSS=165.9MB, VMS=401632.9MB, 1.0%
INFO     chatfilter.analyzer.task_queue:task_queue.py:1160 Auto-cleanup triggered: 5 completed tasks (threshold: 5)
INFO     chatfilter.analyzer.task_queue:task_queue.py:1138 Cleared 5 completed tasks from memory (preserved in database)
INFO     chatfilter.analyzer.task_queue:task_queue.py:432 Created analysis task 9b83a3c2-931e-4785-ba8a-ea5a51d9ad3a for 1 chats
INFO     chatfilter.utils.memory:memory.py:71 Task 9b83a3c2-931e-4785-ba8a-ea5a51d9ad3a start: Memory usage: RSS=165.9MB, VMS=401632.9MB, 1.0%
WARNING  chatfilter.analyzer.task_queue:task_queue.py:892 Failed to pre-cache chat info for task 9b83a3c2-931e-4785-ba8a-ea5a51d9ad3a: 'MockExecutor' object has no attribute 'pre_cache_chats'
INFO     chatfilter.analyzer.task_queue:task_queue.py:1048 Task 9b83a3c2-931e-4785-ba8a-ea5a51d9ad3a completed with 1 results
INFO     chatfilter.utils.memory:memory.py:71 Task 9b83a3c2-931e-4785-ba8a-ea5a51d9ad3a completed: Memory usage: RSS=165.9MB, VMS=401632.9MB, 1.0%
INFO     chatfilter.analyzer.task_queue:task_queue.py:702 Task stall monitor shutting down
DEBUG    asyncio:selector_events.py:64 Using selector: KqueueSelector
INFO     chatfilter.analyzer.task_queue:task_queue.py:281 Memory monitoring enabled (threshold: 2048.0MB)
INFO     chatfilter.analyzer.task_queue:task_queue.py:290 Task stall monitoring enabled (timeout: 600.0s)
INFO     chatfilter.analyzer.task_queue:task_queue.py:432 Created analysis task 7d8fdc2a-ddd0-43e7-916d-878151bd168b for 3 chats
DEBUG    chatfilter.analyzer.task_queue:task_queue.py:531 New subscriber for task 7d8fdc2a-ddd0-43e7-916d-878151bd168b
INFO     chatfilter.utils.memory:memory.py:71 Task 7d8fdc2a-ddd0-43e7-916d-878151bd168b start: Memory usage: RSS=165.9MB, VMS=401632.9MB, 1.0%
WARNING  chatfilter.analyzer.task_queue:task_queue.py:892 Failed to pre-cache chat info for task 7d8fdc2a-ddd0-43e7-916d-878151bd168b: 'MockExecutor' object has no attribute 'pre_cache_chats'
INFO     chatfilter.analyzer.task_queue:task_queue.py:1048 Task 7d8fdc2a-ddd0-43e7-916d-878151bd168b completed with 3 results
INFO     chatfilter.utils.memory:memory.py:71 Task 7d8fdc2a-ddd0-43e7-916d-878151bd168b completed: Memory usage: RSS=165.9MB, VMS=401632.9MB, 1.0%
INFO     chatfilter.analyzer.task_queue:task_queue.py:1189 Cleaning 1 orphaned subscribers for task 7d8fdc2a-ddd0-43e7-916d-878151bd168b (status: TaskStatus.COMPLETED)
INFO     chatfilter.analyzer.task_queue:task_queue.py:702 Task stall monitor shutting down
INFO     chatfilter.service.chat_analysis:chat_analysis.py:458 Cleared 2 cached chats for session 'session1'
INFO     chatfilter.service.chat_analysis:chat_analysis.py:462 Cleared loader for session 'session1'
INFO     chatfilter.service.chat_analysis:chat_analysis.py:471 Cleared all caches: 1 chats, 0 loaders
WARNING  chatfilter.utils.memory:memory.py:128 Memory threshold exceeded: 165.9MB > 0.0MB (count: 1)
WARNING  chatfilter.utils.memory:memory.py:128 Memory threshold exceeded: 165.9MB > 0.0MB (count: 1)
WARNING  chatfilter.utils.memory:memory.py:128 Memory threshold exceeded: 165.9MB > 0.0MB (count: 1)
DEBUG    chatfilter.utils.memory:memory.py:210 Memory snapshot 'start': 165.9MB
DEBUG    chatfilter.utils.memory:memory.py:210 Memory snapshot 'end': 166.7MB
DEBUG    asyncio:selector_events.py:64 Using selector: KqueueSelector
DEBUG    chatfilter.utils.memory:memory.py:210 Memory snapshot 'start': 166.7MB
INFO     chatfilter.analyzer.task_queue:task_queue.py:281 Memory monitoring enabled (threshold: 2048.0MB)
INFO     chatfilter.analyzer.task_queue:task_queue.py:290 Task stall monitoring enabled (timeout: 600.0s)
INFO     chatfilter.analyzer.task_queue:task_queue.py:432 Created analysis task 37f4fb83-3973-4534-bac4-b649cbfab3c7 for 1 chats
INFO     chatfilter.utils.memory:memory.py:71 Task 37f4fb83-3973-4534-bac4-b649cbfab3c7 start: Memory usage: RSS=166.7MB, VMS=401632.9MB, 1.0%
WARNING  chatfilter.analyzer.task_queue:task_queue.py:892 Failed to pre-cache chat info for task 37f4fb83-3973-4534-bac4-b649cbfab3c7: 'MockExecutor' object has no attribute 'pre_cache_chats'
INFO     chatfilter.analyzer.task_queue:task_queue.py:1048 Task 37f4fb83-3973-4534-bac4-b649cbfab3c7 completed with 1 results
INFO     chatfilter.utils.memory:memory.py:71 Task 37f4fb83-3973-4534-bac4-b649cbfab3c7 completed: Memory usage: RSS=166.7MB, VMS=401632.9MB, 1.0%
INFO     chatfilter.analyzer.task_queue:task_queue.py:432 Created analysis task ac29bbba-6b42-4bf0-9e22-07f5a7070095 for 1 chats
INFO     chatfilter.utils.memory:memory.py:71 Task ac29bbba-6b42-4bf0-9e22-07f5a7070095 start: Memory usage: RSS=166.7MB, VMS=401632.9MB, 1.0%
WARNING  chatfilter.analyzer.task_queue:task_queue.py:892 Failed to pre-cache chat info for task ac29bbba-6b42-4bf0-9e22-07f5a7070095: 'MockExecutor' object has no attribute 'pre_cache_chats'
INFO     chatfilter.analyzer.task_queue:task_queue.py:1048 Task ac29bbba-6b42-4bf0-9e22-07f5a7070095 completed with 1 results
INFO     chatfilter.utils.memory:memory.py:71 Task ac29bbba-6b42-4bf0-9e22-07f5a7070095 completed: Memory usage: RSS=166.7MB, VMS=401632.9MB, 1.0%
INFO     chatfilter.analyzer.task_queue:task_queue.py:432 Created analysis task 8de5a5fa-3947-49f1-937f-c1fb10e18996 for 1 chats
INFO     chatfilter.utils.memory:memory.py:71 Task 8de5a5fa-3947-49f1-937f-c1fb10e18996 start: Memory usage: RSS=166.7MB, VMS=401632.9MB, 1.0%
WARNING  chatfilter.analyzer.task_queue:task_queue.py:892 Failed to pre-cache chat info for task 8de5a5fa-3947-49f1-937f-c1fb10e18996: 'MockExecutor' object has no attribute 'pre_cache_chats'
INFO     chatfilter.analyzer.task_queue:task_queue.py:1048 Task 8de5a5fa-3947-49f1-937f-c1fb10e18996 completed with 1 results
INFO     chatfilter.utils.memory:memory.py:71 Task 8de5a5fa-3947-49f1-937f-c1fb10e18996 completed: Memory usage: RSS=166.7MB, VMS=401632.9MB, 1.0%
INFO     chatfilter.analyzer.task_queue:task_queue.py:432 Created analysis task 588cadb6-60e1-4b44-ad43-603cdfc2bad0 for 1 chats
INFO     chatfilter.utils.memory:memory.py:71 Task 588cadb6-60e1-4b44-ad43-603cdfc2bad0 start: Memory usage: RSS=166.7MB, VMS=401632.9MB, 1.0%
WARNING  chatfilter.analyzer.task_queue:task_queue.py:892 Failed to pre-cache chat info for task 588cadb6-60e1-4b44-ad43-603cdfc2bad0: 'MockExecutor' object has no attribute 'pre_cache_chats'
INFO     chatfilter.analyzer.task_queue:task_queue.py:1048 Task 588cadb6-60e1-4b44-ad43-603cdfc2bad0 completed with 1 results
INFO     chatfilter.utils.memory:memory.py:71 Task 588cadb6-60e1-4b44-ad43-603cdfc2bad0 completed: Memory usage: RSS=166.7MB, VMS=401632.9MB, 1.0%
INFO     chatfilter.analyzer.task_queue:task_queue.py:432 Created analysis task e420ffe5-84fb-4536-9c23-994c5c0ce7d0 for 1 chats
INFO     chatfilter.utils.memory:memory.py:71 Task e420ffe5-84fb-4536-9c23-994c5c0ce7d0 start: Memory usage: RSS=166.7MB, VMS=401632.9MB, 1.0%
WARNING  chatfilter.analyzer.task_queue:task_queue.py:892 Failed to pre-cache chat info for task e420ffe5-84fb-4536-9c23-994c5c0ce7d0: 'MockExecutor' object has no attribute 'pre_cache_chats'
INFO     chatfilter.analyzer.task_queue:task_queue.py:1048 Task e420ffe5-84fb-4536-9c23-994c5c0ce7d0 completed with 1 results
INFO     chatfilter.utils.memory:memory.py:71 Task e420ffe5-84fb-4536-9c23-994c5c0ce7d0 completed: Memory usage: RSS=166.7MB, VMS=401632.9MB, 1.0%
INFO     chatfilter.analyzer.task_queue:task_queue.py:432 Created analysis task 774fe514-33df-488b-b185-966979d8a7b2 for 1 chats
INFO     chatfilter.utils.memory:memory.py:71 Task 774fe514-33df-488b-b185-966979d8a7b2 start: Memory usage: RSS=166.7MB, VMS=401632.9MB, 1.0%
WARNING  chatfilter.analyzer.task_queue:task_queue.py:892 Failed to pre-cache chat info for task 774fe514-33df-488b-b185-966979d8a7b2: 'MockExecutor' object has no attribute 'pre_cache_chats'
INFO     chatfilter.analyzer.task_queue:task_queue.py:1048 Task 774fe514-33df-488b-b185-966979d8a7b2 completed with 1 results
INFO     chatfilter.utils.memory:memory.py:71 Task 774fe514-33df-488b-b185-966979d8a7b2 completed: Memory usage: RSS=166.7MB, VMS=401632.9MB, 1.0%
INFO     chatfilter.analyzer.task_queue:task_queue.py:432 Created analysis task 3b0c1963-bbb5-4a08-8c1f-b53efdbd50e7 for 1 chats
INFO     chatfilter.utils.memory:memory.py:71 Task 3b0c1963-bbb5-4a08-8c1f-b53efdbd50e7 start: Memory usage: RSS=166.7MB, VMS=401632.9MB, 1.0%
WARNING  chatfilter.analyzer.task_queue:task_queue.py:892 Failed to pre-cache chat info for task 3b0c1963-bbb5-4a08-8c1f-b53efdbd50e7: 'MockExecutor' object has no attribute 'pre_cache_chats'
INFO     chatfilter.analyzer.task_queue:task_queue.py:1048 Task 3b0c1963-bbb5-4a08-8c1f-b53efdbd50e7 completed with 1 results
INFO     chatfilter.utils.memory:memory.py:71 Task 3b0c1963-bbb5-4a08-8c1f-b53efdbd50e7 completed: Memory usage: RSS=166.7MB, VMS=401632.9MB, 1.0%
INFO     chatfilter.analyzer.task_queue:task_queue.py:432 Created analysis task 3ee38a4e-861d-4daa-995f-aea9d28ce066 for 1 chats
INFO     chatfilter.utils.memory:memory.py:71 Task 3ee38a4e-861d-4daa-995f-aea9d28ce066 start: Memory usage: RSS=166.7MB, VMS=401632.9MB, 1.0%
WARNING  chatfilter.analyzer.task_queue:task_queue.py:892 Failed to pre-cache chat info for task 3ee38a4e-861d-4daa-995f-aea9d28ce066: 'MockExecutor' object has no attribute 'pre_cache_chats'
INFO     chatfilter.analyzer.task_queue:task_queue.py:1048 Task 3ee38a4e-861d-4daa-995f-aea9d28ce066 completed with 1 results
INFO     chatfilter.utils.memory:memory.py:71 Task 3ee38a4e-861d-4daa-995f-aea9d28ce066 completed: Memory usage: RSS=166.7MB, VMS=401632.9MB, 1.0%
INFO     chatfilter.analyzer.task_queue:task_queue.py:432 Created analysis task 2bab2a1b-48bb-423f-869c-e28f7b64cc7b for 1 chats
INFO     chatfilter.utils.memory:memory.py:71 Task 2bab2a1b-48bb-423f-869c-e28f7b64cc7b start: Memory usage: RSS=166.7MB, VMS=401632.9MB, 1.0%
WARNING  chatfilter.analyzer.task_queue:task_queue.py:892 Failed to pre-cache chat info for task 2bab2a1b-48bb-423f-869c-e28f7b64cc7b: 'MockExecutor' object has no attribute 'pre_cache_chats'
INFO     chatfilter.analyzer.task_queue:task_queue.py:1048 Task 2bab2a1b-48bb-423f-869c-e28f7b64cc7b completed with 1 results
INFO     chatfilter.utils.memory:memory.py:71 Task 2bab2a1b-48bb-423f-869c-e28f7b64cc7b completed: Memory usage: RSS=166.7MB, VMS=401632.9MB, 1.0%
INFO     chatfilter.analyzer.task_queue:task_queue.py:432 Created analysis task 071402d6-6b69-41f3-9f74-f676098c858c for 1 chats
INFO     chatfilter.utils.memory:memory.py:71 Task 071402d6-6b69-41f3-9f74-f676098c858c start: Memory usage: RSS=166.7MB, VMS=401632.9MB, 1.0%
WARNING  chatfilter.analyzer.task_queue:task_queue.py:892 Failed to pre-cache chat info for task 071402d6-6b69-41f3-9f74-f676098c858c: 'MockExecutor' object has no attribute 'pre_cache_chats'
INFO     chatfilter.analyzer.task_queue:task_queue.py:1048 Task 071402d6-6b69-41f3-9f74-f676098c858c completed with 1 results
INFO     chatfilter.utils.memory:memory.py:71 Task 071402d6-6b69-41f3-9f74-f676098c858c completed: Memory usage: RSS=166.7MB, VMS=401632.9MB, 1.0%
INFO     chatfilter.analyzer.task_queue:task_queue.py:1160 Auto-cleanup triggered: 10 completed tasks (threshold: 10)
INFO     chatfilter.analyzer.task_queue:task_queue.py:1138 Cleared 10 completed tasks from memory (preserved in database)
INFO     chatfilter.analyzer.task_queue:task_queue.py:432 Created analysis task ec17732d-7975-48f1-900d-3129343b05dd for 1 chats
INFO     chatfilter.utils.memory:memory.py:71 Task ec17732d-7975-48f1-900d-3129343b05dd start: Memory usage: RSS=166.7MB, VMS=401632.9MB, 1.0%
WARNING  chatfilter.analyzer.task_queue:task_queue.py:892 Failed to pre-cache chat info for task ec17732d-7975-48f1-900d-3129343b05dd: 'MockExecutor' object has no attribute 'pre_cache_chats'
INFO     chatfilter.analyzer.task_queue:task_queue.py:1048 Task ec17732d-7975-48f1-900d-3129343b05dd completed with 1 results
INFO     chatfilter.utils.memory:memory.py:71 Task ec17732d-7975-48f1-900d-3129343b05dd completed: Memory usage: RSS=166.7MB, VMS=401632.9MB, 1.0%
INFO     chatfilter.analyzer.task_queue:task_queue.py:432 Created analysis task 081454ab-35c3-412d-b342-20218cd03995 for 1 chats
INFO     chatfilter.utils.memory:memory.py:71 Task 081454ab-35c3-412d-b342-20218cd03995 start: Memory usage: RSS=166.7MB, VMS=401632.9MB, 1.0%
WARNING  chatfilter.analyzer.task_queue:task_queue.py:892 Failed to pre-cache chat info for task 081454ab-35c3-412d-b342-20218cd03995: 'MockExecutor' object has no attribute 'pre_cache_chats'
INFO     chatfilter.analyzer.task_queue:task_queue.py:1048 Task 081454ab-35c3-412d-b342-20218cd03995 completed with 1 results
INFO     chatfilter.utils.memory:memory.py:71 Task 081454ab-35c3-412d-b342-20218cd03995 completed: Memory usage: RSS=166.7MB, VMS=401632.9MB, 1.0%
INFO     chatfilter.analyzer.task_queue:task_queue.py:432 Created analysis task b6514ce8-933b-46ba-a3d1-917627032976 for 1 chats
INFO     chatfilter.utils.memory:memory.py:71 Task b6514ce8-933b-46ba-a3d1-917627032976 start: Memory usage: RSS=166.7MB, VMS=401632.9MB, 1.0%
WARNING  chatfilter.analyzer.task_queue:task_queue.py:892 Failed to pre-cache chat info for task b6514ce8-933b-46ba-a3d1-917627032976: 'MockExecutor' object has no attribute 'pre_cache_chats'
INFO     chatfilter.analyzer.task_queue:task_queue.py:1048 Task b6514ce8-933b-46ba-a3d1-917627032976 completed with 1 results
INFO     chatfilter.utils.memory:memory.py:71 Task b6514ce8-933b-46ba-a3d1-917627032976 completed: Memory usage: RSS=166.7MB, VMS=401632.9MB, 1.0%
INFO     chatfilter.analyzer.task_queue:task_queue.py:432 Created analysis task 20bd1058-03ac-4bb6-b7ff-a10c2a2522ad for 1 chats
INFO     chatfilter.utils.memory:memory.py:71 Task 20bd1058-03ac-4bb6-b7ff-a10c2a2522ad start: Memory usage: RSS=166.7MB, VMS=401632.9MB, 1.0%
WARNING  chatfilter.analyzer.task_queue:task_queue.py:892 Failed to pre-cache chat info for task 20bd1058-03ac-4bb6-b7ff-a10c2a2522ad: 'MockExecutor' object has no attribute 'pre_cache_chats'
INFO     chatfilter.analyzer.task_queue:task_queue.py:1048 Task 20bd1058-03ac-4bb6-b7ff-a10c2a2522ad completed with 1 results
INFO     chatfilter.utils.memory:memory.py:71 Task 20bd1058-03ac-4bb6-b7ff-a10c2a2522ad completed: Memory usage: RSS=166.7MB, VMS=401632.9MB, 1.0%
INFO     chatfilter.analyzer.task_queue:task_queue.py:432 Created analysis task 08ac40e9-84cd-454c-bac1-e32284c12aed for 1 chats
INFO     chatfilter.utils.memory:memory.py:71 Task 08ac40e9-84cd-454c-bac1-e32284c12aed start: Memory usage: RSS=166.7MB, VMS=401632.9MB, 1.0%
WARNING  chatfilter.analyzer.task_queue:task_queue.py:892 Failed to pre-cache chat info for task 08ac40e9-84cd-454c-bac1-e32284c12aed: 'MockExecutor' object has no attribute 'pre_cache_chats'
INFO     chatfilter.analyzer.task_queue:task_queue.py:1048 Task 08ac40e9-84cd-454c-bac1-e32284c12aed completed with 1 results
INFO     chatfilter.utils.memory:memory.py:71 Task 08ac40e9-84cd-454c-bac1-e32284c12aed completed: Memory usage: RSS=166.7MB, VMS=401632.9MB, 1.0%
INFO     chatfilter.analyzer.task_queue:task_queue.py:432 Created analysis task ad4e46b3-7a9a-45b9-b307-e666c262b739 for 1 chats
INFO     chatfilter.utils.memory:memory.py:71 Task ad4e46b3-7a9a-45b9-b307-e666c262b739 start: Memory usage: RSS=166.7MB, VMS=401632.9MB, 1.0%
WARNING  chatfilter.analyzer.task_queue:task_queue.py:892 Failed to pre-cache chat info for task ad4e46b3-7a9a-45b9-b307-e666c262b739: 'MockExecutor' object has no attribute 'pre_cache_chats'
INFO     chatfilter.analyzer.task_queue:task_queue.py:1048 Task ad4e46b3-7a9a-45b9-b307-e666c262b739 completed with 1 results
INFO     chatfilter.utils.memory:memory.py:71 Task ad4e46b3-7a9a-45b9-b307-e666c262b739 completed: Memory usage: RSS=166.7MB, VMS=401632.9MB, 1.0%
INFO     chatfilter.analyzer.task_queue:task_queue.py:432 Created analysis task f1709dbf-f123-41d5-aae7-bae4365eac43 for 1 chats
INFO     chatfilter.utils.memory:memory.py:71 Task f1709dbf-f123-41d5-aae7-bae4365eac43 start: Memory usage: RSS=166.7MB, VMS=401632.9MB, 1.0%
WARNING  chatfilter.analyzer.task_queue:task_queue.py:892 Failed to pre-cache chat info for task f1709dbf-f123-41d5-aae7-bae4365eac43: 'MockExecutor' object has no attribute 'pre_cache_chats'
INFO     chatfilter.analyzer.task_queue:task_queue.py:1048 Task f1709dbf-f123-41d5-aae7-bae4365eac43 completed with 1 results
INFO     chatfilter.utils.memory:memory.py:71 Task f1709dbf-f123-41d5-aae7-bae4365eac43 completed: Memory usage: RSS=166.7MB, VMS=401632.9MB, 1.0%
INFO     chatfilter.analyzer.task_queue:task_queue.py:432 Created analysis task 0a80b3d5-f4d7-4087-b50a-77a1ea59f332 for 1 chats
INFO     chatfilter.utils.memory:memory.py:71 Task 0a80b3d5-f4d7-4087-b50a-77a1ea59f332 start: Memory usage: RSS=166.7MB, VMS=401632.9MB, 1.0%
WARNING  chatfilter.analyzer.task_queue:task_queue.py:892 Failed to pre-cache chat info for task 0a80b3d5-f4d7-4087-b50a-77a1ea59f332: 'MockExecutor' object has no attribute 'pre_cache_chats'
INFO     chatfilter.analyzer.task_queue:task_queue.py:1048 Task 0a80b3d5-f4d7-4087-b50a-77a1ea59f332 completed with 1 results
INFO     chatfilter.utils.memory:memory.py:71 Task 0a80b3d5-f4d7-4087-b50a-77a1ea59f332 completed: Memory usage: RSS=166.8MB, VMS=401632.9MB, 1.0%
INFO     chatfilter.analyzer.task_queue:task_queue.py:432 Created analysis task 6685a744-3a24-4754-bf14-8da75d40b574 for 1 chats
INFO     chatfilter.utils.memory:memory.py:71 Task 6685a744-3a24-4754-bf14-8da75d40b574 start: Memory usage: RSS=166.8MB, VMS=401632.9MB, 1.0%
WARNING  chatfilter.analyzer.task_queue:task_queue.py:892 Failed to pre-cache chat info for task 6685a744-3a24-4754-bf14-8da75d40b574: 'MockExecutor' object has no attribute 'pre_cache_chats'
INFO     chatfilter.analyzer.task_queue:task_queue.py:1048 Task 6685a744-3a24-4754-bf14-8da75d40b574 completed with 1 results
INFO     chatfilter.utils.memory:memory.py:71 Task 6685a744-3a24-4754-bf14-8da75d40b574 completed: Memory usage: RSS=166.8MB, VMS=401632.9MB, 1.0%
INFO     chatfilter.analyzer.task_queue:task_queue.py:432 Created analysis task 60bcc09d-6275-4fa0-b9a8-0ac14c782471 for 1 chats
INFO     chatfilter.utils.memory:memory.py:71 Task 60bcc09d-6275-4fa0-b9a8-0ac14c782471 start: Memory usage: RSS=166.8MB, VMS=401632.9MB, 1.0%
WARNING  chatfilter.analyzer.task_queue:task_queue.py:892 Failed to pre-cache chat info for task 60bcc09d-6275-4fa0-b9a8-0ac14c782471: 'MockExecutor' object has no attribute 'pre_cache_chats'
INFO     chatfilter.analyzer.task_queue:task_queue.py:1048 Task 60bcc09d-6275-4fa0-b9a8-0ac14c782471 completed with 1 results
INFO     chatfilter.utils.memory:memory.py:71 Task 60bcc09d-6275-4fa0-b9a8-0ac14c782471 completed: Memory usage: RSS=166.8MB, VMS=401632.9MB, 1.0%
INFO     chatfilter.analyzer.task_queue:task_queue.py:1160 Auto-cleanup triggered: 10 completed tasks (threshold: 10)
INFO     chatfilter.analyzer.task_queue:task_queue.py:1138 Cleared 10 completed tasks from memory (preserved in database)
INFO     chatfilter.analyzer.task_queue:task_queue.py:432 Created analysis task 32b2e6fb-e42e-4de9-b1ab-4a08f1f5c268 for 1 chats
INFO     chatfilter.utils.memory:memory.py:71 Task 32b2e6fb-e42e-4de9-b1ab-4a08f1f5c268 start: Memory usage: RSS=166.8MB, VMS=401632.9MB, 1.0%
WARNING  chatfilter.analyzer.task_queue:task_queue.py:892 Failed to pre-cache chat info for task 32b2e6fb-e42e-4de9-b1ab-4a08f1f5c268: 'MockExecutor' object has no attribute 'pre_cache_chats'
INFO     chatfilter.analyzer.task_queue:task_queue.py:1048 Task 32b2e6fb-e42e-4de9-b1ab-4a08f1f5c268 completed with 1 results
INFO     chatfilter.utils.memory:memory.py:71 Task 32b2e6fb-e42e-4de9-b1ab-4a08f1f5c268 completed: Memory usage: RSS=166.8MB, VMS=401632.9MB, 1.0%
INFO     chatfilter.analyzer.task_queue:task_queue.py:432 Created analysis task 206dca0f-fcc3-43fa-affd-243bafd9ee17 for 1 chats
INFO     chatfilter.utils.memory:memory.py:71 Task 206dca0f-fcc3-43fa-affd-243bafd9ee17 start: Memory usage: RSS=166.8MB, VMS=401632.9MB, 1.0%
WARNING  chatfilter.analyzer.task_queue:task_queue.py:892 Failed to pre-cache chat info for task 206dca0f-fcc3-43fa-affd-243bafd9ee17: 'MockExecutor' object has no attribute 'pre_cache_chats'
INFO     chatfilter.analyzer.task_queue:task_queue.py:1048 Task 206dca0f-fcc3-43fa-affd-243bafd9ee17 completed with 1 results
INFO     chatfilter.utils.memory:memory.py:71 Task 206dca0f-fcc3-43fa-affd-243bafd9ee17 completed: Memory usage: RSS=166.8MB, VMS=401632.9MB, 1.0%
INFO     chatfilter.analyzer.task_queue:task_queue.py:432 Created analysis task 6854521d-0446-4116-9583-11e92d04a12a for 1 chats
INFO     chatfilter.utils.memory:memory.py:71 Task 6854521d-0446-4116-9583-11e92d04a12a start: Memory usage: RSS=166.8MB, VMS=401632.9MB, 1.0%
WARNING  chatfilter.analyzer.task_queue:task_queue.py:892 Failed to pre-cache chat info for task 6854521d-0446-4116-9583-11e92d04a12a: 'MockExecutor' object has no attribute 'pre_cache_chats'
INFO     chatfilter.analyzer.task_queue:task_queue.py:1048 Task 6854521d-0446-4116-9583-11e92d04a12a completed with 1 results
INFO     chatfilter.utils.memory:memory.py:71 Task 6854521d-0446-4116-9583-11e92d04a12a completed: Memory usage: RSS=166.8MB, VMS=401632.9MB, 1.0%
INFO     chatfilter.analyzer.task_queue:task_queue.py:432 Created analysis task 2cf3f97b-251d-4200-a5a9-e9f7574da478 for 1 chats
INFO     chatfilter.utils.memory:memory.py:71 Task 2cf3f97b-251d-4200-a5a9-e9f7574da478 start: Memory usage: RSS=166.8MB, VMS=401632.9MB, 1.0%
WARNING  chatfilter.analyzer.task_queue:task_queue.py:892 Failed to pre-cache chat info for task 2cf3f97b-251d-4200-a5a9-e9f7574da478: 'MockExecutor' object has no attribute 'pre_cache_chats'
INFO     chatfilter.analyzer.task_queue:task_queue.py:1048 Task 2cf3f97b-251d-4200-a5a9-e9f7574da478 completed with 1 results
INFO     chatfilter.utils.memory:memory.py:71 Task 2cf3f97b-251d-4200-a5a9-e9f7574da478 completed: Memory usage: RSS=166.8MB, VMS=401632.9MB, 1.0%
INFO     chatfilter.analyzer.task_queue:task_queue.py:432 Created analysis task 0cb8e9be-d66c-4cba-9b27-3cc438498405 for 1 chats
INFO     chatfilter.utils.memory:memory.py:71 Task 0cb8e9be-d66c-4cba-9b27-3cc438498405 start: Memory usage: RSS=166.8MB, VMS=401632.9MB, 1.0%
WARNING  chatfilter.analyzer.task_queue:task_queue.py:892 Failed to pre-cache chat info for task 0cb8e9be-d66c-4cba-9b27-3cc438498405: 'MockExecutor' object has no attribute 'pre_cache_chats'
INFO     chatfilter.analyzer.task_queue:task_queue.py:1048 Task 0cb8e9be-d66c-4cba-9b27-3cc438498405 completed with 1 results
INFO     chatfilter.utils.memory:memory.py:71 Task 0cb8e9be-d66c-4cba-9b27-3cc438498405 completed: Memory usage: RSS=166.8MB, VMS=401632.9MB, 1.0%
INFO     chatfilter.analyzer.task_queue:task_queue.py:432 Created analysis task d12b7986-8278-4683-ae2c-44f03f2d7bc7 for 1 chats
INFO     chatfilter.utils.memory:memory.py:71 Task d12b7986-8278-4683-ae2c-44f03f2d7bc7 start: Memory usage: RSS=166.8MB, VMS=401632.9MB, 1.0%
WARNING  chatfilter.analyzer.task_queue:task_queue.py:892 Failed to pre-cache chat info for task d12b7986-8278-4683-ae2c-44f03f2d7bc7: 'MockExecutor' object has no attribute 'pre_cache_chats'
INFO     chatfilter.analyzer.task_queue:task_queue.py:1048 Task d12b7986-8278-4683-ae2c-44f03f2d7bc7 completed with 1 results
INFO     chatfilter.utils.memory:memory.py:71 Task d12b7986-8278-4683-ae2c-44f03f2d7bc7 completed: Memory usage: RSS=166.8MB, VMS=401632.9MB, 1.0%
INFO     chatfilter.analyzer.task_queue:task_queue.py:432 Created analysis task 180a5453-8cd8-4c40-b0bc-1bceb55261a0 for 1 chats
INFO     chatfilter.utils.memory:memory.py:71 Task 180a5453-8cd8-4c40-b0bc-1bceb55261a0 start: Memory usage: RSS=166.8MB, VMS=401632.9MB, 1.0%
WARNING  chatfilter.analyzer.task_queue:task_queue.py:892 Failed to pre-cache chat info for task 180a5453-8cd8-4c40-b0bc-1bceb55261a0: 'MockExecutor' object has no attribute 'pre_cache_chats'
INFO     chatfilter.analyzer.task_queue:task_queue.py:1048 Task 180a5453-8cd8-4c40-b0bc-1bceb55261a0 completed with 1 results
INFO     chatfilter.utils.memory:memory.py:71 Task 180a5453-8cd8-4c40-b0bc-1bceb55261a0 completed: Memory usage: RSS=166.8MB, VMS=401632.9MB, 1.0%
INFO     chatfilter.analyzer.task_queue:task_queue.py:432 Created analysis task 2fd4c287-8e27-4122-a0ff-60a20963e256 for 1 chats
INFO     chatfilter.utils.memory:memory.py:71 Task 2fd4c287-8e27-4122-a0ff-60a20963e256 start: Memory usage: RSS=166.8MB, VMS=401632.9MB, 1.0%
WARNING  chatfilter.analyzer.task_queue:task_queue.py:892 Failed to pre-cache chat info for task 2fd4c287-8e27-4122-a0ff-60a20963e256: 'MockExecutor' object has no attribute 'pre_cache_chats'
INFO     chatfilter.analyzer.task_queue:task_queue.py:1048 Task 2fd4c287-8e27-4122-a0ff-60a20963e256 completed with 1 results
INFO     chatfilter.utils.memory:memory.py:71 Task 2fd4c287-8e27-4122-a0ff-60a20963e256 completed: Memory usage: RSS=166.8MB, VMS=401632.9MB, 1.0%
INFO     chatfilter.analyzer.task_queue:task_queue.py:432 Created analysis task df534798-32c0-446d-918d-20373b3e3332 for 1 chats
INFO     chatfilter.utils.memory:memory.py:71 Task df534798-32c0-446d-918d-20373b3e3332 start: Memory usage: RSS=166.8MB, VMS=401632.9MB, 1.0%
WARNING  chatfilter.analyzer.task_queue:task_queue.py:892 Failed to pre-cache chat info for task df534798-32c0-446d-918d-20373b3e3332: 'MockExecutor' object has no attribute 'pre_cache_chats'
INFO     chatfilter.analyzer.task_queue:task_queue.py:1048 Task df534798-32c0-446d-918d-20373b3e3332 completed with 1 results
INFO     chatfilter.utils.memory:memory.py:71 Task df534798-32c0-446d-918d-20373b3e3332 completed: Memory usage: RSS=166.8MB, VMS=401632.9MB, 1.0%
INFO     chatfilter.analyzer.task_queue:task_queue.py:432 Created analysis task 863620ed-35c9-4bed-bbdf-408410122aad for 1 chats
INFO     chatfilter.utils.memory:memory.py:71 Task 863620ed-35c9-4bed-bbdf-408410122aad start: Memory usage: RSS=166.8MB, VMS=401632.9MB, 1.0%
WARNING  chatfilter.analyzer.task_queue:task_queue.py:892 Failed to pre-cache chat info for task 863620ed-35c9-4bed-bbdf-408410122aad: 'MockExecutor' object has no attribute 'pre_cache_chats'
INFO     chatfilter.analyzer.task_queue:task_queue.py:1048 Task 863620ed-35c9-4bed-bbdf-408410122aad completed with 1 results
INFO     chatfilter.utils.memory:memory.py:71 Task 863620ed-35c9-4bed-bbdf-408410122aad completed: Memory usage: RSS=166.8MB, VMS=401632.9MB, 1.0%
INFO     chatfilter.analyzer.task_queue:task_queue.py:1160 Auto-cleanup triggered: 10 completed tasks (threshold: 10)
INFO     chatfilter.analyzer.task_queue:task_queue.py:1138 Cleared 10 completed tasks from memory (preserved in database)
INFO     chatfilter.analyzer.task_queue:task_queue.py:432 Created analysis task 7477750a-6b8c-4f8d-a54c-fc56df4d7aca for 1 chats
INFO     chatfilter.utils.memory:memory.py:71 Task 7477750a-6b8c-4f8d-a54c-fc56df4d7aca start: Memory usage: RSS=166.8MB, VMS=401632.9MB, 1.0%
WARNING  chatfilter.analyzer.task_queue:task_queue.py:892 Failed to pre-cache chat info for task 7477750a-6b8c-4f8d-a54c-fc56df4d7aca: 'MockExecutor' object has no attribute 'pre_cache_chats'
INFO     chatfilter.analyzer.task_queue:task_queue.py:1048 Task 7477750a-6b8c-4f8d-a54c-fc56df4d7aca completed with 1 results
INFO     chatfilter.utils.memory:memory.py:71 Task 7477750a-6b8c-4f8d-a54c-fc56df4d7aca completed: Memory usage: RSS=166.8MB, VMS=401632.9MB, 1.0%
INFO     chatfilter.analyzer.task_queue:task_queue.py:432 Created analysis task 5e8e90f8-301b-45da-86bf-75d62713000f for 1 chats
INFO     chatfilter.utils.memory:memory.py:71 Task 5e8e90f8-301b-45da-86bf-75d62713000f start: Memory usage: RSS=166.8MB, VMS=401632.9MB, 1.0%
WARNING  chatfilter.analyzer.task_queue:task_queue.py:892 Failed to pre-cache chat info for task 5e8e90f8-301b-45da-86bf-75d62713000f: 'MockExecutor' object has no attribute 'pre_cache_chats'
INFO     chatfilter.analyzer.task_queue:task_queue.py:1048 Task 5e8e90f8-301b-45da-86bf-75d62713000f completed with 1 results
INFO     chatfilter.utils.memory:memory.py:71 Task 5e8e90f8-301b-45da-86bf-75d62713000f completed: Memory usage: RSS=166.8MB, VMS=401632.9MB, 1.0%
INFO     chatfilter.analyzer.task_queue:task_queue.py:432 Created analysis task 7822a2e2-5e15-4844-990e-31764ed832a9 for 1 chats
INFO     chatfilter.utils.memory:memory.py:71 Task 7822a2e2-5e15-4844-990e-31764ed832a9 start: Memory usage: RSS=166.8MB, VMS=401632.9MB, 1.0%
WARNING  chatfilter.analyzer.task_queue:task_queue.py:892 Failed to pre-cache chat info for task 7822a2e2-5e15-4844-990e-31764ed832a9: 'MockExecutor' object has no attribute 'pre_cache_chats'
INFO     chatfilter.analyzer.task_queue:task_queue.py:1048 Task 7822a2e2-5e15-4844-990e-31764ed832a9 completed with 1 results
INFO     chatfilter.utils.memory:memory.py:71 Task 7822a2e2-5e15-4844-990e-31764ed832a9 completed: Memory usage: RSS=166.8MB, VMS=401632.9MB, 1.0%
INFO     chatfilter.analyzer.task_queue:task_queue.py:432 Created analysis task 992916cf-69ff-44ba-b87e-8b5b3a6de0eb for 1 chats
INFO     chatfilter.utils.memory:memory.py:71 Task 992916cf-69ff-44ba-b87e-8b5b3a6de0eb start: Memory usage: RSS=166.8MB, VMS=401632.9MB, 1.0%
WARNING  chatfilter.analyzer.task_queue:task_queue.py:892 Failed to pre-cache chat info for task 992916cf-69ff-44ba-b87e-8b5b3a6de0eb: 'MockExecutor' object has no attribute 'pre_cache_chats'
INFO     chatfilter.analyzer.task_queue:task_queue.py:1048 Task 992916cf-69ff-44ba-b87e-8b5b3a6de0eb completed with 1 results
INFO     chatfilter.utils.memory:memory.py:71 Task 992916cf-69ff-44ba-b87e-8b5b3a6de0eb completed: Memory usage: RSS=166.8MB, VMS=401632.9MB, 1.0%
INFO     chatfilter.analyzer.task_queue:task_queue.py:432 Created analysis task c71613d6-2b1d-441e-ad29-8173b88674bd for 1 chats
INFO     chatfilter.utils.memory:memory.py:71 Task c71613d6-2b1d-441e-ad29-8173b88674bd start: Memory usage: RSS=166.8MB, VMS=401632.9MB, 1.0%
WARNING  chatfilter.analyzer.task_queue:task_queue.py:892 Failed to pre-cache chat info for task c71613d6-2b1d-441e-ad29-8173b88674bd: 'MockExecutor' object has no attribute 'pre_cache_chats'
INFO     chatfilter.analyzer.task_queue:task_queue.py:1048 Task c71613d6-2b1d-441e-ad29-8173b88674bd completed with 1 results
INFO     chatfilter.utils.memory:memory.py:71 Task c71613d6-2b1d-441e-ad29-8173b88674bd completed: Memory usage: RSS=166.8MB, VMS=401632.9MB, 1.0%
INFO     chatfilter.analyzer.task_queue:task_queue.py:432 Created analysis task acb89045-82df-40fb-b35f-5bbb57ed10aa for 1 chats
INFO     chatfilter.utils.memory:memory.py:71 Task acb89045-82df-40fb-b35f-5bbb57ed10aa start: Memory usage: RSS=166.8MB, VMS=401632.9MB, 1.0%
WARNING  chatfilter.analyzer.task_queue:task_queue.py:892 Failed to pre-cache chat info for task acb89045-82df-40fb-b35f-5bbb57ed10aa: 'MockExecutor' object has no attribute 'pre_cache_chats'
INFO     chatfilter.analyzer.task_queue:task_queue.py:1048 Task acb89045-82df-40fb-b35f-5bbb57ed10aa completed with 1 results
INFO     chatfilter.utils.memory:memory.py:71 Task acb89045-82df-40fb-b35f-5bbb57ed10aa completed: Memory usage: RSS=166.8MB, VMS=401632.9MB, 1.0%
INFO     chatfilter.analyzer.task_queue:task_queue.py:432 Created analysis task 7abef09f-7259-472d-9bb1-08c0ca138d3a for 1 chats
INFO     chatfilter.utils.memory:memory.py:71 Task 7abef09f-7259-472d-9bb1-08c0ca138d3a start: Memory usage: RSS=166.8MB, VMS=401632.9MB, 1.0%
WARNING  chatfilter.analyzer.task_queue:task_queue.py:892 Failed to pre-cache chat info for task 7abef09f-7259-472d-9bb1-08c0ca138d3a: 'MockExecutor' object has no attribute 'pre_cache_chats'
INFO     chatfilter.analyzer.task_queue:task_queue.py:1048 Task 7abef09f-7259-472d-9bb1-08c0ca138d3a completed with 1 results
INFO     chatfilter.utils.memory:memory.py:71 Task 7abef09f-7259-472d-9bb1-08c0ca138d3a completed: Memory usage: RSS=166.8MB, VMS=401632.9MB, 1.0%
INFO     chatfilter.analyzer.task_queue:task_queue.py:432 Created analysis task 25c48197-da7e-44a1-86b9-0c56af24e3fb for 1 chats
INFO     chatfilter.utils.memory:memory.py:71 Task 25c48197-da7e-44a1-86b9-0c56af24e3fb start: Memory usage: RSS=166.8MB, VMS=401632.9MB, 1.0%
WARNING  chatfilter.analyzer.task_queue:task_queue.py:892 Failed to pre-cache chat info for task 25c48197-da7e-44a1-86b9-0c56af24e3fb: 'MockExecutor' object has no attribute 'pre_cache_chats'
INFO     chatfilter.analyzer.task_queue:task_queue.py:1048 Task 25c48197-da7e-44a1-86b9-0c56af24e3fb completed with 1 results
INFO     chatfilter.utils.memory:memory.py:71 Task 25c48197-da7e-44a1-86b9-0c56af24e3fb completed: Memory usage: RSS=166.8MB, VMS=401632.9MB, 1.0%
INFO     chatfilter.analyzer.task_queue:task_queue.py:432 Created analysis task b076ab21-eacb-446c-9ed9-51c266b15658 for 1 chats
INFO     chatfilter.utils.memory:memory.py:71 Task b076ab21-eacb-446c-9ed9-51c266b15658 start: Memory usage: RSS=166.8MB, VMS=401632.9MB, 1.0%
WARNING  chatfilter.analyzer.task_queue:task_queue.py:892 Failed to pre-cache chat info for task b076ab21-eacb-446c-9ed9-51c266b15658: 'MockExecutor' object has no attribute 'pre_cache_chats'
INFO     chatfilter.analyzer.task_queue:task_queue.py:1048 Task b076ab21-eacb-446c-9ed9-51c266b15658 completed with 1 results
INFO     chatfilter.utils.memory:memory.py:71 Task b076ab21-eacb-446c-9ed9-51c266b15658 completed: Memory usage: RSS=166.8MB, VMS=401632.9MB, 1.0%
INFO     chatfilter.analyzer.task_queue:task_queue.py:432 Created analysis task 7eb5aa45-7f1e-4756-b46c-cd0584c872c6 for 1 chats
INFO     chatfilter.utils.memory:memory.py:71 Task 7eb5aa45-7f1e-4756-b46c-cd0584c872c6 start: Memory usage: RSS=166.8MB, VMS=401632.9MB, 1.0%
WARNING  chatfilter.analyzer.task_queue:task_queue.py:892 Failed to pre-cache chat info for task 7eb5aa45-7f1e-4756-b46c-cd0584c872c6: 'MockExecutor' object has no attribute 'pre_cache_chats'
INFO     chatfilter.analyzer.task_queue:task_queue.py:1048 Task 7eb5aa45-7f1e-4756-b46c-cd0584c872c6 completed with 1 results
INFO     chatfilter.utils.memory:memory.py:71 Task 7eb5aa45-7f1e-4756-b46c-cd0584c872c6 completed: Memory usage: RSS=166.8MB, VMS=401632.9MB, 1.0%
INFO     chatfilter.analyzer.task_queue:task_queue.py:1160 Auto-cleanup triggered: 10 completed tasks (threshold: 10)
INFO     chatfilter.analyzer.task_queue:task_queue.py:1138 Cleared 10 completed tasks from memory (preserved in database)
INFO     chatfilter.analyzer.task_queue:task_queue.py:432 Created analysis task 2b143a34-bdfe-46bb-aa67-ed6546910d5d for 1 chats
INFO     chatfilter.utils.memory:memory.py:71 Task 2b143a34-bdfe-46bb-aa67-ed6546910d5d start: Memory usage: RSS=166.8MB, VMS=401632.9MB, 1.0%
WARNING  chatfilter.analyzer.task_queue:task_queue.py:892 Failed to pre-cache chat info for task 2b143a34-bdfe-46bb-aa67-ed6546910d5d: 'MockExecutor' object has no attribute 'pre_cache_chats'
INFO     chatfilter.analyzer.task_queue:task_queue.py:1048 Task 2b143a34-bdfe-46bb-aa67-ed6546910d5d completed with 1 results
INFO     chatfilter.utils.memory:memory.py:71 Task 2b143a34-bdfe-46bb-aa67-ed6546910d5d completed: Memory usage: RSS=166.9MB, VMS=401632.9MB, 1.0%
INFO     chatfilter.analyzer.task_queue:task_queue.py:432 Created analysis task c1e8bf74-9e1e-461f-a6b6-8c54a7f434bb for 1 chats
INFO     chatfilter.utils.memory:memory.py:71 Task c1e8bf74-9e1e-461f-a6b6-8c54a7f434bb start: Memory usage: RSS=166.9MB, VMS=401632.9MB, 1.0%
WARNING  chatfilter.analyzer.task_queue:task_queue.py:892 Failed to pre-cache chat info for task c1e8bf74-9e1e-461f-a6b6-8c54a7f434bb: 'MockExecutor' object has no attribute 'pre_cache_chats'
INFO     chatfilter.analyzer.task_queue:task_queue.py:1048 Task c1e8bf74-9e1e-461f-a6b6-8c54a7f434bb completed with 1 results
INFO     chatfilter.utils.memory:memory.py:71 Task c1e8bf74-9e1e-461f-a6b6-8c54a7f434bb completed: Memory usage: RSS=166.9MB, VMS=401632.9MB, 1.0%
INFO     chatfilter.analyzer.task_queue:task_queue.py:432 Created analysis task a51a1e03-1c20-4062-9d1a-29f25bdcb49c for 1 chats
INFO     chatfilter.utils.memory:memory.py:71 Task a51a1e03-1c20-4062-9d1a-29f25bdcb49c start: Memory usage: RSS=166.9MB, VMS=401632.9MB, 1.0%
WARNING  chatfilter.analyzer.task_queue:task_queue.py:892 Failed to pre-cache chat info for task a51a1e03-1c20-4062-9d1a-29f25bdcb49c: 'MockExecutor' object has no attribute 'pre_cache_chats'
INFO     chatfilter.analyzer.task_queue:task_queue.py:1048 Task a51a1e03-1c20-4062-9d1a-29f25bdcb49c completed with 1 results
INFO     chatfilter.utils.memory:memory.py:71 Task a51a1e03-1c20-4062-9d1a-29f25bdcb49c completed: Memory usage: RSS=166.9MB, VMS=401632.9MB, 1.0%
INFO     chatfilter.analyzer.task_queue:task_queue.py:432 Created analysis task 32dc45a3-3e76-4e0e-820a-3731ab6d2ae5 for 1 chats
INFO     chatfilter.utils.memory:memory.py:71 Task 32dc45a3-3e76-4e0e-820a-3731ab6d2ae5 start: Memory usage: RSS=166.9MB, VMS=401632.9MB, 1.0%
WARNING  chatfilter.analyzer.task_queue:task_queue.py:892 Failed to pre-cache chat info for task 32dc45a3-3e76-4e0e-820a-3731ab6d2ae5: 'MockExecutor' object has no attribute 'pre_cache_chats'
INFO     chatfilter.analyzer.task_queue:task_queue.py:1048 Task 32dc45a3-3e76-4e0e-820a-3731ab6d2ae5 completed with 1 results
INFO     chatfilter.utils.memory:memory.py:71 Task 32dc45a3-3e76-4e0e-820a-3731ab6d2ae5 completed: Memory usage: RSS=166.9MB, VMS=401632.9MB, 1.0%
INFO     chatfilter.analyzer.task_queue:task_queue.py:432 Created analysis task fbeeb6c7-3200-41eb-9bc8-427c3eb67586 for 1 chats
INFO     chatfilter.utils.memory:memory.py:71 Task fbeeb6c7-3200-41eb-9bc8-427c3eb67586 start: Memory usage: RSS=166.9MB, VMS=401632.9MB, 1.0%
WARNING  chatfilter.analyzer.task_queue:task_queue.py:892 Failed to pre-cache chat info for task fbeeb6c7-3200-41eb-9bc8-427c3eb67586: 'MockExecutor' object has no attribute 'pre_cache_chats'
INFO     chatfilter.analyzer.task_queue:task_queue.py:1048 Task fbeeb6c7-3200-41eb-9bc8-427c3eb67586 completed with 1 results
INFO     chatfilter.utils.memory:memory.py:71 Task fbeeb6c7-3200-41eb-9bc8-427c3eb67586 completed: Memory usage: RSS=166.9MB, VMS=401632.9MB, 1.0%
INFO     chatfilter.analyzer.task_queue:task_queue.py:432 Created analysis task 633ab749-7df7-4987-b08e-817b9faa99ba for 1 chats
INFO     chatfilter.utils.memory:memory.py:71 Task 633ab749-7df7-4987-b08e-817b9faa99ba start: Memory usage: RSS=166.9MB, VMS=401632.9MB, 1.0%
WARNING  chatfilter.analyzer.task_queue:task_queue.py:892 Failed to pre-cache chat info for task 633ab749-7df7-4987-b08e-817b9faa99ba: 'MockExecutor' object has no attribute 'pre_cache_chats'
INFO     chatfilter.analyzer.task_queue:task_queue.py:1048 Task 633ab749-7df7-4987-b08e-817b9faa99ba completed with 1 results
INFO     chatfilter.utils.memory:memory.py:71 Task 633ab749-7df7-4987-b08e-817b9faa99ba completed: Memory usage: RSS=166.9MB, VMS=401632.9MB, 1.0%
INFO     chatfilter.analyzer.task_queue:task_queue.py:432 Created analysis task 7d684678-c02c-49b0-8952-a5361502f757 for 1 chats
INFO     chatfilter.utils.memory:memory.py:71 Task 7d684678-c02c-49b0-8952-a5361502f757 start: Memory usage: RSS=166.9MB, VMS=401632.9MB, 1.0%
WARNING  chatfilter.analyzer.task_queue:task_queue.py:892 Failed to pre-cache chat info for task 7d684678-c02c-49b0-8952-a5361502f757: 'MockExecutor' object has no attribute 'pre_cache_chats'
INFO     chatfilter.analyzer.task_queue:task_queue.py:1048 Task 7d684678-c02c-49b0-8952-a5361502f757 completed with 1 results
INFO     chatfilter.utils.memory:memory.py:71 Task 7d684678-c02c-49b0-8952-a5361502f757 completed: Memory usage: RSS=166.9MB, VMS=401632.9MB, 1.0%
INFO     chatfilter.analyzer.task_queue:task_queue.py:432 Created analysis task 055829df-2f59-4657-ac22-78583740c842 for 1 chats
INFO     chatfilter.utils.memory:memory.py:71 Task 055829df-2f59-4657-ac22-78583740c842 start: Memory usage: RSS=166.9MB, VMS=401632.9MB, 1.0%
WARNING  chatfilter.analyzer.task_queue:task_queue.py:892 Failed to pre-cache chat info for task 055829df-2f59-4657-ac22-78583740c842: 'MockExecutor' object has no attribute 'pre_cache_chats'
INFO     chatfilter.analyzer.task_queue:task_queue.py:1048 Task 055829df-2f59-4657-ac22-78583740c842 completed with 1 results
INFO     chatfilter.utils.memory:memory.py:71 Task 055829df-2f59-4657-ac22-78583740c842 completed: Memory usage: RSS=166.9MB, VMS=401632.9MB, 1.0%
INFO     chatfilter.analyzer.task_queue:task_queue.py:432 Created analysis task 5103e2e1-d3c1-40a7-8de0-51b2839091f7 for 1 chats
INFO     chatfilter.utils.memory:memory.py:71 Task 5103e2e1-d3c1-40a7-8de0-51b2839091f7 start: Memory usage: RSS=166.9MB, VMS=401632.9MB, 1.0%
WARNING  chatfilter.analyzer.task_queue:task_queue.py:892 Failed to pre-cache chat info for task 5103e2e1-d3c1-40a7-8de0-51b2839091f7: 'MockExecutor' object has no attribute 'pre_cache_chats'
INFO     chatfilter.analyzer.task_queue:task_queue.py:1048 Task 5103e2e1-d3c1-40a7-8de0-51b2839091f7 completed with 1 results
INFO     chatfilter.utils.memory:memory.py:71 Task 5103e2e1-d3c1-40a7-8de0-51b2839091f7 completed: Memory usage: RSS=166.9MB, VMS=401632.9MB, 1.0%
INFO     chatfilter.analyzer.task_queue:task_queue.py:432 Created analysis task 9d2326c8-fb64-4554-9220-cc2d4e1e7dd6 for 1 chats
INFO     chatfilter.utils.memory:memory.py:71 Task 9d2326c8-fb64-4554-9220-cc2d4e1e7dd6 start: Memory usage: RSS=166.9MB, VMS=401632.9MB, 1.0%
WARNING  chatfilter.analyzer.task_queue:task_queue.py:892 Failed to pre-cache chat info for task 9d2326c8-fb64-4554-9220-cc2d4e1e7dd6: 'MockExecutor' object has no attribute 'pre_cache_chats'
INFO     chatfilter.analyzer.task_queue:task_queue.py:1048 Task 9d2326c8-fb64-4554-9220-cc2d4e1e7dd6 completed with 1 results
INFO     chatfilter.utils.memory:memory.py:71 Task 9d2326c8-fb64-4554-9220-cc2d4e1e7dd6 completed: Memory usage: RSS=166.9MB, VMS=401632.9MB, 1.0%
INFO     chatfilter.analyzer.task_queue:task_queue.py:1160 Auto-cleanup triggered: 10 completed tasks (threshold: 10)
INFO     chatfilter.analyzer.task_queue:task_queue.py:1138 Cleared 10 completed tasks from memory (preserved in database)
DEBUG    chatfilter.utils.memory:memory.py:210 Memory snapshot 'end': 166.9MB
INFO     chatfilter.analyzer.task_queue:task_queue.py:702 Task stall monitor shutting down
DEBUG    asyncio:selector_events.py:64 Using selector: KqueueSelector
INFO     chatfilter.analyzer.task_queue:task_queue.py:281 Memory monitoring enabled (threshold: 2048.0MB)
INFO     chatfilter.analyzer.task_queue:task_queue.py:290 Task stall monitoring enabled (timeout: 600.0s)
INFO     chatfilter.analyzer.task_queue:task_queue.py:432 Created analysis task 9335ba27-f0a5-4bbd-a1c2-090d05073392 for 1 chats
INFO     chatfilter.utils.memory:memory.py:71 Task 9335ba27-f0a5-4bbd-a1c2-090d05073392 start: Memory usage: RSS=166.9MB, VMS=401632.9MB, 1.0%
WARNING  chatfilter.analyzer.task_queue:task_queue.py:892 Failed to pre-cache chat info for task 9335ba27-f0a5-4bbd-a1c2-090d05073392: 'MockExecutor' object has no attribute 'pre_cache_chats'
INFO     chatfilter.analyzer.task_queue:task_queue.py:1048 Task 9335ba27-f0a5-4bbd-a1c2-090d05073392 completed with 1 results
INFO     chatfilter.utils.memory:memory.py:71 Task 9335ba27-f0a5-4bbd-a1c2-090d05073392 completed: Memory usage: RSS=166.9MB, VMS=401632.9MB, 1.0%
INFO     chatfilter.analyzer.task_queue:task_queue.py:432 Created analysis task 00b7776e-12eb-4624-b15b-c30ab7b0fcd7 for 1 chats
INFO     chatfilter.utils.memory:memory.py:71 Task 00b7776e-12eb-4624-b15b-c30ab7b0fcd7 start: Memory usage: RSS=166.9MB, VMS=401632.9MB, 1.0%
WARNING  chatfilter.analyzer.task_queue:task_queue.py:892 Failed to pre-cache chat info for task 00b7776e-12eb-4624-b15b-c30ab7b0fcd7: 'MockExecutor' object has no attribute 'pre_cache_chats'
INFO     chatfilter.analyzer.task_queue:task_queue.py:1048 Task 00b7776e-12eb-4624-b15b-c30ab7b0fcd7 completed with 1 results
INFO     chatfilter.utils.memory:memory.py:71 Task 00b7776e-12eb-4624-b15b-c30ab7b0fcd7 completed: Memory usage: RSS=166.9MB, VMS=401632.9MB, 1.0%
INFO     chatfilter.analyzer.task_queue:task_queue.py:432 Created analysis task ebe2908b-265a-4686-bc34-15ac7ca79402 for 1 chats
INFO     chatfilter.utils.memory:memory.py:71 Task ebe2908b-265a-4686-bc34-15ac7ca79402 start: Memory usage: RSS=166.9MB, VMS=401632.9MB, 1.0%
WARNING  chatfilter.analyzer.task_queue:task_queue.py:892 Failed to pre-cache chat info for task ebe2908b-265a-4686-bc34-15ac7ca79402: 'MockExecutor' object has no attribute 'pre_cache_chats'
INFO     chatfilter.analyzer.task_queue:task_queue.py:1048 Task ebe2908b-265a-4686-bc34-15ac7ca79402 completed with 1 results
INFO     chatfilter.utils.memory:memory.py:71 Task ebe2908b-265a-4686-bc34-15ac7ca79402 completed: Memory usage: RSS=166.9MB, VMS=401632.9MB, 1.0%
INFO     chatfilter.analyzer.task_queue:task_queue.py:432 Created analysis task 165b00ec-5041-4b1c-ab8b-64e220607e5b for 1 chats
INFO     chatfilter.utils.memory:memory.py:71 Task 165b00ec-5041-4b1c-ab8b-64e220607e5b start: Memory usage: RSS=166.9MB, VMS=401632.9MB, 1.0%
WARNING  chatfilter.analyzer.task_queue:task_queue.py:892 Failed to pre-cache chat info for task 165b00ec-5041-4b1c-ab8b-64e220607e5b: 'MockExecutor' object has no attribute 'pre_cache_chats'
INFO     chatfilter.analyzer.task_queue:task_queue.py:1048 Task 165b00ec-5041-4b1c-ab8b-64e220607e5b completed with 1 results
INFO     chatfilter.utils.memory:memory.py:71 Task 165b00ec-5041-4b1c-ab8b-64e220607e5b completed: Memory usage: RSS=166.9MB, VMS=401632.9MB, 1.0%
INFO     chatfilter.analyzer.task_queue:task_queue.py:432 Created analysis task f7ca20d1-3cac-4b9a-83e0-0ba9fb34f958 for 1 chats
INFO     chatfilter.utils.memory:memory.py:71 Task f7ca20d1-3cac-4b9a-83e0-0ba9fb34f958 start: Memory usage: RSS=166.9MB, VMS=401632.9MB, 1.0%
WARNING  chatfilter.analyzer.task_queue:task_queue.py:892 Failed to pre-cache chat info for task f7ca20d1-3cac-4b9a-83e0-0ba9fb34f958: 'MockExecutor' object has no attribute 'pre_cache_chats'
INFO     chatfilter.analyzer.task_queue:task_queue.py:1048 Task f7ca20d1-3cac-4b9a-83e0-0ba9fb34f958 completed with 1 results
INFO     chatfilter.utils.memory:memory.py:71 Task f7ca20d1-3cac-4b9a-83e0-0ba9fb34f958 completed: Memory usage: RSS=166.9MB, VMS=401632.9MB, 1.0%
INFO     chatfilter.analyzer.task_queue:task_queue.py:432 Created analysis task fcf2658a-a2ba-4102-9313-4982591dbbbb for 1 chats
INFO     chatfilter.utils.memory:memory.py:71 Task fcf2658a-a2ba-4102-9313-4982591dbbbb start: Memory usage: RSS=166.9MB, VMS=401632.9MB, 1.0%
WARNING  chatfilter.analyzer.task_queue:task_queue.py:892 Failed to pre-cache chat info for task fcf2658a-a2ba-4102-9313-4982591dbbbb: 'MockExecutor' object has no attribute 'pre_cache_chats'
INFO     chatfilter.analyzer.task_queue:task_queue.py:1048 Task fcf2658a-a2ba-4102-9313-4982591dbbbb completed with 1 results
INFO     chatfilter.utils.memory:memory.py:71 Task fcf2658a-a2ba-4102-9313-4982591dbbbb completed: Memory usage: RSS=166.9MB, VMS=401632.9MB, 1.0%
INFO     chatfilter.analyzer.task_queue:task_queue.py:432 Created analysis task 50bf47e1-168d-4dbb-a13d-8ff73b6fd7bf for 1 chats
INFO     chatfilter.utils.memory:memory.py:71 Task 50bf47e1-168d-4dbb-a13d-8ff73b6fd7bf start: Memory usage: RSS=166.9MB, VMS=401632.9MB, 1.0%
WARNING  chatfilter.analyzer.task_queue:task_queue.py:892 Failed to pre-cache chat info for task 50bf47e1-168d-4dbb-a13d-8ff73b6fd7bf: 'MockExecutor' object has no attribute 'pre_cache_chats'
INFO     chatfilter.analyzer.task_queue:task_queue.py:1048 Task 50bf47e1-168d-4dbb-a13d-8ff73b6fd7bf completed with 1 results
INFO     chatfilter.utils.memory:memory.py:71 Task 50bf47e1-168d-4dbb-a13d-8ff73b6fd7bf completed: Memory usage: RSS=166.9MB, VMS=401632.9MB, 1.0%
INFO     chatfilter.analyzer.task_queue:task_queue.py:432 Created analysis task 31bd4860-f15c-4604-803b-49712826d6c0 for 1 chats
INFO     chatfilter.utils.memory:memory.py:71 Task 31bd4860-f15c-4604-803b-49712826d6c0 start: Memory usage: RSS=166.9MB, VMS=401632.9MB, 1.0%
WARNING  chatfilter.analyzer.task_queue:task_queue.py:892 Failed to pre-cache chat info for task 31bd4860-f15c-4604-803b-49712826d6c0: 'MockExecutor' object has no attribute 'pre_cache_chats'
INFO     chatfilter.analyzer.task_queue:task_queue.py:1048 Task 31bd4860-f15c-4604-803b-49712826d6c0 completed with 1 results
INFO     chatfilter.utils.memory:memory.py:71 Task 31bd4860-f15c-4604-803b-49712826d6c0 completed: Memory usage: RSS=166.9MB, VMS=401632.9MB, 1.0%
INFO     chatfilter.analyzer.task_queue:task_queue.py:432 Created analysis task cbf862c9-14d7-4e47-9a12-398c9d025b33 for 1 chats
INFO     chatfilter.utils.memory:memory.py:71 Task cbf862c9-14d7-4e47-9a12-398c9d025b33 start: Memory usage: RSS=166.9MB, VMS=401632.9MB, 1.0%
WARNING  chatfilter.analyzer.task_queue:task_queue.py:892 Failed to pre-cache chat info for task cbf862c9-14d7-4e47-9a12-398c9d025b33: 'MockExecutor' object has no attribute 'pre_cache_chats'
INFO     chatfilter.analyzer.task_queue:task_queue.py:1048 Task cbf862c9-14d7-4e47-9a12-398c9d025b33 completed with 1 results
INFO     chatfilter.utils.memory:memory.py:71 Task cbf862c9-14d7-4e47-9a12-398c9d025b33 completed: Memory usage: RSS=166.9MB, VMS=401632.9MB, 1.0%
INFO     chatfilter.analyzer.task_queue:task_queue.py:432 Created analysis task aa1c890a-d90f-45e0-b37b-83117f3e5438 for 1 chats
INFO     chatfilter.utils.memory:memory.py:71 Task aa1c890a-d90f-45e0-b37b-83117f3e5438 start: Memory usage: RSS=166.9MB, VMS=401632.9MB, 1.0%
WARNING  chatfilter.analyzer.task_queue:task_queue.py:892 Failed to pre-cache chat info for task aa1c890a-d90f-45e0-b37b-83117f3e5438: 'MockExecutor' object has no attribute 'pre_cache_chats'
INFO     chatfilter.analyzer.task_queue:task_queue.py:1048 Task aa1c890a-d90f-45e0-b37b-83117f3e5438 completed with 1 results
INFO     chatfilter.utils.memory:memory.py:71 Task aa1c890a-d90f-45e0-b37b-83117f3e5438 completed: Memory usage: RSS=166.9MB, VMS=401632.9MB, 1.0%
INFO     chatfilter.analyzer.task_queue:task_queue.py:1160 Auto-cleanup triggered: 10 completed tasks (threshold: 10)
INFO     chatfilter.analyzer.task_queue:task_queue.py:1138 Cleared 10 completed tasks from memory (preserved in database)
INFO     chatfilter.analyzer.task_queue:task_queue.py:432 Created analysis task 15141bb1-7208-45b2-817b-ce081136447f for 1 chats
INFO     chatfilter.utils.memory:memory.py:71 Task 15141bb1-7208-45b2-817b-ce081136447f start: Memory usage: RSS=166.9MB, VMS=401632.9MB, 1.0%
WARNING  chatfilter.analyzer.task_queue:task_queue.py:892 Failed to pre-cache chat info for task 15141bb1-7208-45b2-817b-ce081136447f: 'MockExecutor' object has no attribute 'pre_cache_chats'
INFO     chatfilter.analyzer.task_queue:task_queue.py:1048 Task 15141bb1-7208-45b2-817b-ce081136447f completed with 1 results
INFO     chatfilter.utils.memory:memory.py:71 Task 15141bb1-7208-45b2-817b-ce081136447f completed: Memory usage: RSS=166.9MB, VMS=401632.9MB, 1.0%
INFO     chatfilter.analyzer.task_queue:task_queue.py:432 Created analysis task 28670aff-04a4-46b7-aa29-3023201f1cde for 1 chats
INFO     chatfilter.utils.memory:memory.py:71 Task 28670aff-04a4-46b7-aa29-3023201f1cde start: Memory usage: RSS=166.9MB, VMS=401632.9MB, 1.0%
WARNING  chatfilter.analyzer.task_queue:task_queue.py:892 Failed to pre-cache chat info for task 28670aff-04a4-46b7-aa29-3023201f1cde: 'MockExecutor' object has no attribute 'pre_cache_chats'
INFO     chatfilter.analyzer.task_queue:task_queue.py:1048 Task 28670aff-04a4-46b7-aa29-3023201f1cde completed with 1 results
INFO     chatfilter.utils.memory:memory.py:71 Task 28670aff-04a4-46b7-aa29-3023201f1cde completed: Memory usage: RSS=166.9MB, VMS=401632.9MB, 1.0%
INFO     chatfilter.analyzer.task_queue:task_queue.py:432 Created analysis task 9d257c2c-56a8-43ea-842f-ebf97f5c85a1 for 1 chats
INFO     chatfilter.utils.memory:memory.py:71 Task 9d257c2c-56a8-43ea-842f-ebf97f5c85a1 start: Memory usage: RSS=166.9MB, VMS=401632.9MB, 1.0%
WARNING  chatfilter.analyzer.task_queue:task_queue.py:892 Failed to pre-cache chat info for task 9d257c2c-56a8-43ea-842f-ebf97f5c85a1: 'MockExecutor' object has no attribute 'pre_cache_chats'
INFO     chatfilter.analyzer.task_queue:task_queue.py:1048 Task 9d257c2c-56a8-43ea-842f-ebf97f5c85a1 completed with 1 results
INFO     chatfilter.utils.memory:memory.py:71 Task 9d257c2c-56a8-43ea-842f-ebf97f5c85a1 completed: Memory usage: RSS=166.9MB, VMS=401632.9MB, 1.0%
INFO     chatfilter.analyzer.task_queue:task_queue.py:432 Created analysis task 0879b2cb-0dbf-494c-b373-5a43f7920266 for 1 chats
INFO     chatfilter.utils.memory:memory.py:71 Task 0879b2cb-0dbf-494c-b373-5a43f7920266 start: Memory usage: RSS=166.9MB, VMS=401632.9MB, 1.0%
WARNING  chatfilter.analyzer.task_queue:task_queue.py:892 Failed to pre-cache chat info for task 0879b2cb-0dbf-494c-b373-5a43f7920266: 'MockExecutor' object has no attribute 'pre_cache_chats'
INFO     chatfilter.analyzer.task_queue:task_queue.py:1048 Task 0879b2cb-0dbf-494c-b373-5a43f7920266 completed with 1 results
INFO     chatfilter.utils.memory:memory.py:71 Task 0879b2cb-0dbf-494c-b373-5a43f7920266 completed: Memory usage: RSS=166.9MB, VMS=401632.9MB, 1.0%
INFO     chatfilter.analyzer.task_queue:task_queue.py:432 Created analysis task e4fb2021-78a8-49e3-8610-1ad0d3d80cc6 for 1 chats
INFO     chatfilter.utils.memory:memory.py:71 Task e4fb2021-78a8-49e3-8610-1ad0d3d80cc6 start: Memory usage: RSS=166.9MB, VMS=401632.9MB, 1.0%
WARNING  chatfilter.analyzer.task_queue:task_queue.py:892 Failed to pre-cache chat info for task e4fb2021-78a8-49e3-8610-1ad0d3d80cc6: 'MockExecutor' object has no attribute 'pre_cache_chats'
INFO     chatfilter.analyzer.task_queue:task_queue.py:1048 Task e4fb2021-78a8-49e3-8610-1ad0d3d80cc6 completed with 1 results
INFO     chatfilter.utils.memory:memory.py:71 Task e4fb2021-78a8-49e3-8610-1ad0d3d80cc6 completed: Memory usage: RSS=166.9MB, VMS=401632.9MB, 1.0%
INFO     chatfilter.analyzer.task_queue:task_queue.py:432 Created analysis task 2ee0c5bb-52a1-466d-86c6-4577eaa337c4 for 1 chats
INFO     chatfilter.utils.memory:memory.py:71 Task 2ee0c5bb-52a1-466d-86c6-4577eaa337c4 start: Memory usage: RSS=166.9MB, VMS=401632.9MB, 1.0%
WARNING  chatfilter.analyzer.task_queue:task_queue.py:892 Failed to pre-cache chat info for task 2ee0c5bb-52a1-466d-86c6-4577eaa337c4: 'MockExecutor' object has no attribute 'pre_cache_chats'
INFO     chatfilter.analyzer.task_queue:task_queue.py:1048 Task 2ee0c5bb-52a1-466d-86c6-4577eaa337c4 completed with 1 results
INFO     chatfilter.utils.memory:memory.py:71 Task 2ee0c5bb-52a1-466d-86c6-4577eaa337c4 completed: Memory usage: RSS=166.9MB, VMS=401632.9MB, 1.0%
INFO     chatfilter.analyzer.task_queue:task_queue.py:432 Created analysis task 03951f27-e1c7-4815-b8b5-5d68800dfb8c for 1 chats
INFO     chatfilter.utils.memory:memory.py:71 Task 03951f27-e1c7-4815-b8b5-5d68800dfb8c start: Memory usage: RSS=166.9MB, VMS=401632.9MB, 1.0%
WARNING  chatfilter.analyzer.task_queue:task_queue.py:892 Failed to pre-cache chat info for task 03951f27-e1c7-4815-b8b5-5d68800dfb8c: 'MockExecutor' object has no attribute 'pre_cache_chats'
INFO     chatfilter.analyzer.task_queue:task_queue.py:1048 Task 03951f27-e1c7-4815-b8b5-5d68800dfb8c completed with 1 results
INFO     chatfilter.utils.memory:memory.py:71 Task 03951f27-e1c7-4815-b8b5-5d68800dfb8c completed: Memory usage: RSS=166.9MB, VMS=401632.9MB, 1.0%
INFO     chatfilter.analyzer.task_queue:task_queue.py:432 Created analysis task 1ddff049-f6fe-42e6-b810-2a1cc6191b02 for 1 chats
INFO     chatfilter.utils.memory:memory.py:71 Task 1ddff049-f6fe-42e6-b810-2a1cc6191b02 start: Memory usage: RSS=166.9MB, VMS=401632.9MB, 1.0%
WARNING  chatfilter.analyzer.task_queue:task_queue.py:892 Failed to pre-cache chat info for task 1ddff049-f6fe-42e6-b810-2a1cc6191b02: 'MockExecutor' object has no attribute 'pre_cache_chats'
INFO     chatfilter.analyzer.task_queue:task_queue.py:1048 Task 1ddff049-f6fe-42e6-b810-2a1cc6191b02 completed with 1 results
INFO     chatfilter.utils.memory:memory.py:71 Task 1ddff049-f6fe-42e6-b810-2a1cc6191b02 completed: Memory usage: RSS=166.9MB, VMS=401632.9MB, 1.0%
INFO     chatfilter.analyzer.task_queue:task_queue.py:432 Created analysis task da80ec24-8509-4c6a-a303-01c012e0048a for 1 chats
INFO     chatfilter.utils.memory:memory.py:71 Task da80ec24-8509-4c6a-a303-01c012e0048a start: Memory usage: RSS=166.9MB, VMS=401632.9MB, 1.0%
WARNING  chatfilter.analyzer.task_queue:task_queue.py:892 Failed to pre-cache chat info for task da80ec24-8509-4c6a-a303-01c012e0048a: 'MockExecutor' object has no attribute 'pre_cache_chats'
INFO     chatfilter.analyzer.task_queue:task_queue.py:1048 Task da80ec24-8509-4c6a-a303-01c012e0048a completed with 1 results
INFO     chatfilter.utils.memory:memory.py:71 Task da80ec24-8509-4c6a-a303-01c012e0048a completed: Memory usage: RSS=166.9MB, VMS=401632.9MB, 1.0%
INFO     chatfilter.analyzer.task_queue:task_queue.py:432 Created analysis task 152a58f6-b131-4383-86cc-35f0cb75028d for 1 chats
INFO     chatfilter.utils.memory:memory.py:71 Task 152a58f6-b131-4383-86cc-35f0cb75028d start: Memory usage: RSS=166.9MB, VMS=401632.9MB, 1.0%
WARNING  chatfilter.analyzer.task_queue:task_queue.py:892 Failed to pre-cache chat info for task 152a58f6-b131-4383-86cc-35f0cb75028d: 'MockExecutor' object has no attribute 'pre_cache_chats'
INFO     chatfilter.analyzer.task_queue:task_queue.py:1048 Task 152a58f6-b131-4383-86cc-35f0cb75028d completed with 1 results
INFO     chatfilter.utils.memory:memory.py:71 Task 152a58f6-b131-4383-86cc-35f0cb75028d completed: Memory usage: RSS=166.9MB, VMS=401632.9MB, 1.0%
INFO     chatfilter.analyzer.task_queue:task_queue.py:1160 Auto-cleanup triggered: 10 completed tasks (threshold: 10)
INFO     chatfilter.analyzer.task_queue:task_queue.py:1138 Cleared 10 completed tasks from memory (preserved in database)
INFO     chatfilter.analyzer.task_queue:task_queue.py:702 Task stall monitor shutting down
DEBUG    asyncio:selector_events.py:64 Using selector: KqueueSelector
INFO     chatfilter.analyzer.task_queue:task_queue.py:281 Memory monitoring enabled (threshold: 2048.0MB)
INFO     chatfilter.analyzer.task_queue:task_queue.py:290 Task stall monitoring enabled (timeout: 600.0s)
INFO     chatfilter.analyzer.task_queue:task_queue.py:432 Created analysis task afda882c-108f-4b53-874f-551995bb3e3f for 1 chats
DEBUG    chatfilter.analyzer.task_queue:task_queue.py:531 New subscriber for task afda882c-108f-4b53-874f-551995bb3e3f
INFO     chatfilter.utils.memory:memory.py:71 Task afda882c-108f-4b53-874f-551995bb3e3f start: Memory usage: RSS=166.9MB, VMS=401632.9MB, 1.0%
WARNING  chatfilter.analyzer.task_queue:task_queue.py:892 Failed to pre-cache chat info for task afda882c-108f-4b53-874f-551995bb3e3f: 'MockExecutor' object has no attribute 'pre_cache_chats'
INFO     chatfilter.analyzer.task_queue:task_queue.py:1048 Task afda882c-108f-4b53-874f-551995bb3e3f completed with 1 results
INFO     chatfilter.utils.memory:memory.py:71 Task afda882c-108f-4b53-874f-551995bb3e3f completed: Memory usage: RSS=166.9MB, VMS=401632.9MB, 1.0%
INFO     chatfilter.analyzer.task_queue:task_queue.py:432 Created analysis task a08aba76-26d1-4258-a4ba-335b7d344414 for 1 chats
DEBUG    chatfilter.analyzer.task_queue:task_queue.py:531 New subscriber for task a08aba76-26d1-4258-a4ba-335b7d344414
INFO     chatfilter.utils.memory:memory.py:71 Task a08aba76-26d1-4258-a4ba-335b7d344414 start: Memory usage: RSS=166.9MB, VMS=401632.9MB, 1.0%
WARNING  chatfilter.analyzer.task_queue:task_queue.py:892 Failed to pre-cache chat info for task a08aba76-26d1-4258-a4ba-335b7d344414: 'MockExecutor' object has no attribute 'pre_cache_chats'
INFO     chatfilter.analyzer.task_queue:task_queue.py:1048 Task a08aba76-26d1-4258-a4ba-335b7d344414 completed with 1 results
INFO     chatfilter.utils.memory:memory.py:71 Task a08aba76-26d1-4258-a4ba-335b7d344414 completed: Memory usage: RSS=166.9MB, VMS=401632.9MB, 1.0%
INFO     chatfilter.analyzer.task_queue:task_queue.py:432 Created analysis task 56984f1b-e9c2-486d-85c4-c36d94ad5551 for 1 chats
DEBUG    chatfilter.analyzer.task_queue:task_queue.py:531 New subscriber for task 56984f1b-e9c2-486d-85c4-c36d94ad5551
INFO     chatfilter.utils.memory:memory.py:71 Task 56984f1b-e9c2-486d-85c4-c36d94ad5551 start: Memory usage: RSS=166.9MB, VMS=401632.9MB, 1.0%
WARNING  chatfilter.analyzer.task_queue:task_queue.py:892 Failed to pre-cache chat info for task 56984f1b-e9c2-486d-85c4-c36d94ad5551: 'MockExecutor' object has no attribute 'pre_cache_chats'
INFO     chatfilter.analyzer.task_queue:task_queue.py:1048 Task 56984f1b-e9c2-486d-85c4-c36d94ad5551 completed with 1 results
INFO     chatfilter.utils.memory:memory.py:71 Task 56984f1b-e9c2-486d-85c4-c36d94ad5551 completed: Memory usage: RSS=166.9MB, VMS=401632.9MB, 1.0%
INFO     chatfilter.analyzer.task_queue:task_queue.py:432 Created analysis task 41225086-a26b-459f-9de1-38b64d46dd99 for 1 chats
DEBUG    chatfilter.analyzer.task_queue:task_queue.py:531 New subscriber for task 41225086-a26b-459f-9de1-38b64d46dd99
INFO     chatfilter.utils.memory:memory.py:71 Task 41225086-a26b-459f-9de1-38b64d46dd99 start: Memory usage: RSS=166.9MB, VMS=401632.9MB, 1.0%
WARNING  chatfilter.analyzer.task_queue:task_queue.py:892 Failed to pre-cache chat info for task 41225086-a26b-459f-9de1-38b64d46dd99: 'MockExecutor' object has no attribute 'pre_cache_chats'
INFO     chatfilter.analyzer.task_queue:task_queue.py:1048 Task 41225086-a26b-459f-9de1-38b64d46dd99 completed with 1 results
INFO     chatfilter.utils.memory:memory.py:71 Task 41225086-a26b-459f-9de1-38b64d46dd99 completed: Memory usage: RSS=166.9MB, VMS=401632.9MB, 1.0%
INFO     chatfilter.analyzer.task_queue:task_queue.py:432 Created analysis task 6cb95c75-73f6-491f-a5f7-06f27021145f for 1 chats
DEBUG    chatfilter.analyzer.task_queue:task_queue.py:531 New subscriber for task 6cb95c75-73f6-491f-a5f7-06f27021145f
INFO     chatfilter.utils.memory:memory.py:71 Task 6cb95c75-73f6-491f-a5f7-06f27021145f start: Memory usage: RSS=166.9MB, VMS=401632.9MB, 1.0%
WARNING  chatfilter.analyzer.task_queue:task_queue.py:892 Failed to pre-cache chat info for task 6cb95c75-73f6-491f-a5f7-06f27021145f: 'MockExecutor' object has no attribute 'pre_cache_chats'
INFO     chatfilter.analyzer.task_queue:task_queue.py:1048 Task 6cb95c75-73f6-491f-a5f7-06f27021145f completed with 1 results
INFO     chatfilter.utils.memory:memory.py:71 Task 6cb95c75-73f6-491f-a5f7-06f27021145f completed: Memory usage: RSS=166.9MB, VMS=401632.9MB, 1.0%
INFO     chatfilter.analyzer.task_queue:task_queue.py:432 Created analysis task cc06bd6e-783e-48d7-9572-b64c5da3891c for 1 chats
DEBUG    chatfilter.analyzer.task_queue:task_queue.py:531 New subscriber for task cc06bd6e-783e-48d7-9572-b64c5da3891c
INFO     chatfilter.utils.memory:memory.py:71 Task cc06bd6e-783e-48d7-9572-b64c5da3891c start: Memory usage: RSS=166.9MB, VMS=401632.9MB, 1.0%
WARNING  chatfilter.analyzer.task_queue:task_queue.py:892 Failed to pre-cache chat info for task cc06bd6e-783e-48d7-9572-b64c5da3891c: 'MockExecutor' object has no attribute 'pre_cache_chats'
INFO     chatfilter.analyzer.task_queue:task_queue.py:1048 Task cc06bd6e-783e-48d7-9572-b64c5da3891c completed with 1 results
INFO     chatfilter.utils.memory:memory.py:71 Task cc06bd6e-783e-48d7-9572-b64c5da3891c completed: Memory usage: RSS=166.9MB, VMS=401632.9MB, 1.0%
INFO     chatfilter.analyzer.task_queue:task_queue.py:432 Created analysis task a0892514-5341-4553-becb-226bed6dbe5d for 1 chats
DEBUG    chatfilter.analyzer.task_queue:task_queue.py:531 New subscriber for task a0892514-5341-4553-becb-226bed6dbe5d
INFO     chatfilter.utils.memory:memory.py:71 Task a0892514-5341-4553-becb-226bed6dbe5d start: Memory usage: RSS=166.9MB, VMS=401632.9MB, 1.0%
WARNING  chatfilter.analyzer.task_queue:task_queue.py:892 Failed to pre-cache chat info for task a0892514-5341-4553-becb-226bed6dbe5d: 'MockExecutor' object has no attribute 'pre_cache_chats'
INFO     chatfilter.analyzer.task_queue:task_queue.py:1048 Task a0892514-5341-4553-becb-226bed6dbe5d completed with 1 results
INFO     chatfilter.utils.memory:memory.py:71 Task a0892514-5341-4553-becb-226bed6dbe5d completed: Memory usage: RSS=166.9MB, VMS=401632.9MB, 1.0%
INFO     chatfilter.analyzer.task_queue:task_queue.py:432 Created analysis task ff189a1b-da5d-4372-b738-4795769f13af for 1 chats
DEBUG    chatfilter.analyzer.task_queue:task_queue.py:531 New subscriber for task ff189a1b-da5d-4372-b738-4795769f13af
INFO     chatfilter.utils.memory:memory.py:71 Task ff189a1b-da5d-4372-b738-4795769f13af start: Memory usage: RSS=166.9MB, VMS=401632.9MB, 1.0%
WARNING  chatfilter.analyzer.task_queue:task_queue.py:892 Failed to pre-cache chat info for task ff189a1b-da5d-4372-b738-4795769f13af: 'MockExecutor' object has no attribute 'pre_cache_chats'
INFO     chatfilter.analyzer.task_queue:task_queue.py:1048 Task ff189a1b-da5d-4372-b738-4795769f13af completed with 1 results
INFO     chatfilter.utils.memory:memory.py:71 Task ff189a1b-da5d-4372-b738-4795769f13af completed: Memory usage: RSS=166.9MB, VMS=401632.9MB, 1.0%
INFO     chatfilter.analyzer.task_queue:task_queue.py:432 Created analysis task 0deddffc-be10-46eb-b2df-bcf2bba6e769 for 1 chats
DEBUG    chatfilter.analyzer.task_queue:task_queue.py:531 New subscriber for task 0deddffc-be10-46eb-b2df-bcf2bba6e769
INFO     chatfilter.utils.memory:memory.py:71 Task 0deddffc-be10-46eb-b2df-bcf2bba6e769 start: Memory usage: RSS=166.9MB, VMS=401632.9MB, 1.0%
WARNING  chatfilter.analyzer.task_queue:task_queue.py:892 Failed to pre-cache chat info for task 0deddffc-be10-46eb-b2df-bcf2bba6e769: 'MockExecutor' object has no attribute 'pre_cache_chats'
INFO     chatfilter.analyzer.task_queue:task_queue.py:1048 Task 0deddffc-be10-46eb-b2df-bcf2bba6e769 completed with 1 results
INFO     chatfilter.utils.memory:memory.py:71 Task 0deddffc-be10-46eb-b2df-bcf2bba6e769 completed: Memory usage: RSS=166.9MB, VMS=401632.9MB, 1.0%
INFO     chatfilter.analyzer.task_queue:task_queue.py:432 Created analysis task fcadc0b9-db80-4b79-a280-d79b0ab8f3ae for 1 chats
DEBUG    chatfilter.analyzer.task_queue:task_queue.py:531 New subscriber for task fcadc0b9-db80-4b79-a280-d79b0ab8f3ae
INFO     chatfilter.utils.memory:memory.py:71 Task fcadc0b9-db80-4b79-a280-d79b0ab8f3ae start: Memory usage: RSS=166.9MB, VMS=401632.9MB, 1.0%
WARNING  chatfilter.analyzer.task_queue:task_queue.py:892 Failed to pre-cache chat info for task fcadc0b9-db80-4b79-a280-d79b0ab8f3ae: 'MockExecutor' object has no attribute 'pre_cache_chats'
INFO     chatfilter.analyzer.task_queue:task_queue.py:1048 Task fcadc0b9-db80-4b79-a280-d79b0ab8f3ae completed with 1 results
INFO     chatfilter.utils.memory:memory.py:71 Task fcadc0b9-db80-4b79-a280-d79b0ab8f3ae completed: Memory usage: RSS=166.9MB, VMS=401632.9MB, 1.0%
INFO     chatfilter.analyzer.task_queue:task_queue.py:432 Created analysis task cf246b3a-f5e2-4026-8053-d774dd9638f2 for 1 chats
DEBUG    chatfilter.analyzer.task_queue:task_queue.py:531 New subscriber for task cf246b3a-f5e2-4026-8053-d774dd9638f2
INFO     chatfilter.utils.memory:memory.py:71 Task cf246b3a-f5e2-4026-8053-d774dd9638f2 start: Memory usage: RSS=166.9MB, VMS=401632.9MB, 1.0%
WARNING  chatfilter.analyzer.task_queue:task_queue.py:892 Failed to pre-cache chat info for task cf246b3a-f5e2-4026-8053-d774dd9638f2: 'MockExecutor' object has no attribute 'pre_cache_chats'
INFO     chatfilter.analyzer.task_queue:task_queue.py:1048 Task cf246b3a-f5e2-4026-8053-d774dd9638f2 completed with 1 results
INFO     chatfilter.utils.memory:memory.py:71 Task cf246b3a-f5e2-4026-8053-d774dd9638f2 completed: Memory usage: RSS=166.9MB, VMS=401632.9MB, 1.0%
INFO     chatfilter.analyzer.task_queue:task_queue.py:432 Created analysis task ab1fd339-59c2-4a8a-a4e5-2954bd76a7d3 for 1 chats
DEBUG    chatfilter.analyzer.task_queue:task_queue.py:531 New subscriber for task ab1fd339-59c2-4a8a-a4e5-2954bd76a7d3
INFO     chatfilter.utils.memory:memory.py:71 Task ab1fd339-59c2-4a8a-a4e5-2954bd76a7d3 start: Memory usage: RSS=166.9MB, VMS=401632.9MB, 1.0%
WARNING  chatfilter.analyzer.task_queue:task_queue.py:892 Failed to pre-cache chat info for task ab1fd339-59c2-4a8a-a4e5-2954bd76a7d3: 'MockExecutor' object has no attribute 'pre_cache_chats'
INFO     chatfilter.analyzer.task_queue:task_queue.py:1048 Task ab1fd339-59c2-4a8a-a4e5-2954bd76a7d3 completed with 1 results
INFO     chatfilter.utils.memory:memory.py:71 Task ab1fd339-59c2-4a8a-a4e5-2954bd76a7d3 completed: Memory usage: RSS=166.9MB, VMS=401632.9MB, 1.0%
INFO     chatfilter.analyzer.task_queue:task_queue.py:432 Created analysis task 3798c3f0-e8bb-44c7-be36-a2ee699837f6 for 1 chats
DEBUG    chatfilter.analyzer.task_queue:task_queue.py:531 New subscriber for task 3798c3f0-e8bb-44c7-be36-a2ee699837f6
INFO     chatfilter.utils.memory:memory.py:71 Task 3798c3f0-e8bb-44c7-be36-a2ee699837f6 start: Memory usage: RSS=166.9MB, VMS=401632.9MB, 1.0%
WARNING  chatfilter.analyzer.task_queue:task_queue.py:892 Failed to pre-cache chat info for task 3798c3f0-e8bb-44c7-be36-a2ee699837f6: 'MockExecutor' object has no attribute 'pre_cache_chats'
INFO     chatfilter.analyzer.task_queue:task_queue.py:1048 Task 3798c3f0-e8bb-44c7-be36-a2ee699837f6 completed with 1 results
INFO     chatfilter.utils.memory:memory.py:71 Task 3798c3f0-e8bb-44c7-be36-a2ee699837f6 completed: Memory usage: RSS=166.9MB, VMS=401632.9MB, 1.0%
INFO     chatfilter.analyzer.task_queue:task_queue.py:432 Created analysis task 2c7814ce-67da-4d20-81a9-49d692aa30e2 for 1 chats
DEBUG    chatfilter.analyzer.task_queue:task_queue.py:531 New subscriber for task 2c7814ce-67da-4d20-81a9-49d692aa30e2
INFO     chatfilter.utils.memory:memory.py:71 Task 2c7814ce-67da-4d20-81a9-49d692aa30e2 start: Memory usage: RSS=166.9MB, VMS=401632.9MB, 1.0%
WARNING  chatfilter.analyzer.task_queue:task_queue.py:892 Failed to pre-cache chat info for task 2c7814ce-67da-4d20-81a9-49d692aa30e2: 'MockExecutor' object has no attribute 'pre_cache_chats'
INFO     chatfilter.analyzer.task_queue:task_queue.py:1048 Task 2c7814ce-67da-4d20-81a9-49d692aa30e2 completed with 1 results
INFO     chatfilter.utils.memory:memory.py:71 Task 2c7814ce-67da-4d20-81a9-49d692aa30e2 completed: Memory usage: RSS=166.9MB, VMS=401632.9MB, 1.0%
INFO     chatfilter.analyzer.task_queue:task_queue.py:432 Created analysis task 4d9d5077-7087-4c39-84fb-6ba22c4a83f4 for 1 chats
DEBUG    chatfilter.analyzer.task_queue:task_queue.py:531 New subscriber for task 4d9d5077-7087-4c39-84fb-6ba22c4a83f4
INFO     chatfilter.utils.memory:memory.py:71 Task 4d9d5077-7087-4c39-84fb-6ba22c4a83f4 start: Memory usage: RSS=166.9MB, VMS=401632.9MB, 1.0%
WARNING  chatfilter.analyzer.task_queue:task_queue.py:892 Failed to pre-cache chat info for task 4d9d5077-7087-4c39-84fb-6ba22c4a83f4: 'MockExecutor' object has no attribute 'pre_cache_chats'
INFO     chatfilter.analyzer.task_queue:task_queue.py:1048 Task 4d9d5077-7087-4c39-84fb-6ba22c4a83f4 completed with 1 results
INFO     chatfilter.utils.memory:memory.py:71 Task 4d9d5077-7087-4c39-84fb-6ba22c4a83f4 completed: Memory usage: RSS=166.9MB, VMS=401632.9MB, 1.0%
INFO     chatfilter.analyzer.task_queue:task_queue.py:432 Created analysis task 745d4c83-f7aa-4691-9464-fc3bf0d97b8b for 1 chats
DEBUG    chatfilter.analyzer.task_queue:task_queue.py:531 New subscriber for task 745d4c83-f7aa-4691-9464-fc3bf0d97b8b
INFO     chatfilter.utils.memory:memory.py:71 Task 745d4c83-f7aa-4691-9464-fc3bf0d97b8b start: Memory usage: RSS=166.9MB, VMS=401632.9MB, 1.0%
WARNING  chatfilter.analyzer.task_queue:task_queue.py:892 Failed to pre-cache chat info for task 745d4c83-f7aa-4691-9464-fc3bf0d97b8b: 'MockExecutor' object has no attribute 'pre_cache_chats'
INFO     chatfilter.analyzer.task_queue:task_queue.py:1048 Task 745d4c83-f7aa-4691-9464-fc3bf0d97b8b completed with 1 results
INFO     chatfilter.utils.memory:memory.py:71 Task 745d4c83-f7aa-4691-9464-fc3bf0d97b8b completed: Memory usage: RSS=166.9MB, VMS=401632.9MB, 1.0%
INFO     chatfilter.analyzer.task_queue:task_queue.py:432 Created analysis task 9c4fde51-1dbf-49a4-85f0-55727e4c1f69 for 1 chats
DEBUG    chatfilter.analyzer.task_queue:task_queue.py:531 New subscriber for task 9c4fde51-1dbf-49a4-85f0-55727e4c1f69
INFO     chatfilter.utils.memory:memory.py:71 Task 9c4fde51-1dbf-49a4-85f0-55727e4c1f69 start: Memory usage: RSS=166.9MB, VMS=401632.9MB, 1.0%
WARNING  chatfilter.analyzer.task_queue:task_queue.py:892 Failed to pre-cache chat info for task 9c4fde51-1dbf-49a4-85f0-55727e4c1f69: 'MockExecutor' object has no attribute 'pre_cache_chats'
INFO     chatfilter.analyzer.task_queue:task_queue.py:1048 Task 9c4fde51-1dbf-49a4-85f0-55727e4c1f69 completed with 1 results
INFO     chatfilter.utils.memory:memory.py:71 Task 9c4fde51-1dbf-49a4-85f0-55727e4c1f69 completed: Memory usage: RSS=166.9MB, VMS=401632.9MB, 1.0%
INFO     chatfilter.analyzer.task_queue:task_queue.py:432 Created analysis task ebd39c2d-b150-44f1-bff8-c337beace0d9 for 1 chats
DEBUG    chatfilter.analyzer.task_queue:task_queue.py:531 New subscriber for task ebd39c2d-b150-44f1-bff8-c337beace0d9
INFO     chatfilter.utils.memory:memory.py:71 Task ebd39c2d-b150-44f1-bff8-c337beace0d9 start: Memory usage: RSS=166.9MB, VMS=401632.9MB, 1.0%
WARNING  chatfilter.analyzer.task_queue:task_queue.py:892 Failed to pre-cache chat info for task ebd39c2d-b150-44f1-bff8-c337beace0d9: 'MockExecutor' object has no attribute 'pre_cache_chats'
INFO     chatfilter.analyzer.task_queue:task_queue.py:1048 Task ebd39c2d-b150-44f1-bff8-c337beace0d9 completed with 1 results
INFO     chatfilter.utils.memory:memory.py:71 Task ebd39c2d-b150-44f1-bff8-c337beace0d9 completed: Memory usage: RSS=166.9MB, VMS=401632.9MB, 1.0%
INFO     chatfilter.analyzer.task_queue:task_queue.py:432 Created analysis task dc120cff-87de-45b9-b7a6-a32252da618a for 1 chats
DEBUG    chatfilter.analyzer.task_queue:task_queue.py:531 New subscriber for task dc120cff-87de-45b9-b7a6-a32252da618a
INFO     chatfilter.utils.memory:memory.py:71 Task dc120cff-87de-45b9-b7a6-a32252da618a start: Memory usage: RSS=166.9MB, VMS=401632.9MB, 1.0%
WARNING  chatfilter.analyzer.task_queue:task_queue.py:892 Failed to pre-cache chat info for task dc120cff-87de-45b9-b7a6-a32252da618a: 'MockExecutor' object has no attribute 'pre_cache_chats'
INFO     chatfilter.analyzer.task_queue:task_queue.py:1048 Task dc120cff-87de-45b9-b7a6-a32252da618a completed with 1 results
INFO     chatfilter.utils.memory:memory.py:71 Task dc120cff-87de-45b9-b7a6-a32252da618a completed: Memory usage: RSS=166.9MB, VMS=401632.9MB, 1.0%
INFO     chatfilter.analyzer.task_queue:task_queue.py:432 Created analysis task 84b12b81-b46a-4c8a-88a9-f7f204f6bebb for 1 chats
DEBUG    chatfilter.analyzer.task_queue:task_queue.py:531 New subscriber for task 84b12b81-b46a-4c8a-88a9-f7f204f6bebb
INFO     chatfilter.utils.memory:memory.py:71 Task 84b12b81-b46a-4c8a-88a9-f7f204f6bebb start: Memory usage: RSS=166.9MB, VMS=401632.9MB, 1.0%
WARNING  chatfilter.analyzer.task_queue:task_queue.py:892 Failed to pre-cache chat info for task 84b12b81-b46a-4c8a-88a9-f7f204f6bebb: 'MockExecutor' object has no attribute 'pre_cache_chats'
INFO     chatfilter.analyzer.task_queue:task_queue.py:1048 Task 84b12b81-b46a-4c8a-88a9-f7f204f6bebb completed with 1 results
INFO     chatfilter.utils.memory:memory.py:71 Task 84b12b81-b46a-4c8a-88a9-f7f204f6bebb completed: Memory usage: RSS=166.9MB, VMS=401632.9MB, 1.0%
INFO     chatfilter.analyzer.task_queue:task_queue.py:1189 Cleaning 1 orphaned subscribers for task afda882c-108f-4b53-874f-551995bb3e3f (status: TaskStatus.COMPLETED)
INFO     chatfilter.analyzer.task_queue:task_queue.py:1189 Cleaning 1 orphaned subscribers for task a08aba76-26d1-4258-a4ba-335b7d344414 (status: TaskStatus.COMPLETED)
INFO     chatfilter.analyzer.task_queue:task_queue.py:1189 Cleaning 1 orphaned subscribers for task 56984f1b-e9c2-486d-85c4-c36d94ad5551 (status: TaskStatus.COMPLETED)
INFO     chatfilter.analyzer.task_queue:task_queue.py:1189 Cleaning 1 orphaned subscribers for task 41225086-a26b-459f-9de1-38b64d46dd99 (status: TaskStatus.COMPLETED)
INFO     chatfilter.analyzer.task_queue:task_queue.py:1189 Cleaning 1 orphaned subscribers for task 6cb95c75-73f6-491f-a5f7-06f27021145f (status: TaskStatus.COMPLETED)
INFO     chatfilter.analyzer.task_queue:task_queue.py:1189 Cleaning 1 orphaned subscribers for task cc06bd6e-783e-48d7-9572-b64c5da3891c (status: TaskStatus.COMPLETED)
INFO     chatfilter.analyzer.task_queue:task_queue.py:1189 Cleaning 1 orphaned subscribers for task a0892514-5341-4553-becb-226bed6dbe5d (status: TaskStatus.COMPLETED)
INFO     chatfilter.analyzer.task_queue:task_queue.py:1189 Cleaning 1 orphaned subscribers for task ff189a1b-da5d-4372-b738-4795769f13af (status: TaskStatus.COMPLETED)
INFO     chatfilter.analyzer.task_queue:task_queue.py:1189 Cleaning 1 orphaned subscribers for task 0deddffc-be10-46eb-b2df-bcf2bba6e769 (status: TaskStatus.COMPLETED)
INFO     chatfilter.analyzer.task_queue:task_queue.py:1189 Cleaning 1 orphaned subscribers for task fcadc0b9-db80-4b79-a280-d79b0ab8f3ae (status: TaskStatus.COMPLETED)
INFO     chatfilter.analyzer.task_queue:task_queue.py:1189 Cleaning 1 orphaned subscribers for task cf246b3a-f5e2-4026-8053-d774dd9638f2 (status: TaskStatus.COMPLETED)
INFO     chatfilter.analyzer.task_queue:task_queue.py:1189 Cleaning 1 orphaned subscribers for task ab1fd339-59c2-4a8a-a4e5-2954bd76a7d3 (status: TaskStatus.COMPLETED)
INFO     chatfilter.analyzer.task_queue:task_queue.py:1189 Cleaning 1 orphaned subscribers for task 3798c3f0-e8bb-44c7-be36-a2ee699837f6 (status: TaskStatus.COMPLETED)
INFO     chatfilter.analyzer.task_queue:task_queue.py:1189 Cleaning 1 orphaned subscribers for task 2c7814ce-67da-4d20-81a9-49d692aa30e2 (status: TaskStatus.COMPLETED)
INFO     chatfilter.analyzer.task_queue:task_queue.py:1189 Cleaning 1 orphaned subscribers for task 4d9d5077-7087-4c39-84fb-6ba22c4a83f4 (status: TaskStatus.COMPLETED)
INFO     chatfilter.analyzer.task_queue:task_queue.py:1189 Cleaning 1 orphaned subscribers for task 745d4c83-f7aa-4691-9464-fc3bf0d97b8b (status: TaskStatus.COMPLETED)
INFO     chatfilter.analyzer.task_queue:task_queue.py:1189 Cleaning 1 orphaned subscribers for task 9c4fde51-1dbf-49a4-85f0-55727e4c1f69 (status: TaskStatus.COMPLETED)
INFO     chatfilter.analyzer.task_queue:task_queue.py:1189 Cleaning 1 orphaned subscribers for task ebd39c2d-b150-44f1-bff8-c337beace0d9 (status: TaskStatus.COMPLETED)
INFO     chatfilter.analyzer.task_queue:task_queue.py:1189 Cleaning 1 orphaned subscribers for task dc120cff-87de-45b9-b7a6-a32252da618a (status: TaskStatus.COMPLETED)
INFO     chatfilter.analyzer.task_queue:task_queue.py:1189 Cleaning 1 orphaned subscribers for task 84b12b81-b46a-4c8a-88a9-f7f204f6bebb (status: TaskStatus.COMPLETED)
INFO     chatfilter.analyzer.task_queue:task_queue.py:702 Task stall monitor shutting down
DEBUG    asyncio:selector_events.py:64 Using selector: KqueueSelector
INFO     chatfilter.analyzer.task_queue:task_queue.py:281 Memory monitoring enabled (threshold: 2048.0MB)
INFO     chatfilter.analyzer.task_queue:task_queue.py:290 Task stall monitoring enabled (timeout: 600.0s)
INFO     chatfilter.analyzer.task_queue:task_queue.py:432 Created analysis task cef8a8d3-5574-4802-955e-aa830ecf145b for 100 chats
INFO     chatfilter.utils.memory:memory.py:71 Task cef8a8d3-5574-4802-955e-aa830ecf145b start: Memory usage: RSS=166.9MB, VMS=401632.9MB, 1.0%
WARNING  chatfilter.analyzer.task_queue:task_queue.py:892 Failed to pre-cache chat info for task cef8a8d3-5574-4802-955e-aa830ecf145b: 'MockExecutor' object has no attribute 'pre_cache_chats'
INFO     chatfilter.analyzer.task_queue:task_queue.py:1048 Task cef8a8d3-5574-4802-955e-aa830ecf145b completed with 100 results
INFO     chatfilter.utils.memory:memory.py:71 Task cef8a8d3-5574-4802-955e-aa830ecf145b completed: Memory usage: RSS=167.0MB, VMS=401633.9MB, 1.0%
INFO     chatfilter.analyzer.task_queue:task_queue.py:1138 Cleared 1 completed tasks from memory (preserved in database)
INFO     chatfilter.analyzer.task_queue:task_queue.py:702 Task stall monitor shutting down
DEBUG    asyncio:selector_events.py:64 Using selector: KqueueSelector
DEBUG    asyncio:selector_events.py:64 Using selector: KqueueSelector
DEBUG    asyncio:selector_events.py:64 Using selector: KqueueSelector
DEBUG    asyncio:selector_events.py:64 Using selector: KqueueSelector
DEBUG    asyncio:selector_events.py:64 Using selector: KqueueSelector
DEBUG    asyncio:selector_events.py:64 Using selector: KqueueSelector
INFO     chatfilter.utils.network:network.py:269 Network check: ONLINE (took 10ms)
DEBUG    asyncio:selector_events.py:64 Using selector: KqueueSelector
INFO     chatfilter.utils.network:network.py:269 Network check: ONLINE (took 10ms)
INFO     chatfilter.utils.network:network.py:269 Network check: ONLINE (took 10ms)
DEBUG    asyncio:selector_events.py:64 Using selector: KqueueSelector
INFO     chatfilter.utils.network:network.py:269 Network check: ONLINE (took 10ms)
DEBUG    asyncio:selector_events.py:64 Using selector: KqueueSelector
INFO     chatfilter.utils.network:network.py:269 Network check: ONLINE (took 10ms)
DEBUG    asyncio:selector_events.py:64 Using selector: KqueueSelector
WARNING  chatfilter.utils.network:network.py:271 Network check: OFFLINE - Network offline (took 10ms)
DEBUG    asyncio:selector_events.py:64 Using selector: KqueueSelector
INFO     chatfilter.utils.network:network.py:324 Waiting for network connectivity (max 5.0s)...
WARNING  chatfilter.utils.network:network.py:271 Network check: OFFLINE - None (took 10ms)
INFO     chatfilter.utils.network:network.py:269 Network check: ONLINE (took 10ms)
INFO     chatfilter.utils.network:network.py:330 Network connectivity restored after 0.1s
DEBUG    asyncio:selector_events.py:64 Using selector: KqueueSelector
INFO     chatfilter.utils.network:network.py:324 Waiting for network connectivity (max 0.5s)...
WARNING  chatfilter.utils.network:network.py:271 Network check: OFFLINE - None (took 10ms)
WARNING  chatfilter.utils.network:network.py:271 Network check: OFFLINE - None (took 10ms)
WARNING  chatfilter.utils.network:network.py:271 Network check: OFFLINE - None (took 10ms)
WARNING  chatfilter.utils.network:network.py:271 Network check: OFFLINE - None (took 10ms)
WARNING  chatfilter.utils.network:network.py:271 Network check: OFFLINE - None (took 10ms)
WARNING  chatfilter.utils.network:network.py:271 Network check: OFFLINE - None (took 10ms)
WARNING  chatfilter.utils.network:network.py:336 Network connectivity not restored after 0.5s (timeout)
DEBUG    asyncio:selector_events.py:64 Using selector: KqueueSelector
WARNING  chatfilter.telegram.retry:retry.py:200 operation_that_might_fail: Attempt 1/2 failed with ConnectionError: Network offline. Retrying in 0.10s...
ERROR    chatfilter.telegram.retry:retry.py:196 operation_that_might_fail: Failed after 2 attempts: Network offline
DEBUG    asyncio:selector_events.py:64 Using selector: KqueueSelector
INFO     chatfilter.telegram.rate_limiter:rate_limiter.py:68 Rate limiter initialized: get_messages=1.5s, get_dialogs=1.0s, join_chat=2.0s, enabled=True
DEBUG    asyncio:selector_events.py:64 Using selector: KqueueSelector
INFO     chatfilter.telegram.rate_limiter:rate_limiter.py:68 Rate limiter initialized: get_messages=0.5s, get_dialogs=1.0s, join_chat=2.0s, enabled=True
DEBUG    chatfilter.telegram.rate_limiter:rate_limiter.py:104 Rate limiting get_messages: waiting 0.50s (elapsed: 0.00s, min_delay: 0.50s)
DEBUG    asyncio:selector_events.py:64 Using selector: KqueueSelector
INFO     chatfilter.telegram.rate_limiter:rate_limiter.py:68 Rate limiter initialized: get_messages=1.0s, get_dialogs=1.0s, join_chat=2.0s, enabled=True
DEBUG    asyncio:selector_events.py:64 Using selector: KqueueSelector
INFO     chatfilter.telegram.rate_limiter:rate_limiter.py:68 Rate limiter initialized: get_messages=1.0s, get_dialogs=1.0s, join_chat=2.0s, enabled=False
DEBUG    asyncio:selector_events.py:64 Using selector: KqueueSelector
INFO     chatfilter.telegram.rate_limiter:rate_limiter.py:68 Rate limiter initialized: get_messages=0.3s, get_dialogs=1.0s, join_chat=2.0s, enabled=True
DEBUG    chatfilter.telegram.rate_limiter:rate_limiter.py:104 Rate limiting get_messages: waiting 0.30s (elapsed: 0.00s, min_delay: 0.30s)
DEBUG    chatfilter.telegram.rate_limiter:rate_limiter.py:104 Rate limiting get_messages: waiting 0.30s (elapsed: 0.00s, min_delay: 0.30s)
DEBUG    asyncio:selector_events.py:64 Using selector: KqueueSelector
INFO     chatfilter.telegram.rate_limiter:rate_limiter.py:68 Rate limiter initialized: get_messages=0.3s, get_dialogs=1.0s, join_chat=2.0s, enabled=True
INFO     chatfilter.telegram.rate_limiter:rate_limiter.py:68 Rate limiter initialized: get_messages=1.5s, get_dialogs=1.0s, join_chat=2.0s, enabled=True
DEBUG    chatfilter.telegram.rate_limiter:rate_limiter.py:121 Rate limiter state reset
INFO     chatfilter.telegram.rate_limiter:rate_limiter.py:68 Rate limiter initialized: get_messages=2.5s, get_dialogs=1.0s, join_chat=2.0s, enabled=True
INFO     chatfilter.telegram.rate_limiter:rate_limiter.py:68 Rate limiter initialized: get_messages=1.5s, get_dialogs=1.0s, join_chat=2.0s, enabled=True
INFO     chatfilter.telegram.rate_limiter:rate_limiter.py:138 Rate limiter configuration updated: get_messages=3.0s, get_dialogs=1.0s, join_chat=2.0s, enabled=True
DEBUG    asyncio:selector_events.py:64 Using selector: KqueueSelector
INFO     chatfilter.telegram.rate_limiter:rate_limiter.py:68 Rate limiter initialized: get_messages=0.2s, get_dialogs=0.2s, join_chat=0.2s, enabled=True
DEBUG    chatfilter.telegram.rate_limiter:rate_limiter.py:104 Rate limiting get_messages: waiting 0.20s (elapsed: 0.00s, min_delay: 0.20s)
DEBUG    chatfilter.telegram.rate_limiter:rate_limiter.py:104 Rate limiting get_dialogs: waiting 0.20s (elapsed: 0.00s, min_delay: 0.20s)
DEBUG    chatfilter.telegram.rate_limiter:rate_limiter.py:104 Rate limiting join_chat: waiting 0.20s (elapsed: 0.00s, min_delay: 0.20s)
INFO     chatfilter.telegram.rate_limiter:rate_limiter.py:68 Rate limiter initialized: get_messages=1.5s, get_dialogs=1.0s, join_chat=2.0s, enabled=True
INFO     chatfilter.telegram.rate_limiter:rate_limiter.py:68 Rate limiter initialized: get_messages=5.0s, get_dialogs=1.0s, join_chat=2.0s, enabled=True
INFO     chatfilter.telegram.rate_limiter:rate_limiter.py:68 Rate limiter initialized: get_messages=7.0s, get_dialogs=1.0s, join_chat=2.0s, enabled=True
DEBUG    asyncio:selector_events.py:64 Using selector: KqueueSelector
DEBUG    asyncio:selector_events.py:64 Using selector: KqueueSelector
WARNING  chatfilter.telegram.retry:retry.py:200 fails_twice: Attempt 1/3 failed with ConnectionError: Network error. Retrying in 0.01s...
WARNING  chatfilter.telegram.retry:retry.py:200 fails_twice: Attempt 2/3 failed with ConnectionError: Network error. Retrying in 0.02s...
DEBUG    asyncio:selector_events.py:64 Using selector: KqueueSelector
WARNING  chatfilter.telegram.retry:retry.py:200 fails_with_timeout: Attempt 1/3 failed with TimeoutError: Request timeout. Retrying in 0.01s...
DEBUG    asyncio:selector_events.py:64 Using selector: KqueueSelector
WARNING  chatfilter.telegram.retry:retry.py:200 fails_with_asyncio_timeout: Attempt 1/3 failed with TimeoutError: . Retrying in 0.01s...
DEBUG    asyncio:selector_events.py:64 Using selector: KqueueSelector
WARNING  chatfilter.telegram.retry:retry.py:200 fails_with_os_error: Attempt 1/3 failed with OSError: Network unreachable. Retrying in 0.01s...
DEBUG    asyncio:selector_events.py:64 Using selector: KqueueSelector
WARNING  chatfilter.telegram.retry:retry.py:200 fails_with_ssl_error: Attempt 1/3 failed with SSLError: ('SSL handshake failed',). Retrying in 0.01s...
DEBUG    asyncio:selector_events.py:64 Using selector: KqueueSelector
DEBUG    chatfilter.telegram.retry:retry.py:141 raises_cancelled: CancelledError received, not retrying
DEBUG    asyncio:selector_events.py:64 Using selector: KqueueSelector
WARNING  chatfilter.telegram.retry:retry.py:200 always_fails: Attempt 1/3 failed with ConnectionError: Always fails. Retrying in 0.01s...
WARNING  chatfilter.telegram.retry:retry.py:200 always_fails: Attempt 2/3 failed with ConnectionError: Always fails. Retrying in 0.02s...
ERROR    chatfilter.telegram.retry:retry.py:196 always_fails: Failed after 3 attempts: Always fails
DEBUG    asyncio:selector_events.py:64 Using selector: KqueueSelector
WARNING  chatfilter.telegram.retry:retry.py:200 fails_twice: Attempt 1/3 failed with ConnectionError: Retry me. Retrying in 0.10s...
WARNING  chatfilter.telegram.retry:retry.py:200 fails_twice: Attempt 2/3 failed with ConnectionError: Retry me. Retrying in 0.20s...
DEBUG    asyncio:selector_events.py:64 Using selector: KqueueSelector
WARNING  chatfilter.telegram.retry:retry.py:200 fails_with_custom_error: Attempt 1/3 failed with CustomError: Custom error. Retrying in 0.01s...
DEBUG    asyncio:selector_events.py:64 Using selector: KqueueSelector
DEBUG    asyncio:selector_events.py:64 Using selector: KqueueSelector
DEBUG    asyncio:selector_events.py:64 Using selector: KqueueSelector
WARNING  chatfilter.telegram.retry:retry.py:200 read_operation: Attempt 1/3 failed with ConnectionError: Network error. Retrying in 0.91s...
DEBUG    asyncio:selector_events.py:64 Using selector: KqueueSelector
WARNING  chatfilter.telegram.retry:retry.py:200 write_operation: Attempt 1/2 failed with ConnectionError: Network error. Retrying in 2.18s...
DEBUG    asyncio:selector_events.py:64 Using selector: KqueueSelector
WARNING  chatfilter.telegram.retry:retry.py:200 read_op: Attempt 1/3 failed with ConnectionError: . Retrying in 1.02s...
WARNING  chatfilter.telegram.retry:retry.py:200 read_op: Attempt 2/3 failed with ConnectionError: . Retrying in 2.07s...
ERROR    chatfilter.telegram.retry:retry.py:196 read_op: Failed after 3 attempts:
WARNING  chatfilter.telegram.retry:retry.py:200 write_op: Attempt 1/2 failed with ConnectionError: . Retrying in 2.12s...
ERROR    chatfilter.telegram.retry:retry.py:196 write_op: Failed after 2 attempts:
DEBUG    asyncio:selector_events.py:64 Using selector: KqueueSelector
WARNING  chatfilter.telegram.retry:retry.py:200 operation: Attempt 1/3 failed with ConnectionError: op1 failed. Retrying in 0.01s...
WARNING  chatfilter.telegram.retry:retry.py:200 operation: Attempt 1/3 failed with ConnectionError: op2 failed. Retrying in 0.01s...
WARNING  chatfilter.telegram.retry:retry.py:200 operation: Attempt 1/3 failed with ConnectionError: op3 failed. Retrying in 0.01s...
DEBUG    asyncio:selector_events.py:64 Using selector: KqueueSelector
WARNING  chatfilter.telegram.retry:retry.py:200 sometimes_slow: Attempt 1/3 failed with TimeoutError: . Retrying in 0.01s...
DEBUG    asyncio:selector_events.py:64 Using selector: KqueueSelector
INFO     chatfilter.service.chat_analysis:chat_analysis.py:142 Fetched 2 chats from session 'test_session'
DEBUG    asyncio:selector_events.py:64 Using selector: KqueueSelector
DEBUG    asyncio:selector_events.py:64 Using selector: KqueueSelector
DEBUG    asyncio:selector_events.py:64 Using selector: KqueueSelector
DEBUG    chatfilter.service.chat_analysis:chat_analysis.py:375 Using standard mode for chat 456 (limit=1000)
DEBUG    asyncio:selector_events.py:64 Using selector: KqueueSelector
DEBUG    chatfilter.service.chat_analysis:chat_analysis.py:375 Using standard mode for chat 789 (limit=1000)
DEBUG    asyncio:selector_events.py:64 Using selector: KqueueSelector
DEBUG    asyncio:selector_events.py:64 Using selector: KqueueSelector
DEBUG    chatfilter.service.chat_analysis:chat_analysis.py:440 Session validation failed for 'nonexistent': Session 'nonexistent' not found
DEBUG    asyncio:selector_events.py:64 Using selector: KqueueSelector
DEBUG    chatfilter.service.chat_analysis:chat_analysis.py:440 Session validation failed for 'invalid_session': Invalid config
DEBUG    asyncio:selector_events.py:64 Using selector: KqueueSelector
INFO     chatfilter.telegram.session_manager:session_manager.py:282 Session 'test' connected
DEBUG    asyncio:selector_events.py:64 Using selector: KqueueSelector
INFO     chatfilter.telegram.session_manager:session_manager.py:282 Session 'test' connected
DEBUG    asyncio:selector_events.py:64 Using selector: KqueueSelector
WARNING  chatfilter.telegram.retry:retry.py:200 _do_connect: Attempt 1/3 failed with ConnectionError: Mock connection failure. Retrying in 0.95s...
WARNING  chatfilter.telegram.retry:retry.py:200 _do_connect: Attempt 2/3 failed with ConnectionError: Mock connection failure. Retrying in 2.13s...
ERROR    chatfilter.telegram.retry:retry.py:196 _do_connect: Failed after 3 attempts: Mock connection failure
DEBUG    asyncio:selector_events.py:64 Using selector: KqueueSelector
WARNING  chatfilter.telegram.retry:retry.py:200 _do_connect: Attempt 1/3 failed with TimeoutError: Connection timeout for session 'test' after 0.1s. Retrying in 0.95s...
WARNING  chatfilter.telegram.retry:retry.py:200 _do_connect: Attempt 2/3 failed with TimeoutError: Connection timeout for session 'test' after 0.1s. Retrying in 2.14s...
ERROR    chatfilter.telegram.retry:retry.py:196 _do_connect: Failed after 3 attempts: Connection timeout for session 'test' after 0.1s
DEBUG    asyncio:selector_events.py:64 Using selector: KqueueSelector
DEBUG    asyncio:selector_events.py:64 Using selector: KqueueSelector
INFO     chatfilter.telegram.session_manager:session_manager.py:282 Session 'test' connected
INFO     chatfilter.telegram.session_manager:session_manager.py:386 Session 'test' disconnected
DEBUG    asyncio:selector_events.py:64 Using selector: KqueueSelector
DEBUG    asyncio:selector_events.py:64 Using selector: KqueueSelector
DEBUG    asyncio:selector_events.py:64 Using selector: KqueueSelector
INFO     chatfilter.telegram.session_manager:session_manager.py:282 Session 'test1' connected
INFO     chatfilter.telegram.session_manager:session_manager.py:282 Session 'test2' connected
INFO     chatfilter.telegram.session_manager:session_manager.py:386 Session 'test1' disconnected
INFO     chatfilter.telegram.session_manager:session_manager.py:386 Session 'test2' disconnected
DEBUG    asyncio:selector_events.py:64 Using selector: KqueueSelector
INFO     chatfilter.telegram.session_manager:session_manager.py:282 Session 'test' connected
INFO     chatfilter.telegram.session_manager:session_manager.py:386 Session 'test' disconnected
DEBUG    asyncio:selector_events.py:64 Using selector: KqueueSelector
INFO     chatfilter.telegram.session_manager:session_manager.py:282 Session 'test' connected
DEBUG    asyncio:selector_events.py:64 Using selector: KqueueSelector
INFO     chatfilter.telegram.session_manager:session_manager.py:282 Session 'test' connected
INFO     chatfilter.telegram.session_manager:session_manager.py:386 Session 'test' disconnected
DEBUG    asyncio:selector_events.py:64 Using selector: KqueueSelector
INFO     chatfilter.telegram.session_manager:session_manager.py:282 Session 'test' connected
DEBUG    asyncio:selector_events.py:64 Using selector: KqueueSelector
DEBUG    asyncio:selector_events.py:64 Using selector: KqueueSelector
DEBUG    asyncio:selector_events.py:64 Using selector: KqueueSelector
INFO     chatfilter.telegram.session_manager:session_manager.py:282 Session 'test' connected
DEBUG    asyncio:selector_events.py:64 Using selector: KqueueSelector
INFO     chatfilter.telegram.session_manager:session_manager.py:282 Session 'test' connected
DEBUG    asyncio:selector_events.py:64 Using selector: KqueueSelector
INFO     chatfilter.telegram.session_manager:session_manager.py:282 Session 'test' connected
DEBUG    asyncio:selector_events.py:64 Using selector: KqueueSelector
DEBUG    asyncio:selector_events.py:64 Using selector: KqueueSelector
DEBUG    asyncio:selector_events.py:64 Using selector: KqueueSelector
DEBUG    asyncio:selector_events.py:64 Using selector: KqueueSelector
DEBUG    asyncio:selector_events.py:64 Using selector: KqueueSelector
DEBUG    asyncio:selector_events.py:64 Using selector: KqueueSelector
DEBUG    asyncio:selector_events.py:64 Using selector: KqueueSelector
DEBUG    asyncio:selector_events.py:64 Using selector: KqueueSelector
DEBUG    asyncio:selector_events.py:64 Using selector: KqueueSelector
INFO     chatfilter.telegram.session_manager:session_manager.py:282 Session 'test' connected
WARNING  chatfilter.telegram.session_manager:session_manager.py:604 Network switch detected for session 'test'. Initiating fast reconnection...
DEBUG    chatfilter.telegram.session_manager:session_manager.py:610 Disconnecting session 'test' after network switch...
INFO     chatfilter.telegram.session_manager:session_manager.py:386 Session 'test' disconnected
DEBUG    chatfilter.telegram.session_manager:session_manager.py:617 Reconnecting session 'test' after network switch...
INFO     chatfilter.telegram.session_manager:session_manager.py:282 Session 'test' connected
INFO     chatfilter.telegram.session_manager:session_manager.py:623 Successfully recovered session 'test' from network switch
DEBUG    asyncio:selector_events.py:64 Using selector: KqueueSelector
INFO     chatfilter.telegram.session_manager:session_manager.py:282 Session 'test' connected
WARNING  chatfilter.telegram.session_manager:session_manager.py:604 Network switch detected for session 'test'. Initiating fast reconnection...
DEBUG    chatfilter.telegram.session_manager:session_manager.py:610 Disconnecting session 'test' after network switch...
INFO     chatfilter.telegram.session_manager:session_manager.py:386 Session 'test' disconnected
DEBUG    chatfilter.telegram.session_manager:session_manager.py:617 Reconnecting session 'test' after network switch...
INFO     chatfilter.telegram.session_manager:session_manager.py:282 Session 'test' connected
INFO     chatfilter.telegram.session_manager:session_manager.py:623 Successfully recovered session 'test' from network switch
DEBUG    asyncio:selector_events.py:64 Using selector: KqueueSelector
INFO     chatfilter.telegram.session_manager:session_manager.py:282 Session 'test' connected
WARNING  chatfilter.telegram.session_manager:session_manager.py:604 Network switch detected for session 'test'. Initiating fast reconnection...
DEBUG    chatfilter.telegram.session_manager:session_manager.py:610 Disconnecting session 'test' after network switch...
INFO     chatfilter.telegram.session_manager:session_manager.py:386 Session 'test' disconnected
DEBUG    chatfilter.telegram.session_manager:session_manager.py:617 Reconnecting session 'test' after network switch...
INFO     chatfilter.telegram.session_manager:session_manager.py:282 Session 'test' connected
INFO     chatfilter.telegram.session_manager:session_manager.py:623 Successfully recovered session 'test' from network switch
DEBUG    asyncio:selector_events.py:64 Using selector: KqueueSelector
INFO     chatfilter.telegram.session_manager:session_manager.py:282 Session 'test' connected
DEBUG    asyncio:selector_events.py:64 Using selector: KqueueSelector
INFO     chatfilter.telegram.session_manager:session_manager.py:282 Session 'test' connected
DEBUG    chatfilter.telegram.session_manager:session_manager.py:722 Heartbeat OK for session 'test'
DEBUG    asyncio:selector_events.py:64 Using selector: KqueueSelector
INFO     chatfilter.telegram.session_manager:session_manager.py:282 Session 'test' connected
WARNING  chatfilter.telegram.session_manager:session_manager.py:454 Network switch error during health check for 'test': ConnectionResetError
WARNING  chatfilter.telegram.session_manager:session_manager.py:744 Network switch error detected for session 'test': ConnectionResetError
WARNING  chatfilter.telegram.session_manager:session_manager.py:604 Network switch detected for session 'test'. Initiating fast reconnection...
DEBUG    chatfilter.telegram.session_manager:session_manager.py:610 Disconnecting session 'test' after network switch...
INFO     chatfilter.telegram.session_manager:session_manager.py:386 Session 'test' disconnected
DEBUG    chatfilter.telegram.session_manager:session_manager.py:617 Reconnecting session 'test' after network switch...
INFO     chatfilter.telegram.session_manager:session_manager.py:282 Session 'test' connected
INFO     chatfilter.telegram.session_manager:session_manager.py:623 Successfully recovered session 'test' from network switch
DEBUG    asyncio:selector_events.py:64 Using selector: KqueueSelector
DEBUG    asyncio:selector_events.py:64 Using selector: KqueueSelector
DEBUG    asyncio:selector_events.py:64 Using selector: KqueueSelector
DEBUG    asyncio:selector_events.py:64 Using selector: KqueueSelector
WARNING  chatfilter.web.routers.sessions:sessions.py:285 Config file contains unknown fields that will be ignored: another_unknown, unknown_field
INFO     chatfilter.web.exception_handlers:exception_handlers.py:221 Registered custom exception handlers (including network error handlers)
DEBUG    asyncio:selector_events.py:64 Using selector: KqueueSelector
DEBUG    chatfilter.web.session:session.py:98 Created new session: smVJ80lc...
INFO     chatfilter.web.middleware:middleware.py:92 Request started
INFO     chatfilter.web.middleware:middleware.py:108 Request completed
INFO     httpx:_client.py:1025 HTTP Request: GET http://testserver/api/sessions "HTTP/1.1 200 OK"
INFO     chatfilter.web.exception_handlers:exception_handlers.py:221 Registered custom exception handlers (including network error handlers)
DEBUG    asyncio:selector_events.py:64 Using selector: KqueueSelector
DEBUG    chatfilter.web.session:session.py:98 Created new session: goXizcde...
INFO     chatfilter.web.middleware:middleware.py:92 Request started
DEBUG    chatfilter.web.csrf:csrf.py:61 Generated new CSRF token for session goXizcde...
INFO     chatfilter.web.middleware:middleware.py:108 Request completed
INFO     httpx:_client.py:1025 HTTP Request: GET http://testserver/ "HTTP/1.1 200 OK"
INFO     chatfilter.web.exception_handlers:exception_handlers.py:221 Registered custom exception handlers (including network error handlers)
DEBUG    asyncio:selector_events.py:64 Using selector: KqueueSelector
DEBUG    chatfilter.web.session:session.py:98 Created new session: _ugfji40...
INFO     chatfilter.web.middleware:middleware.py:92 Request started
DEBUG    chatfilter.web.csrf:csrf.py:61 Generated new CSRF token for session _ugfji40...
INFO     chatfilter.web.middleware:middleware.py:108 Request completed
INFO     httpx:_client.py:1025 HTTP Request: GET http://testserver/ "HTTP/1.1 200 OK"
DEBUG    asyncio:selector_events.py:64 Using selector: KqueueSelector
INFO     chatfilter.web.middleware:middleware.py:92 Request started
DEBUG    chatfilter.web.middleware:middleware.py:435 CSRF token validated for POST /api/sessions/upload
DEBUG    python_multipart.multipart:multipart.py:628 Calling on_part_begin with no data
DEBUG    python_multipart.multipart:multipart.py:625 Calling on_header_field with data[36:55]
DEBUG    python_multipart.multipart:multipart.py:625 Calling on_header_value with data[57:87]
DEBUG    python_multipart.multipart:multipart.py:628 Calling on_header_end with no data
DEBUG    python_multipart.multipart:multipart.py:628 Calling on_headers_finished with no data
DEBUG    python_multipart.multipart:multipart.py:625 Calling on_part_data with data[91:95]
DEBUG    python_multipart.multipart:multipart.py:628 Calling on_part_end with no data
DEBUG    python_multipart.multipart:multipart.py:628 Calling on_part_begin with no data
DEBUG    python_multipart.multipart:multipart.py:625 Calling on_header_field with data[133:152]
DEBUG    python_multipart.multipart:multipart.py:625 Calling on_header_value with data[154:209]
DEBUG    python_multipart.multipart:multipart.py:628 Calling on_header_end with no data
DEBUG    python_multipart.multipart:multipart.py:625 Calling on_header_field with data[211:223]
DEBUG    python_multipart.multipart:multipart.py:625 Calling on_header_value with data[225:249]
DEBUG    python_multipart.multipart:multipart.py:628 Calling on_header_end with no data
DEBUG    python_multipart.multipart:multipart.py:628 Calling on_headers_finished with no data
DEBUG    python_multipart.multipart:multipart.py:625 Calling on_part_data with data[253:258]
DEBUG    python_multipart.multipart:multipart.py:628 Calling on_part_end with no data
DEBUG    python_multipart.multipart:multipart.py:628 Calling on_part_begin with no data
DEBUG    python_multipart.multipart:multipart.py:625 Calling on_header_field with data[296:315]
DEBUG    python_multipart.multipart:multipart.py:625 Calling on_header_value with data[317:370]
DEBUG    python_multipart.multipart:multipart.py:628 Calling on_header_end with no data
DEBUG    python_multipart.multipart:multipart.py:625 Calling on_header_field with data[372:384]
DEBUG    python_multipart.multipart:multipart.py:625 Calling on_header_value with data[386:402]
DEBUG    python_multipart.multipart:multipart.py:628 Calling on_header_end with no data
DEBUG    python_multipart.multipart:multipart.py:628 Calling on_headers_finished with no data
DEBUG    python_multipart.multipart:multipart.py:625 Calling on_part_data with data[406:408]
DEBUG    python_multipart.multipart:multipart.py:628 Calling on_part_end with no data
DEBUG    python_multipart.multipart:multipart.py:628 Calling on_end with no data
INFO     chatfilter.web.middleware:middleware.py:108 Request completed
INFO     httpx:_client.py:1025 HTTP Request: POST http://testserver/api/sessions/upload "HTTP/1.1 200 OK"
INFO     chatfilter.web.exception_handlers:exception_handlers.py:221 Registered custom exception handlers (including network error handlers)
DEBUG    asyncio:selector_events.py:64 Using selector: KqueueSelector
DEBUG    chatfilter.web.session:session.py:98 Created new session: U5QfpW_Z...
INFO     chatfilter.web.middleware:middleware.py:92 Request started
DEBUG    chatfilter.web.csrf:csrf.py:61 Generated new CSRF token for session U5QfpW_Z...
INFO     chatfilter.web.middleware:middleware.py:108 Request completed
INFO     httpx:_client.py:1025 HTTP Request: GET http://testserver/ "HTTP/1.1 200 OK"
DEBUG    asyncio:selector_events.py:64 Using selector: KqueueSelector
INFO     chatfilter.web.middleware:middleware.py:92 Request started
DEBUG    chatfilter.web.middleware:middleware.py:435 CSRF token validated for POST /api/sessions/upload
DEBUG    python_multipart.multipart:multipart.py:628 Calling on_part_begin with no data
DEBUG    python_multipart.multipart:multipart.py:625 Calling on_header_field with data[36:55]
DEBUG    python_multipart.multipart:multipart.py:625 Calling on_header_value with data[57:87]
DEBUG    python_multipart.multipart:multipart.py:628 Calling on_header_end with no data
DEBUG    python_multipart.multipart:multipart.py:628 Calling on_headers_finished with no data
DEBUG    python_multipart.multipart:multipart.py:625 Calling on_part_data with data[91:103]
DEBUG    python_multipart.multipart:multipart.py:628 Calling on_part_end with no data
DEBUG    python_multipart.multipart:multipart.py:628 Calling on_part_begin with no data
DEBUG    python_multipart.multipart:multipart.py:625 Calling on_header_field with data[141:160]
DEBUG    python_multipart.multipart:multipart.py:625 Calling on_header_value with data[162:217]
DEBUG    python_multipart.multipart:multipart.py:628 Calling on_header_end with no data
DEBUG    python_multipart.multipart:multipart.py:625 Calling on_header_field with data[219:231]
DEBUG    python_multipart.multipart:multipart.py:625 Calling on_header_value with data[233:257]
DEBUG    python_multipart.multipart:multipart.py:628 Calling on_header_end with no data
DEBUG    python_multipart.multipart:multipart.py:628 Calling on_headers_finished with no data
DEBUG    python_multipart.multipart:multipart.py:625 Calling on_part_data with data[261:275]
DEBUG    python_multipart.multipart:multipart.py:628 Calling on_part_end with no data
DEBUG    python_multipart.multipart:multipart.py:628 Calling on_part_begin with no data
DEBUG    python_multipart.multipart:multipart.py:625 Calling on_header_field with data[313:332]
DEBUG    python_multipart.multipart:multipart.py:625 Calling on_header_value with data[334:387]
DEBUG    python_multipart.multipart:multipart.py:628 Calling on_header_end with no data
DEBUG    python_multipart.multipart:multipart.py:625 Calling on_header_field with data[389:401]
DEBUG    python_multipart.multipart:multipart.py:625 Calling on_header_value with data[403:419]
DEBUG    python_multipart.multipart:multipart.py:628 Calling on_header_end with no data
DEBUG    python_multipart.multipart:multipart.py:628 Calling on_headers_finished with no data
DEBUG    python_multipart.multipart:multipart.py:625 Calling on_part_data with data[423:459]
DEBUG    python_multipart.multipart:multipart.py:628 Calling on_part_end with no data
DEBUG    python_multipart.multipart:multipart.py:628 Calling on_end with no data
INFO     chatfilter.web.middleware:middleware.py:108 Request completed
INFO     httpx:_client.py:1025 HTTP Request: POST http://testserver/api/sessions/upload "HTTP/1.1 200 OK"
INFO     chatfilter.web.exception_handlers:exception_handlers.py:221 Registered custom exception handlers (including network error handlers)
DEBUG    asyncio:selector_events.py:64 Using selector: KqueueSelector
DEBUG    chatfilter.web.session:session.py:98 Created new session: QIzrlfay...
INFO     chatfilter.web.middleware:middleware.py:92 Request started
DEBUG    chatfilter.web.csrf:csrf.py:61 Generated new CSRF token for session QIzrlfay...
INFO     chatfilter.web.middleware:middleware.py:108 Request completed
INFO     httpx:_client.py:1025 HTTP Request: GET http://testserver/ "HTTP/1.1 200 OK"
DEBUG    asyncio:selector_events.py:64 Using selector: KqueueSelector
INFO     chatfilter.web.middleware:middleware.py:92 Request started
DEBUG    chatfilter.web.middleware:middleware.py:435 CSRF token validated for POST /api/sessions/upload
DEBUG    python_multipart.multipart:multipart.py:628 Calling on_part_begin with no data
DEBUG    python_multipart.multipart:multipart.py:625 Calling on_header_field with data[36:55]
DEBUG    python_multipart.multipart:multipart.py:625 Calling on_header_value with data[57:87]
DEBUG    python_multipart.multipart:multipart.py:628 Calling on_header_end with no data
DEBUG    python_multipart.multipart:multipart.py:628 Calling on_headers_finished with no data
DEBUG    python_multipart.multipart:multipart.py:625 Calling on_part_data with data[91:103]
DEBUG    python_multipart.multipart:multipart.py:628 Calling on_part_end with no data
DEBUG    python_multipart.multipart:multipart.py:628 Calling on_part_begin with no data
DEBUG    python_multipart.multipart:multipart.py:625 Calling on_header_field with data[141:160]
DEBUG    python_multipart.multipart:multipart.py:625 Calling on_header_value with data[162:217]
DEBUG    python_multipart.multipart:multipart.py:628 Calling on_header_end with no data
DEBUG    python_multipart.multipart:multipart.py:625 Calling on_header_field with data[219:231]
DEBUG    python_multipart.multipart:multipart.py:625 Calling on_header_value with data[233:257]
DEBUG    python_multipart.multipart:multipart.py:628 Calling on_header_end with no data
DEBUG    python_multipart.multipart:multipart.py:628 Calling on_headers_finished with no data
DEBUG    python_multipart.multipart:multipart.py:625 Calling on_part_data with data[261:20741]
DEBUG    python_multipart.multipart:multipart.py:628 Calling on_part_end with no data
DEBUG    python_multipart.multipart:multipart.py:628 Calling on_part_begin with no data
DEBUG    python_multipart.multipart:multipart.py:625 Calling on_header_field with data[20779:20798]
DEBUG    python_multipart.multipart:multipart.py:625 Calling on_header_value with data[20800:20853]
DEBUG    python_multipart.multipart:multipart.py:628 Calling on_header_end with no data
DEBUG    python_multipart.multipart:multipart.py:625 Calling on_header_field with data[20855:20867]
DEBUG    python_multipart.multipart:multipart.py:625 Calling on_header_value with data[20869:20885]
DEBUG    python_multipart.multipart:multipart.py:628 Calling on_header_end with no data
DEBUG    python_multipart.multipart:multipart.py:628 Calling on_headers_finished with no data
DEBUG    python_multipart.multipart:multipart.py:625 Calling on_part_data with data[20889:20904]
DEBUG    python_multipart.multipart:multipart.py:628 Calling on_part_end with no data
DEBUG    python_multipart.multipart:multipart.py:628 Calling on_end with no data
INFO     chatfilter.web.middleware:middleware.py:108 Request completed
INFO     httpx:_client.py:1025 HTTP Request: POST http://testserver/api/sessions/upload "HTTP/1.1 200 OK"
INFO     chatfilter.web.exception_handlers:exception_handlers.py:221 Registered custom exception handlers (including network error handlers)
DEBUG    asyncio:selector_events.py:64 Using selector: KqueueSelector
DEBUG    chatfilter.web.session:session.py:98 Created new session: u0bVVFxI...
INFO     chatfilter.web.middleware:middleware.py:92 Request started
DEBUG    chatfilter.web.csrf:csrf.py:61 Generated new CSRF token for session u0bVVFxI...
INFO     chatfilter.web.middleware:middleware.py:108 Request completed
INFO     httpx:_client.py:1025 HTTP Request: GET http://testserver/ "HTTP/1.1 200 OK"
DEBUG    asyncio:selector_events.py:64 Using selector: KqueueSelector
INFO     chatfilter.web.middleware:middleware.py:92 Request started
DEBUG    chatfilter.web.middleware:middleware.py:435 CSRF token validated for DELETE /api/sessions/nonexistent
WARNING  chatfilter.web.exception_handlers:exception_handlers.py:46 HTTP 404 error: Session not found (request_id=be993101-088b-44ad-b1b1-c50b5bb69aaf, path=/api/sessions/nonexistent)
INFO     chatfilter.web.middleware:middleware.py:108 Request completed
INFO     httpx:_client.py:1025 HTTP Request: DELETE http://testserver/api/sessions/nonexistent "HTTP/1.1 404 Not Found"
INFO     chatfilter.web.exception_handlers:exception_handlers.py:221 Registered custom exception handlers (including network error handlers)
DEBUG    asyncio:selector_events.py:64 Using selector: KqueueSelector
DEBUG    chatfilter.web.session:session.py:98 Created new session: jewxXwiy...
INFO     chatfilter.web.middleware:middleware.py:92 Request started
DEBUG    chatfilter.web.csrf:csrf.py:61 Generated new CSRF token for session jewxXwiy...
INFO     chatfilter.web.middleware:middleware.py:108 Request completed
INFO     httpx:_client.py:1025 HTTP Request: GET http://testserver/ "HTTP/1.1 200 OK"
DEBUG    asyncio:selector_events.py:64 Using selector: KqueueSelector
INFO     chatfilter.web.middleware:middleware.py:92 Request started
DEBUG    chatfilter.web.middleware:middleware.py:435 CSRF token validated for DELETE /api/sessions/@
WARNING  chatfilter.web.exception_handlers:exception_handlers.py:46 HTTP 400 error: Invalid session name (request_id=c2f6582d-e949-454e-b064-6298d4e5bea0, path=/api/sessions/@)
INFO     chatfilter.web.middleware:middleware.py:108 Request completed
INFO     httpx:_client.py:1025 HTTP Request: DELETE http://testserver/api/sessions/@ "HTTP/1.1 400 Bad Request"
INFO     chatfilter.web.exception_handlers:exception_handlers.py:221 Registered custom exception handlers (including network error handlers)
DEBUG    asyncio:selector_events.py:64 Using selector: KqueueSelector
DEBUG    chatfilter.web.session:session.py:98 Created new session: OYtIm1qs...
INFO     chatfilter.web.middleware:middleware.py:92 Request started
DEBUG    chatfilter.web.csrf:csrf.py:61 Generated new CSRF token for session OYtIm1qs...
INFO     chatfilter.web.middleware:middleware.py:108 Request completed
INFO     httpx:_client.py:1025 HTTP Request: GET http://testserver/ "HTTP/1.1 200 OK"
DEBUG    asyncio:selector_events.py:64 Using selector: KqueueSelector
INFO     chatfilter.web.middleware:middleware.py:92 Request started
DEBUG    chatfilter.web.middleware:middleware.py:435 CSRF token validated for POST /api/sessions/upload
DEBUG    python_multipart.multipart:multipart.py:628 Calling on_part_begin with no data
DEBUG    python_multipart.multipart:multipart.py:625 Calling on_header_field with data[36:55]
DEBUG    python_multipart.multipart:multipart.py:625 Calling on_header_value with data[57:87]
DEBUG    python_multipart.multipart:multipart.py:628 Calling on_header_end with no data
DEBUG    python_multipart.multipart:multipart.py:628 Calling on_headers_finished with no data
DEBUG    python_multipart.multipart:multipart.py:625 Calling on_part_data with data[91:103]
DEBUG    python_multipart.multipart:multipart.py:628 Calling on_part_end with no data
DEBUG    python_multipart.multipart:multipart.py:628 Calling on_part_begin with no data
DEBUG    python_multipart.multipart:multipart.py:625 Calling on_header_field with data[141:160]
DEBUG    python_multipart.multipart:multipart.py:625 Calling on_header_value with data[162:217]
DEBUG    python_multipart.multipart:multipart.py:628 Calling on_header_end with no data
DEBUG    python_multipart.multipart:multipart.py:625 Calling on_header_field with data[219:231]
DEBUG    python_multipart.multipart:multipart.py:625 Calling on_header_value with data[233:257]
DEBUG    python_multipart.multipart:multipart.py:628 Calling on_header_end with no data
DEBUG    python_multipart.multipart:multipart.py:628 Calling on_headers_finished with no data
DEBUG    python_multipart.multipart:multipart.py:625 Calling on_part_data with data[261:12549]
DEBUG    python_multipart.multipart:multipart.py:628 Calling on_part_end with no data
DEBUG    python_multipart.multipart:multipart.py:628 Calling on_part_begin with no data
DEBUG    python_multipart.multipart:multipart.py:625 Calling on_header_field with data[12587:12606]
DEBUG    python_multipart.multipart:multipart.py:625 Calling on_header_value with data[12608:12661]
DEBUG    python_multipart.multipart:multipart.py:628 Calling on_header_end with no data
DEBUG    python_multipart.multipart:multipart.py:625 Calling on_header_field with data[12663:12675]
DEBUG    python_multipart.multipart:multipart.py:625 Calling on_header_value with data[12677:12693]
DEBUG    python_multipart.multipart:multipart.py:628 Calling on_header_end with no data
DEBUG    python_multipart.multipart:multipart.py:628 Calling on_headers_finished with no data
DEBUG    python_multipart.multipart:multipart.py:625 Calling on_part_data with data[12697:14730]
DEBUG    python_multipart.multipart:multipart.py:628 Calling on_part_end with no data
DEBUG    python_multipart.multipart:multipart.py:628 Calling on_end with no data
INFO     chatfilter.web.middleware:middleware.py:108 Request completed
INFO     httpx:_client.py:1025 HTTP Request: POST http://testserver/api/sessions/upload "HTTP/1.1 200 OK"
INFO     chatfilter.web.exception_handlers:exception_handlers.py:221 Registered custom exception handlers (including network error handlers)
DEBUG    asyncio:selector_events.py:64 Using selector: KqueueSelector
DEBUG    chatfilter.web.session:session.py:98 Created new session: eEx-hxdy...
INFO     chatfilter.web.middleware:middleware.py:92 Request started
DEBUG    chatfilter.web.csrf:csrf.py:61 Generated new CSRF token for session eEx-hxdy...
INFO     chatfilter.web.middleware:middleware.py:108 Request completed
INFO     httpx:_client.py:1025 HTTP Request: GET http://testserver/ "HTTP/1.1 200 OK"
DEBUG    asyncio:selector_events.py:64 Using selector: KqueueSelector
INFO     chatfilter.web.middleware:middleware.py:92 Request started
DEBUG    chatfilter.web.middleware:middleware.py:435 CSRF token validated for POST /api/sessions/upload
DEBUG    python_multipart.multipart:multipart.py:628 Calling on_part_begin with no data
DEBUG    python_multipart.multipart:multipart.py:625 Calling on_header_field with data[36:55]
DEBUG    python_multipart.multipart:multipart.py:625 Calling on_header_value with data[57:87]
DEBUG    python_multipart.multipart:multipart.py:628 Calling on_header_end with no data
DEBUG    python_multipart.multipart:multipart.py:628 Calling on_headers_finished with no data
DEBUG    python_multipart.multipart:multipart.py:625 Calling on_part_data with data[91:103]
DEBUG    python_multipart.multipart:multipart.py:628 Calling on_part_end with no data
DEBUG    python_multipart.multipart:multipart.py:628 Calling on_part_begin with no data
DEBUG    python_multipart.multipart:multipart.py:625 Calling on_header_field with data[141:160]
DEBUG    python_multipart.multipart:multipart.py:625 Calling on_header_value with data[162:217]
DEBUG    python_multipart.multipart:multipart.py:628 Calling on_header_end with no data
DEBUG    python_multipart.multipart:multipart.py:625 Calling on_header_field with data[219:231]
DEBUG    python_multipart.multipart:multipart.py:625 Calling on_header_value with data[233:257]
DEBUG    python_multipart.multipart:multipart.py:628 Calling on_header_end with no data
DEBUG    python_multipart.multipart:multipart.py:628 Calling on_headers_finished with no data
DEBUG    python_multipart.multipart:multipart.py:625 Calling on_part_data with data[261:11534597]
DEBUG    python_multipart.multipart:multipart.py:628 Calling on_part_end with no data
DEBUG    python_multipart.multipart:multipart.py:628 Calling on_part_begin with no data
DEBUG    python_multipart.multipart:multipart.py:625 Calling on_header_field with data[11534635:11534654]
DEBUG    python_multipart.multipart:multipart.py:625 Calling on_header_value with data[11534656:11534709]
DEBUG    python_multipart.multipart:multipart.py:628 Calling on_header_end with no data
DEBUG    python_multipart.multipart:multipart.py:625 Calling on_header_field with data[11534711:11534723]
DEBUG    python_multipart.multipart:multipart.py:625 Calling on_header_value with data[11534725:11534741]
DEBUG    python_multipart.multipart:multipart.py:628 Calling on_header_end with no data
DEBUG    python_multipart.multipart:multipart.py:628 Calling on_headers_finished with no data
DEBUG    python_multipart.multipart:multipart.py:625 Calling on_part_data with data[11534745:11534781]
DEBUG    python_multipart.multipart:multipart.py:628 Calling on_part_end with no data
DEBUG    python_multipart.multipart:multipart.py:628 Calling on_end with no data
INFO     chatfilter.web.middleware:middleware.py:108 Request completed
INFO     httpx:_client.py:1025 HTTP Request: POST http://testserver/api/sessions/upload "HTTP/1.1 200 OK"
DEBUG    chatfilter.storage.file:file.py:263 Saved 12 bytes to /private/var/folders/72/bhyql_kd6vn0l_zphrnqb1sc0000gn/T/pytest-of-m/pytest-171/test_save_and_load_bytes0/test.bin
DEBUG    chatfilter.storage.file:file.py:293 Loaded 12 bytes from /private/var/folders/72/bhyql_kd6vn0l_zphrnqb1sc0000gn/T/pytest-of-m/pytest-171/test_save_and_load_bytes0/test.bin
DEBUG    chatfilter.storage.file:file.py:263 Saved 12 bytes to /private/var/folders/72/bhyql_kd6vn0l_zphrnqb1sc0000gn/T/pytest-of-m/pytest-171/test_save_and_load_string0/test.txt
DEBUG    chatfilter.storage.file:file.py:293 Loaded 12 bytes from /private/var/folders/72/bhyql_kd6vn0l_zphrnqb1sc0000gn/T/pytest-of-m/pytest-171/test_save_and_load_string0/test.txt
DEBUG    chatfilter.storage.file:file.py:263 Saved 4 bytes to /private/var/folders/72/bhyql_kd6vn0l_zphrnqb1sc0000gn/T/pytest-of-m/pytest-171/test_save_creates_parent_dirs0/sub/dir/test.txt
DEBUG    chatfilter.storage.file:file.py:263 Saved 8 bytes to /private/var/folders/72/bhyql_kd6vn0l_zphrnqb1sc0000gn/T/pytest-of-m/pytest-171/test_atomic_write0/test.txt
DEBUG    chatfilter.storage.file:file.py:263 Saved 7 bytes to /private/var/folders/72/bhyql_kd6vn0l_zphrnqb1sc0000gn/T/pytest-of-m/pytest-171/test_atomic_write0/test.txt
DEBUG    chatfilter.storage.file:file.py:325 Deleted file /private/var/folders/72/bhyql_kd6vn0l_zphrnqb1sc0000gn/T/pytest-of-m/pytest-171/test_delete_file0/test.txt
DEBUG    chatfilter.storage.file:file.py:322 Deleted directory /private/var/folders/72/bhyql_kd6vn0l_zphrnqb1sc0000gn/T/pytest-of-m/pytest-171/test_delete_directory0/testdir
DEBUG    chatfilter.storage.file:file.py:365 Found 3 files in /private/var/folders/72/bhyql_kd6vn0l_zphrnqb1sc0000gn/T/pytest-of-m/pytest-171/test_list_files0/testdir matching *
DEBUG    chatfilter.storage.file:file.py:365 Found 2 files in /private/var/folders/72/bhyql_kd6vn0l_zphrnqb1sc0000gn/T/pytest-of-m/pytest-171/test_list_files0/testdir matching *.txt
DEBUG    chatfilter.storage.file:file.py:384 Ensured directory exists: /private/var/folders/72/bhyql_kd6vn0l_zphrnqb1sc0000gn/T/pytest-of-m/pytest-171/test_ensure_dir0/sub/dir
DEBUG    chatfilter.storage.file:file.py:384 Ensured directory exists: /private/var/folders/72/bhyql_kd6vn0l_zphrnqb1sc0000gn/T/pytest-of-m/pytest-171/test_ensure_dir_idempotent0/testdir
DEBUG    chatfilter.storage.file:file.py:263 Saved 12 bytes to /private/var/folders/72/bhyql_kd6vn0l_zphrnqb1sc0000gn/T/pytest-of-m/pytest-171/test_temp_file_cleanup_on_norm0/test.txt
INFO     chatfilter.storage.file:file.py:71 Cleaned up orphaned temp file: /private/var/folders/72/bhyql_kd6vn0l_zphrnqb1sc0000gn/T/pytest-of-m/pytest-171/test_orphaned_temp_files_clean0/.test2.txt.tmp
INFO     chatfilter.storage.file:file.py:71 Cleaned up orphaned temp file: /private/var/folders/72/bhyql_kd6vn0l_zphrnqb1sc0000gn/T/pytest-of-m/pytest-171/test_orphaned_temp_files_clean0/.test1.txt.tmp
INFO     chatfilter.storage.file:file.py:71 Cleaned up orphaned temp file: /private/var/folders/72/bhyql_kd6vn0l_zphrnqb1sc0000gn/T/pytest-of-m/pytest-171/test_orphaned_temp_files_clean0/subdir/.test3.txt.tmp
DEBUG    chatfilter.storage.file:file.py:263 Saved 7 bytes to /private/var/folders/72/bhyql_kd6vn0l_zphrnqb1sc0000gn/T/pytest-of-m/pytest-171/test_atomic_write_temp_file_re0/test.txt
DEBUG    chatfilter.storage.file:file.py:154 Deleted credentials from secure storage for session: old_session
INFO     chatfilter.storage.file:file.py:172 Cleaned up old session 'old_session' (age: 10.0 days)
DEBUG    chatfilter.storage.file:file.py:154 Deleted credentials from secure storage for session: legacy_session
INFO     chatfilter.storage.file:file.py:172 Cleaned up old session 'legacy_session' (age: 30.0 days)
DEBUG    chatfilter.storage.file:file.py:263 Saved 73 bytes to /private/var/folders/72/bhyql_kd6vn0l_zphrnqb1sc0000gn/T/pytest-of-m/pytest-171/test_save_and_load_json0/test.json
DEBUG    chatfilter.storage.file:file.py:293 Loaded 73 bytes from /private/var/folders/72/bhyql_kd6vn0l_zphrnqb1sc0000gn/T/pytest-of-m/pytest-171/test_save_and_load_json0/test.json
DEBUG    chatfilter.storage.file:file.py:263 Saved 57 bytes to /private/var/folders/72/bhyql_kd6vn0l_zphrnqb1sc0000gn/T/pytest-of-m/pytest-171/test_save_json_with_unicode0/test.json
DEBUG    chatfilter.storage.file:file.py:293 Loaded 57 bytes from /private/var/folders/72/bhyql_kd6vn0l_zphrnqb1sc0000gn/T/pytest-of-m/pytest-171/test_save_json_with_unicode0/test.json
DEBUG    chatfilter.storage.file:file.py:263 Saved 20 bytes to /private/var/folders/72/bhyql_kd6vn0l_zphrnqb1sc0000gn/T/pytest-of-m/pytest-171/test_save_json_creates_dirs0/sub/dir/test.json
DEBUG    chatfilter.storage.file:file.py:293 Loaded 20 bytes from /private/var/folders/72/bhyql_kd6vn0l_zphrnqb1sc0000gn/T/pytest-of-m/pytest-171/test_save_json_creates_dirs0/sub/dir/test.json
DEBUG    chatfilter.storage.file:file.py:293 Loaded 15 bytes from /private/var/folders/72/bhyql_kd6vn0l_zphrnqb1sc0000gn/T/pytest-of-m/pytest-171/test_load_json_invalid_file0/invalid.json
DEBUG    chatfilter.storage.file:file.py:263 Saved 108 bytes to /private/var/folders/72/bhyql_kd6vn0l_zphrnqb1sc0000gn/T/pytest-of-m/pytest-171/test_save_and_load_encrypted0/encrypted.bin
DEBUG    chatfilter.storage.encrypted:encrypted.py:213 Saved encrypted file: /private/var/folders/72/bhyql_kd6vn0l_zphrnqb1sc0000gn/T/pytest-of-m/pytest-171/test_save_and_load_encrypted0/encrypted.bin (key_id=0)
DEBUG    chatfilter.storage.file:file.py:293 Loaded 108 bytes from /private/var/folders/72/bhyql_kd6vn0l_zphrnqb1sc0000gn/T/pytest-of-m/pytest-171/test_save_and_load_encrypted0/encrypted.bin
DEBUG    chatfilter.storage.encrypted:encrypted.py:285 Loaded and decrypted file: /private/var/folders/72/bhyql_kd6vn0l_zphrnqb1sc0000gn/T/pytest-of-m/pytest-171/test_save_and_load_encrypted0/encrypted.bin (key_id=0)
DEBUG    chatfilter.storage.file:file.py:263 Saved 108 bytes to /private/var/folders/72/bhyql_kd6vn0l_zphrnqb1sc0000gn/T/pytest-of-m/pytest-171/test_save_string_content0/encrypted.txt
DEBUG    chatfilter.storage.encrypted:encrypted.py:213 Saved encrypted file: /private/var/folders/72/bhyql_kd6vn0l_zphrnqb1sc0000gn/T/pytest-of-m/pytest-171/test_save_string_content0/encrypted.txt (key_id=0)
DEBUG    chatfilter.storage.file:file.py:293 Loaded 108 bytes from /private/var/folders/72/bhyql_kd6vn0l_zphrnqb1sc0000gn/T/pytest-of-m/pytest-171/test_save_string_content0/encrypted.txt
DEBUG    chatfilter.storage.encrypted:encrypted.py:285 Loaded and decrypted file: /private/var/folders/72/bhyql_kd6vn0l_zphrnqb1sc0000gn/T/pytest-of-m/pytest-171/test_save_string_content0/encrypted.txt (key_id=0)
DEBUG    chatfilter.storage.file:file.py:263 Saved 148 bytes to /private/var/folders/72/bhyql_kd6vn0l_zphrnqb1sc0000gn/T/pytest-of-m/pytest-171/test_encrypted_file_is_not_pla0/encrypted.bin
DEBUG    chatfilter.storage.encrypted:encrypted.py:213 Saved encrypted file: /private/var/folders/72/bhyql_kd6vn0l_zphrnqb1sc0000gn/T/pytest-of-m/pytest-171/test_encrypted_file_is_not_pla0/encrypted.bin (key_id=0)
DEBUG    chatfilter.storage.encrypted:encrypted.py:168 Using machine-derived encryption key
DEBUG    chatfilter.storage.file:file.py:263 Saved 108 bytes to /private/var/folders/72/bhyql_kd6vn0l_zphrnqb1sc0000gn/T/pytest-of-m/pytest-171/test_machine_derived_key0/encrypted.bin
DEBUG    chatfilter.storage.encrypted:encrypted.py:213 Saved encrypted file: /private/var/folders/72/bhyql_kd6vn0l_zphrnqb1sc0000gn/T/pytest-of-m/pytest-171/test_machine_derived_key0/encrypted.bin (key_id=0)
DEBUG    chatfilter.storage.file:file.py:293 Loaded 108 bytes from /private/var/folders/72/bhyql_kd6vn0l_zphrnqb1sc0000gn/T/pytest-of-m/pytest-171/test_machine_derived_key0/encrypted.bin
DEBUG    chatfilter.storage.encrypted:encrypted.py:285 Loaded and decrypted file: /private/var/folders/72/bhyql_kd6vn0l_zphrnqb1sc0000gn/T/pytest-of-m/pytest-171/test_machine_derived_key0/encrypted.bin (key_id=0)
DEBUG    chatfilter.storage.file:file.py:263 Saved 108 bytes to /private/var/folders/72/bhyql_kd6vn0l_zphrnqb1sc0000gn/T/pytest-of-m/pytest-171/test_wrong_key_fails_decryptio0/encrypted.bin
DEBUG    chatfilter.storage.encrypted:encrypted.py:213 Saved encrypted file: /private/var/folders/72/bhyql_kd6vn0l_zphrnqb1sc0000gn/T/pytest-of-m/pytest-171/test_wrong_key_fails_decryptio0/encrypted.bin (key_id=1)
INFO     chatfilter.storage.encrypted:encrypted.py:185 Registered encryption key 1
DEBUG    chatfilter.storage.file:file.py:293 Loaded 108 bytes from /private/var/folders/72/bhyql_kd6vn0l_zphrnqb1sc0000gn/T/pytest-of-m/pytest-171/test_wrong_key_fails_decryptio0/encrypted.bin
INFO     chatfilter.storage.encrypted:encrypted.py:185 Registered encryption key 1
DEBUG    chatfilter.storage.file:file.py:263 Saved 108 bytes to /private/var/folders/72/bhyql_kd6vn0l_zphrnqb1sc0000gn/T/pytest-of-m/pytest-171/test_key_rotation_support0/encrypted.bin
DEBUG    chatfilter.storage.encrypted:encrypted.py:213 Saved encrypted file: /private/var/folders/72/bhyql_kd6vn0l_zphrnqb1sc0000gn/T/pytest-of-m/pytest-171/test_key_rotation_support0/encrypted.bin (key_id=1)
INFO     chatfilter.storage.encrypted:encrypted.py:185 Registered encryption key 1
DEBUG    chatfilter.storage.file:file.py:293 Loaded 108 bytes from /private/var/folders/72/bhyql_kd6vn0l_zphrnqb1sc0000gn/T/pytest-of-m/pytest-171/test_key_rotation_support0/encrypted.bin
DEBUG    chatfilter.storage.encrypted:encrypted.py:285 Loaded and decrypted file: /private/var/folders/72/bhyql_kd6vn0l_zphrnqb1sc0000gn/T/pytest-of-m/pytest-171/test_key_rotation_support0/encrypted.bin (key_id=1)
DEBUG    chatfilter.storage.file:file.py:293 Loaded 5 bytes from /private/var/folders/72/bhyql_kd6vn0l_zphrnqb1sc0000gn/T/pytest-of-m/pytest-171/test_corrupted_file_raises_err0/corrupted.bin
DEBUG    chatfilter.storage.file:file.py:293 Loaded 108 bytes from /private/var/folders/72/bhyql_kd6vn0l_zphrnqb1sc0000gn/T/pytest-of-m/pytest-171/test_invalid_magic_raises_erro0/invalid.bin
DEBUG    chatfilter.storage.file:file.py:293 Loaded 108 bytes from /private/var/folders/72/bhyql_kd6vn0l_zphrnqb1sc0000gn/T/pytest-of-m/pytest-171/test_unsupported_version_raise0/future_version.bin
DEBUG    chatfilter.storage.file:file.py:263 Saved 108 bytes to /private/var/folders/72/bhyql_kd6vn0l_zphrnqb1sc0000gn/T/pytest-of-m/pytest-171/test_decorator_delegates_other0/encrypted.bin
DEBUG    chatfilter.storage.encrypted:encrypted.py:213 Saved encrypted file: /private/var/folders/72/bhyql_kd6vn0l_zphrnqb1sc0000gn/T/pytest-of-m/pytest-171/test_decorator_delegates_other0/encrypted.bin (key_id=0)
DEBUG    chatfilter.storage.file:file.py:325 Deleted file /private/var/folders/72/bhyql_kd6vn0l_zphrnqb1sc0000gn/T/pytest-of-m/pytest-171/test_decorator_delegates_other0/encrypted.bin
DEBUG    chatfilter.storage.file:file.py:263 Saved 108 bytes to /private/var/folders/72/bhyql_kd6vn0l_zphrnqb1sc0000gn/T/pytest-of-m/pytest-171/test_list_files_with_encrypted0/testdir/file1.bin
DEBUG    chatfilter.storage.encrypted:encrypted.py:213 Saved encrypted file: /private/var/folders/72/bhyql_kd6vn0l_zphrnqb1sc0000gn/T/pytest-of-m/pytest-171/test_list_files_with_encrypted0/testdir/file1.bin (key_id=0)
DEBUG    chatfilter.storage.file:file.py:263 Saved 108 bytes to /private/var/folders/72/bhyql_kd6vn0l_zphrnqb1sc0000gn/T/pytest-of-m/pytest-171/test_list_files_with_encrypted0/testdir/file2.bin
DEBUG    chatfilter.storage.encrypted:encrypted.py:213 Saved encrypted file: /private/var/folders/72/bhyql_kd6vn0l_zphrnqb1sc0000gn/T/pytest-of-m/pytest-171/test_list_files_with_encrypted0/testdir/file2.bin (key_id=0)
DEBUG    chatfilter.storage.file:file.py:365 Found 2 files in /private/var/folders/72/bhyql_kd6vn0l_zphrnqb1sc0000gn/T/pytest-of-m/pytest-171/test_list_files_with_encrypted0/testdir matching *.bin
DEBUG    chatfilter.storage.file:file.py:384 Ensured directory exists: /private/var/folders/72/bhyql_kd6vn0l_zphrnqb1sc0000gn/T/pytest-of-m/pytest-171/test_ensure_dir_with_encrypted0/sub/dir
DEBUG    chatfilter.storage.file:file.py:263 Saved 128 bytes to /private/var/folders/72/bhyql_kd6vn0l_zphrnqb1sc0000gn/T/pytest-of-m/pytest-171/test_encryption_with_unicode_c0/unicode.bin
DEBUG    chatfilter.storage.encrypted:encrypted.py:213 Saved encrypted file: /private/var/folders/72/bhyql_kd6vn0l_zphrnqb1sc0000gn/T/pytest-of-m/pytest-171/test_encryption_with_unicode_c0/unicode.bin (key_id=0)
DEBUG    chatfilter.storage.file:file.py:293 Loaded 128 bytes from /private/var/folders/72/bhyql_kd6vn0l_zphrnqb1sc0000gn/T/pytest-of-m/pytest-171/test_encryption_with_unicode_c0/unicode.bin
DEBUG    chatfilter.storage.encrypted:encrypted.py:285 Loaded and decrypted file: /private/var/folders/72/bhyql_kd6vn0l_zphrnqb1sc0000gn/T/pytest-of-m/pytest-171/test_encryption_with_unicode_c0/unicode.bin (key_id=0)
DEBUG    chatfilter.storage.file:file.py:263 Saved 1398208 bytes to /private/var/folders/72/bhyql_kd6vn0l_zphrnqb1sc0000gn/T/pytest-of-m/pytest-171/test_large_file_encryption0/large.bin
DEBUG    chatfilter.storage.encrypted:encrypted.py:213 Saved encrypted file: /private/var/folders/72/bhyql_kd6vn0l_zphrnqb1sc0000gn/T/pytest-of-m/pytest-171/test_large_file_encryption0/large.bin (key_id=0)
DEBUG    chatfilter.storage.file:file.py:293 Loaded 1398208 bytes from /private/var/folders/72/bhyql_kd6vn0l_zphrnqb1sc0000gn/T/pytest-of-m/pytest-171/test_large_file_encryption0/large.bin
DEBUG    chatfilter.storage.encrypted:encrypted.py:285 Loaded and decrypted file: /private/var/folders/72/bhyql_kd6vn0l_zphrnqb1sc0000gn/T/pytest-of-m/pytest-171/test_large_file_encryption0/large.bin (key_id=0)
DEBUG    chatfilter.storage.file:file.py:263 Saved 108 bytes to /private/var/folders/72/bhyql_kd6vn0l_zphrnqb1sc0000gn/T/pytest-of-m/pytest-171/test_tampered_encrypted_data_f0/encrypted.bin
DEBUG    chatfilter.storage.encrypted:encrypted.py:213 Saved encrypted file: /private/var/folders/72/bhyql_kd6vn0l_zphrnqb1sc0000gn/T/pytest-of-m/pytest-171/test_tampered_encrypted_data_f0/encrypted.bin (key_id=0)
DEBUG    chatfilter.storage.file:file.py:293 Loaded 108 bytes from /private/var/folders/72/bhyql_kd6vn0l_zphrnqb1sc0000gn/T/pytest-of-m/pytest-171/test_tampered_encrypted_data_f0/encrypted.bin
INFO     chatfilter.analyzer.task_queue:task_queue.py:281 Memory monitoring enabled (threshold: 2048.0MB)
DEBUG    chatfilter.analyzer.task_queue:task_queue.py:295 Event loop not running, will start monitor on first task run
INFO     chatfilter.analyzer.task_queue:task_queue.py:432 Created analysis task 292d0430-f13c-48a8-b738-79f6c4b60b31 for 3 chats
INFO     chatfilter.analyzer.task_queue:task_queue.py:281 Memory monitoring enabled (threshold: 2048.0MB)
DEBUG    chatfilter.analyzer.task_queue:task_queue.py:295 Event loop not running, will start monitor on first task run
INFO     chatfilter.analyzer.task_queue:task_queue.py:432 Created analysis task 52e8cef2-2265-4cb9-b0eb-bb21ce5728e1 for 3 chats
INFO     chatfilter.analyzer.task_queue:task_queue.py:281 Memory monitoring enabled (threshold: 2048.0MB)
DEBUG    chatfilter.analyzer.task_queue:task_queue.py:295 Event loop not running, will start monitor on first task run
INFO     chatfilter.analyzer.task_queue:task_queue.py:281 Memory monitoring enabled (threshold: 2048.0MB)
DEBUG    chatfilter.analyzer.task_queue:task_queue.py:295 Event loop not running, will start monitor on first task run
INFO     chatfilter.analyzer.task_queue:task_queue.py:432 Created analysis task 6450f5ff-fbcf-438d-b32d-28570d5502e3 for 1 chats
INFO     chatfilter.analyzer.task_queue:task_queue.py:432 Created analysis task 7ee537dc-6e47-4894-bf5a-f70c8ddb9c3c for 1 chats
INFO     chatfilter.analyzer.task_queue:task_queue.py:281 Memory monitoring enabled (threshold: 2048.0MB)
DEBUG    chatfilter.analyzer.task_queue:task_queue.py:295 Event loop not running, will start monitor on first task run
DEBUG    asyncio:selector_events.py:64 Using selector: KqueueSelector
INFO     chatfilter.analyzer.task_queue:task_queue.py:432 Created analysis task cea3484e-e488-452c-8555-9140bcbe08da for 2 chats
INFO     chatfilter.analyzer.task_queue:task_queue.py:665 Task stall monitoring started (timeout: 600.0s)
INFO     chatfilter.utils.memory:memory.py:71 Task cea3484e-e488-452c-8555-9140bcbe08da start: Memory usage: RSS=231.1MB, VMS=401664.9MB, 1.4%
WARNING  chatfilter.analyzer.task_queue:task_queue.py:892 Failed to pre-cache chat info for task cea3484e-e488-452c-8555-9140bcbe08da: 'MockExecutor' object has no attribute 'pre_cache_chats'
INFO     chatfilter.analyzer.task_queue:task_queue.py:1048 Task cea3484e-e488-452c-8555-9140bcbe08da completed with 2 results
INFO     chatfilter.utils.memory:memory.py:71 Task cea3484e-e488-452c-8555-9140bcbe08da completed: Memory usage: RSS=231.1MB, VMS=401664.9MB, 1.4%
INFO     chatfilter.analyzer.task_queue:task_queue.py:702 Task stall monitor shutting down
INFO     chatfilter.analyzer.task_queue:task_queue.py:281 Memory monitoring enabled (threshold: 2048.0MB)
DEBUG    chatfilter.analyzer.task_queue:task_queue.py:295 Event loop not running, will start monitor on first task run
DEBUG    asyncio:selector_events.py:64 Using selector: KqueueSelector
INFO     chatfilter.analyzer.task_queue:task_queue.py:432 Created analysis task 9be07a52-211e-4982-85a4-1c808f063546 for 3 chats
INFO     chatfilter.analyzer.task_queue:task_queue.py:665 Task stall monitoring started (timeout: 600.0s)
INFO     chatfilter.utils.memory:memory.py:71 Task 9be07a52-211e-4982-85a4-1c808f063546 start: Memory usage: RSS=231.1MB, VMS=401664.9MB, 1.4%
WARNING  chatfilter.analyzer.task_queue:task_queue.py:892 Failed to pre-cache chat info for task 9be07a52-211e-4982-85a4-1c808f063546: 'MockExecutor' object has no attribute 'pre_cache_chats'
WARNING  chatfilter.analyzer.task_queue:task_queue.py:1024 Failed to analyze chat 2 (Chat 2): Failed to analyze chat 2
INFO     chatfilter.analyzer.task_queue:task_queue.py:1048 Task 9be07a52-211e-4982-85a4-1c808f063546 completed with 2 results
INFO     chatfilter.utils.memory:memory.py:71 Task 9be07a52-211e-4982-85a4-1c808f063546 completed: Memory usage: RSS=231.1MB, VMS=401664.9MB, 1.4%
INFO     chatfilter.analyzer.task_queue:task_queue.py:702 Task stall monitor shutting down
INFO     chatfilter.analyzer.task_queue:task_queue.py:281 Memory monitoring enabled (threshold: 2048.0MB)
DEBUG    chatfilter.analyzer.task_queue:task_queue.py:295 Event loop not running, will start monitor on first task run
DEBUG    asyncio:selector_events.py:64 Using selector: KqueueSelector
INFO     chatfilter.analyzer.task_queue:task_queue.py:432 Created analysis task 0d3e43b0-5fd6-40c6-9544-be60ae5c7159 for 2 chats
DEBUG    chatfilter.analyzer.task_queue:task_queue.py:531 New subscriber for task 0d3e43b0-5fd6-40c6-9544-be60ae5c7159
INFO     chatfilter.analyzer.task_queue:task_queue.py:665 Task stall monitoring started (timeout: 600.0s)
INFO     chatfilter.utils.memory:memory.py:71 Task 0d3e43b0-5fd6-40c6-9544-be60ae5c7159 start: Memory usage: RSS=231.1MB, VMS=401664.9MB, 1.4%
WARNING  chatfilter.analyzer.task_queue:task_queue.py:892 Failed to pre-cache chat info for task 0d3e43b0-5fd6-40c6-9544-be60ae5c7159: 'MockExecutor' object has no attribute 'pre_cache_chats'
INFO     chatfilter.analyzer.task_queue:task_queue.py:1048 Task 0d3e43b0-5fd6-40c6-9544-be60ae5c7159 completed with 2 results
INFO     chatfilter.utils.memory:memory.py:71 Task 0d3e43b0-5fd6-40c6-9544-be60ae5c7159 completed: Memory usage: RSS=231.1MB, VMS=401664.9MB, 1.4%
INFO     chatfilter.analyzer.task_queue:task_queue.py:702 Task stall monitor shutting down
INFO     chatfilter.analyzer.task_queue:task_queue.py:281 Memory monitoring enabled (threshold: 2048.0MB)
DEBUG    chatfilter.analyzer.task_queue:task_queue.py:295 Event loop not running, will start monitor on first task run
DEBUG    asyncio:selector_events.py:64 Using selector: KqueueSelector
INFO     chatfilter.analyzer.task_queue:task_queue.py:281 Memory monitoring enabled (threshold: 2048.0MB)
DEBUG    chatfilter.analyzer.task_queue:task_queue.py:295 Event loop not running, will start monitor on first task run
INFO     chatfilter.analyzer.task_queue:task_queue.py:432 Created analysis task f0474283-7d73-4fab-aa8a-6de9fe32129f for 3 chats
INFO     chatfilter.analyzer.task_queue:task_queue.py:1108 Task f0474283-7d73-4fab-aa8a-6de9fe32129f cancelled
INFO     chatfilter.analyzer.task_queue:task_queue.py:281 Memory monitoring enabled (threshold: 2048.0MB)
DEBUG    chatfilter.analyzer.task_queue:task_queue.py:295 Event loop not running, will start monitor on first task run
DEBUG    asyncio:selector_events.py:64 Using selector: KqueueSelector
INFO     chatfilter.analyzer.task_queue:task_queue.py:432 Created analysis task b1c7f2d0-e994-4b90-a0ce-71fc8f989258 for 5 chats
INFO     chatfilter.analyzer.task_queue:task_queue.py:665 Task stall monitoring started (timeout: 600.0s)
INFO     chatfilter.utils.memory:memory.py:71 Task b1c7f2d0-e994-4b90-a0ce-71fc8f989258 start: Memory usage: RSS=231.1MB, VMS=401664.9MB, 1.4%
WARNING  chatfilter.analyzer.task_queue:task_queue.py:892 Failed to pre-cache chat info for task b1c7f2d0-e994-4b90-a0ce-71fc8f989258: 'MockExecutor' object has no attribute 'pre_cache_chats'
INFO     chatfilter.analyzer.task_queue:task_queue.py:1108 Task b1c7f2d0-e994-4b90-a0ce-71fc8f989258 cancelled
INFO     chatfilter.analyzer.task_queue:task_queue.py:918 Task b1c7f2d0-e994-4b90-a0ce-71fc8f989258 was cancelled, stopping execution
INFO     chatfilter.analyzer.task_queue:task_queue.py:1055 Task b1c7f2d0-e994-4b90-a0ce-71fc8f989258 cancelled with 2 partial results
INFO     chatfilter.analyzer.task_queue:task_queue.py:702 Task stall monitor shutting down
INFO     chatfilter.analyzer.task_queue:task_queue.py:281 Memory monitoring enabled (threshold: 2048.0MB)
DEBUG    chatfilter.analyzer.task_queue:task_queue.py:295 Event loop not running, will start monitor on first task run
INFO     chatfilter.analyzer.task_queue:task_queue.py:432 Created analysis task c0174d84-1f44-46b1-a893-e208827c74f1 for 3 chats
INFO     chatfilter.analyzer.task_queue:task_queue.py:281 Memory monitoring enabled (threshold: 2048.0MB)
DEBUG    chatfilter.analyzer.task_queue:task_queue.py:295 Event loop not running, will start monitor on first task run
INFO     chatfilter.analyzer.task_queue:task_queue.py:432 Created analysis task 6e043c02-dfe6-4f79-b883-169842a5cf8a for 1 chats
INFO     chatfilter.analyzer.task_queue:task_queue.py:432 Created analysis task dedef6bd-da22-4ac2-b43b-cdcc095cfe6c for 1 chats
INFO     chatfilter.analyzer.task_queue:task_queue.py:432 Created analysis task c1a2f90d-2eb6-47cf-8126-023501f527ad for 1 chats
INFO     chatfilter.analyzer.task_queue:task_queue.py:1138 Cleared 2 completed tasks from memory (preserved in database)
INFO     chatfilter.analyzer.task_queue:task_queue.py:281 Memory monitoring enabled (threshold: 2048.0MB)
DEBUG    chatfilter.analyzer.task_queue:task_queue.py:295 Event loop not running, will start monitor on first task run
INFO     chatfilter.analyzer.task_queue:task_queue.py:432 Created analysis task 0af8fabb-0c47-4bd4-ad10-23cea52fa825 for 3 chats
INFO     chatfilter.analyzer.task_queue:task_queue.py:281 Memory monitoring enabled (threshold: 2048.0MB)
DEBUG    chatfilter.analyzer.task_queue:task_queue.py:295 Event loop not running, will start monitor on first task run
INFO     chatfilter.analyzer.task_queue:task_queue.py:432 Created analysis task ddd224da-ada5-43e3-9a2a-705622f7241c for 3 chats
INFO     chatfilter.analyzer.task_queue:task_queue.py:281 Memory monitoring enabled (threshold: 2048.0MB)
DEBUG    chatfilter.analyzer.task_queue:task_queue.py:295 Event loop not running, will start monitor on first task run
INFO     chatfilter.analyzer.task_queue:task_queue.py:432 Created analysis task b60e3ab7-90fe-4a25-a85f-13c79ffd5ac9 for 3 chats
INFO     chatfilter.analyzer.task_queue:task_queue.py:281 Memory monitoring enabled (threshold: 2048.0MB)
DEBUG    chatfilter.analyzer.task_queue:task_queue.py:295 Event loop not running, will start monitor on first task run
INFO     chatfilter.analyzer.task_queue:task_queue.py:432 Created analysis task e9ee49ff-8a96-4ab2-b261-d6d1d947fbb1 for 3 chats
INFO     chatfilter.analyzer.task_queue:task_queue.py:281 Memory monitoring enabled (threshold: 2048.0MB)
DEBUG    chatfilter.analyzer.task_queue:task_queue.py:295 Event loop not running, will start monitor on first task run
INFO     chatfilter.analyzer.task_queue:task_queue.py:432 Created analysis task 1eda39b2-c822-4c05-975b-22f5e6b7a784 for 3 chats
INFO     chatfilter.analyzer.task_queue:task_queue.py:281 Memory monitoring enabled (threshold: 2048.0MB)
DEBUG    chatfilter.analyzer.task_queue:task_queue.py:295 Event loop not running, will start monitor on first task run
INFO     chatfilter.analyzer.task_queue:task_queue.py:432 Created analysis task a0a4493f-0f3a-463e-beaf-fe4262e56653 for 3 chats
INFO     chatfilter.analyzer.task_queue:task_queue.py:281 Memory monitoring enabled (threshold: 2048.0MB)
DEBUG    chatfilter.analyzer.task_queue:task_queue.py:295 Event loop not running, will start monitor on first task run
INFO     chatfilter.analyzer.task_queue:task_queue.py:432 Created analysis task 3fc15836-eec2-4131-8aec-00668ae1e062 for 3 chats
INFO     chatfilter.analyzer.task_queue:task_queue.py:281 Memory monitoring enabled (threshold: 2048.0MB)
DEBUG    chatfilter.analyzer.task_queue:task_queue.py:295 Event loop not running, will start monitor on first task run
INFO     chatfilter.analyzer.task_queue:task_queue.py:432 Created analysis task 3cb01d0e-6bbd-403e-a763-1b25eb963966 for 3 chats
INFO     chatfilter.analyzer.task_queue:task_queue.py:281 Memory monitoring enabled (threshold: 2048.0MB)
DEBUG    chatfilter.analyzer.task_queue:task_queue.py:295 Event loop not running, will start monitor on first task run
INFO     chatfilter.analyzer.task_queue:task_queue.py:432 Created analysis task afb55281-7235-46a3-8383-6453d9147378 for 3 chats
INFO     chatfilter.analyzer.task_queue:task_queue.py:432 Created analysis task a7fb75d9-68fa-4478-ad55-2290905553ff for 3 chats
DEBUG    asyncio:selector_events.py:64 Using selector: KqueueSelector
INFO     chatfilter.analyzer.task_queue:task_queue.py:281 Memory monitoring enabled (threshold: 2048.0MB)
INFO     chatfilter.analyzer.task_queue:task_queue.py:290 Task stall monitoring enabled (timeout: 600.0s)
INFO     chatfilter.analyzer.task_queue:task_queue.py:432 Created analysis task 5c4b7d96-bc48-43f1-891a-1e1848a16390 for 5 chats
INFO     chatfilter.utils.memory:memory.py:71 Task 5c4b7d96-bc48-43f1-891a-1e1848a16390 start: Memory usage: RSS=231.1MB, VMS=401664.9MB, 1.4%
WARNING  chatfilter.analyzer.task_queue:task_queue.py:892 Failed to pre-cache chat info for task 5c4b7d96-bc48-43f1-891a-1e1848a16390: 'MockExecutor' object has no attribute 'pre_cache_chats'
ERROR    chatfilter.analyzer.task_queue:task_queue.py:827 Task 5c4b7d96-bc48-43f1-891a-1e1848a16390 timed out after 1.0s
INFO     chatfilter.analyzer.task_queue:task_queue.py:702 Task stall monitor shutting down
DEBUG    asyncio:selector_events.py:64 Using selector: KqueueSelector
INFO     chatfilter.analyzer.task_queue:task_queue.py:281 Memory monitoring enabled (threshold: 2048.0MB)
INFO     chatfilter.analyzer.task_queue:task_queue.py:290 Task stall monitoring enabled (timeout: 600.0s)
INFO     chatfilter.analyzer.task_queue:task_queue.py:432 Created analysis task 39a41f1a-7cac-4682-ad44-1cd303ae6376 for 3 chats
INFO     chatfilter.utils.memory:memory.py:71 Task 39a41f1a-7cac-4682-ad44-1cd303ae6376 start: Memory usage: RSS=202.7MB, VMS=401664.9MB, 1.2%
WARNING  chatfilter.analyzer.task_queue:task_queue.py:892 Failed to pre-cache chat info for task 39a41f1a-7cac-4682-ad44-1cd303ae6376: 'SlowOnSecondExecutor' object has no attribute 'pre_cache_chats'
WARNING  chatfilter.analyzer.task_queue:task_queue.py:1013 Chat 2 (Chat 2) analysis timed out after 0.2s. Skipping and continuing.
INFO     chatfilter.analyzer.task_queue:task_queue.py:1048 Task 39a41f1a-7cac-4682-ad44-1cd303ae6376 completed with 2 results
INFO     chatfilter.utils.memory:memory.py:71 Task 39a41f1a-7cac-4682-ad44-1cd303ae6376 completed: Memory usage: RSS=202.7MB, VMS=401664.9MB, 1.2%
INFO     chatfilter.analyzer.task_queue:task_queue.py:702 Task stall monitor shutting down
DEBUG    asyncio:selector_events.py:64 Using selector: KqueueSelector
INFO     chatfilter.analyzer.task_queue:task_queue.py:281 Memory monitoring enabled (threshold: 2048.0MB)
INFO     chatfilter.analyzer.task_queue:task_queue.py:290 Task stall monitoring enabled (timeout: 2.0s)
INFO     chatfilter.analyzer.task_queue:task_queue.py:432 Created analysis task ca6c5022-6b2d-4b32-8fe4-07a0f1f190aa for 3 chats
INFO     chatfilter.utils.memory:memory.py:71 Task ca6c5022-6b2d-4b32-8fe4-07a0f1f190aa start: Memory usage: RSS=202.7MB, VMS=401664.9MB, 1.2%
WARNING  chatfilter.analyzer.task_queue:task_queue.py:892 Failed to pre-cache chat info for task ca6c5022-6b2d-4b32-8fe4-07a0f1f190aa: 'HangingExecutor' object has no attribute 'pre_cache_chats'
WARNING  chatfilter.analyzer.task_queue:task_queue.py:691 Task ca6c5022-6b2d-4b32-8fe4-07a0f1f190aa detected as stalled (2s since last progress). Forcing cancellation.
INFO     chatfilter.analyzer.task_queue:task_queue.py:732 Force cancelling task ca6c5022-6b2d-4b32-8fe4-07a0f1f190aa: Task stalled: no progress for 2s
INFO     chatfilter.analyzer.task_queue:task_queue.py:852 Task ca6c5022-6b2d-4b32-8fe4-07a0f1f190aa was force-cancelled
INFO     chatfilter.analyzer.task_queue:task_queue.py:702 Task stall monitor shutting down
DEBUG    asyncio:selector_events.py:64 Using selector: KqueueSelector
INFO     chatfilter.analyzer.task_queue:task_queue.py:281 Memory monitoring enabled (threshold: 2048.0MB)
INFO     chatfilter.analyzer.task_queue:task_queue.py:290 Task stall monitoring enabled (timeout: 600.0s)
INFO     chatfilter.analyzer.task_queue:task_queue.py:432 Created analysis task e28bd2f2-3f56-4c6f-9a9c-59c03c67c0ea for 5 chats
INFO     chatfilter.utils.memory:memory.py:71 Task e28bd2f2-3f56-4c6f-9a9c-59c03c67c0ea start: Memory usage: RSS=195.0MB, VMS=401664.9MB, 1.2%
WARNING  chatfilter.analyzer.task_queue:task_queue.py:892 Failed to pre-cache chat info for task e28bd2f2-3f56-4c6f-9a9c-59c03c67c0ea: 'MockExecutor' object has no attribute 'pre_cache_chats'
INFO     chatfilter.analyzer.task_queue:task_queue.py:732 Force cancelling task e28bd2f2-3f56-4c6f-9a9c-59c03c67c0ea: Test force cancel
INFO     chatfilter.analyzer.task_queue:task_queue.py:852 Task e28bd2f2-3f56-4c6f-9a9c-59c03c67c0ea was force-cancelled
INFO     chatfilter.analyzer.task_queue:task_queue.py:702 Task stall monitor shutting down
DEBUG    asyncio:selector_events.py:64 Using selector: KqueueSelector
INFO     chatfilter.analyzer.task_queue:task_queue.py:281 Memory monitoring enabled (threshold: 2048.0MB)
INFO     chatfilter.analyzer.task_queue:task_queue.py:290 Task stall monitoring enabled (timeout: 600.0s)
INFO     chatfilter.analyzer.task_queue:task_queue.py:702 Task stall monitor shutting down
DEBUG    asyncio:selector_events.py:64 Using selector: KqueueSelector
INFO     chatfilter.analyzer.task_queue:task_queue.py:281 Memory monitoring enabled (threshold: 2048.0MB)
INFO     chatfilter.analyzer.task_queue:task_queue.py:290 Task stall monitoring enabled (timeout: 600.0s)
INFO     chatfilter.analyzer.task_queue:task_queue.py:432 Created analysis task f90f727e-8263-49d9-a8d8-30fb0c46fac5 for 5 chats
INFO     chatfilter.utils.memory:memory.py:71 Task f90f727e-8263-49d9-a8d8-30fb0c46fac5 start: Memory usage: RSS=195.0MB, VMS=401664.9MB, 1.2%
WARNING  chatfilter.analyzer.task_queue:task_queue.py:892 Failed to pre-cache chat info for task f90f727e-8263-49d9-a8d8-30fb0c46fac5: 'MockExecutor' object has no attribute 'pre_cache_chats'
INFO     chatfilter.analyzer.task_queue:task_queue.py:756 Shutting down task queue...
INFO     chatfilter.analyzer.task_queue:task_queue.py:702 Task stall monitor shutting down
INFO     chatfilter.analyzer.task_queue:task_queue.py:732 Force cancelling task f90f727e-8263-49d9-a8d8-30fb0c46fac5: System shutdown
INFO     chatfilter.analyzer.task_queue:task_queue.py:768 Task queue shutdown complete
INFO     chatfilter.analyzer.task_queue:task_queue.py:852 Task f90f727e-8263-49d9-a8d8-30fb0c46fac5 was force-cancelled
INFO     chatfilter.analyzer.task_queue:task_queue.py:281 Memory monitoring enabled (threshold: 2048.0MB)
DEBUG    chatfilter.analyzer.task_queue:task_queue.py:295 Event loop not running, will start monitor on first task run
INFO     chatfilter.analyzer.task_queue:task_queue.py:432 Created analysis task efb35d36-8b4b-4ae4-a490-9ace8c279926 for 1 chats
INFO     chatfilter.analyzer.task_queue:task_queue.py:432 Created analysis task 6730f20a-6a97-4ad0-85bd-c157d697b49f for 1 chats
INFO     chatfilter.analyzer.task_queue:task_queue.py:432 Created analysis task 795a479a-b9c1-4770-92af-927342e1498d for 1 chats
INFO     chatfilter.analyzer.task_queue:task_queue.py:1138 Cleared 2 completed tasks from memory (preserved in database)
INFO     chatfilter.analyzer.task_queue:task_queue.py:281 Memory monitoring enabled (threshold: 2048.0MB)
DEBUG    chatfilter.analyzer.task_queue:task_queue.py:295 Event loop not running, will start monitor on first task run
INFO     chatfilter.analyzer.task_queue:task_queue.py:432 Created analysis task 4f504eaf-59d7-40bf-b334-f7e1a465820b for 3 chats
DEBUG    asyncio:selector_events.py:64 Using selector: KqueueSelector
INFO     chatfilter.analyzer.task_queue:task_queue.py:281 Memory monitoring enabled (threshold: 2048.0MB)
INFO     chatfilter.analyzer.task_queue:task_queue.py:290 Task stall monitoring enabled (timeout: 600.0s)
INFO     chatfilter.analyzer.task_queue:task_queue.py:432 Created analysis task aff4c5f5-dd81-4e12-8dbd-ea709c14e083 for 3 chats
DEBUG    chatfilter.analyzer.task_queue:task_queue.py:531 New subscriber for task aff4c5f5-dd81-4e12-8dbd-ea709c14e083
WARNING  chatfilter.analyzer.task_queue:task_queue.py:609 Forcibly disconnecting slow SSE client for task aff4c5f5-dd81-4e12-8dbd-ea709c14e083: consecutive full queue (5 times). This prevents memory leaks from clients that read events slower than they're generated.
INFO     chatfilter.analyzer.task_queue:task_queue.py:702 Task stall monitor shutting down
DEBUG    asyncio:selector_events.py:64 Using selector: KqueueSelector
INFO     chatfilter.analyzer.task_queue:task_queue.py:281 Memory monitoring enabled (threshold: 2048.0MB)
INFO     chatfilter.analyzer.task_queue:task_queue.py:290 Task stall monitoring enabled (timeout: 600.0s)
INFO     chatfilter.analyzer.task_queue:task_queue.py:432 Created analysis task 18402a65-3e47-4a49-a257-d3135bcedad4 for 3 chats
DEBUG    chatfilter.analyzer.task_queue:task_queue.py:531 New subscriber for task 18402a65-3e47-4a49-a257-d3135bcedad4
WARNING  chatfilter.analyzer.task_queue:task_queue.py:609 Forcibly disconnecting slow SSE client for task 18402a65-3e47-4a49-a257-d3135bcedad4: total dropped events (30). This prevents memory leaks from clients that read events slower than they're generated.
INFO     chatfilter.analyzer.task_queue:task_queue.py:702 Task stall monitor shutting down
DEBUG    asyncio:selector_events.py:64 Using selector: KqueueSelector
INFO     chatfilter.analyzer.task_queue:task_queue.py:281 Memory monitoring enabled (threshold: 2048.0MB)
INFO     chatfilter.analyzer.task_queue:task_queue.py:290 Task stall monitoring enabled (timeout: 600.0s)
INFO     chatfilter.analyzer.task_queue:task_queue.py:432 Created analysis task 59b7676c-c58b-4dc0-a918-af01cd8cf3bd for 3 chats
DEBUG    chatfilter.analyzer.task_queue:task_queue.py:531 New subscriber for task 59b7676c-c58b-4dc0-a918-af01cd8cf3bd
INFO     chatfilter.analyzer.task_queue:task_queue.py:702 Task stall monitor shutting down
DEBUG    asyncio:selector_events.py:64 Using selector: KqueueSelector
INFO     chatfilter.analyzer.task_queue:task_queue.py:281 Memory monitoring enabled (threshold: 2048.0MB)
INFO     chatfilter.analyzer.task_queue:task_queue.py:290 Task stall monitoring enabled (timeout: 600.0s)
INFO     chatfilter.analyzer.task_queue:task_queue.py:432 Created analysis task 6cc3cc29-1e6f-4bcf-b3cd-3a767651c421 for 3 chats
DEBUG    chatfilter.analyzer.task_queue:task_queue.py:531 New subscriber for task 6cc3cc29-1e6f-4bcf-b3cd-3a767651c421
INFO     chatfilter.analyzer.task_queue:task_queue.py:702 Task stall monitor shutting down
INFO     chatfilter.analyzer.task_queue:task_queue.py:281 Memory monitoring enabled (threshold: 2048.0MB)
DEBUG    chatfilter.analyzer.task_queue:task_queue.py:295 Event loop not running, will start monitor on first task run
INFO     chatfilter.analyzer.task_queue:task_queue.py:432 Created analysis task 1f6f043f-b4c2-4f17-a553-0694a840651d for 2 chats
INFO     chatfilter.analyzer.task_queue:task_queue.py:432 Created analysis task bc6cbfbc-38b4-4701-a8fa-ae6270763288 for 2 chats
INFO     chatfilter.analyzer.task_queue:task_queue.py:432 Created analysis task e8563112-36e0-455c-9874-77ef2b53d664 for 2 chats
INFO     chatfilter.analyzer.task_queue:task_queue.py:281 Memory monitoring enabled (threshold: 2048.0MB)
DEBUG    chatfilter.analyzer.task_queue:task_queue.py:295 Event loop not running, will start monitor on first task run
INFO     chatfilter.analyzer.task_queue:task_queue.py:432 Created analysis task 35a3ae51-7f1a-4113-be30-b95e7d033f31 for 2 chats
INFO     chatfilter.analyzer.task_queue:task_queue.py:432 Created analysis task 47597fb5-d9a3-4d2c-8ec5-6f050c2a0127 for 2 chats
WARNING  chatfilter.analyzer.task_queue:task_queue.py:414 Task queue is full: 2/2 concurrent tasks
INFO     chatfilter.analyzer.task_queue:task_queue.py:281 Memory monitoring enabled (threshold: 2048.0MB)
DEBUG    chatfilter.analyzer.task_queue:task_queue.py:295 Event loop not running, will start monitor on first task run
INFO     chatfilter.analyzer.task_queue:task_queue.py:432 Created analysis task 4ae63213-cfa3-4ce7-a3f0-8f494ba7e704 for 2 chats
INFO     chatfilter.analyzer.task_queue:task_queue.py:432 Created analysis task 3beec439-74f8-484c-b6e5-b7c199e2288f for 2 chats
INFO     chatfilter.analyzer.task_queue:task_queue.py:432 Created analysis task bcd8630c-fa0f-4b68-bdbf-5ef26fd4037e for 2 chats
INFO     chatfilter.analyzer.task_queue:task_queue.py:281 Memory monitoring enabled (threshold: 2048.0MB)
DEBUG    chatfilter.analyzer.task_queue:task_queue.py:295 Event loop not running, will start monitor on first task run
INFO     chatfilter.analyzer.task_queue:task_queue.py:432 Created analysis task f8a42b72-52b3-4a44-9fbe-e1f084339708 for 1 chats
INFO     chatfilter.analyzer.task_queue:task_queue.py:432 Created analysis task df9ce895-7bf6-4bc7-a227-51fefd0b693a for 1 chats
INFO     chatfilter.analyzer.task_queue:task_queue.py:432 Created analysis task ace5e01f-2fc7-480f-9081-d951fd99898f for 1 chats
INFO     chatfilter.analyzer.task_queue:task_queue.py:432 Created analysis task bb66f6d8-1da5-415a-9b8f-72763c7e2add for 1 chats
INFO     chatfilter.analyzer.task_queue:task_queue.py:432 Created analysis task ffea808b-1b24-40f3-9a7d-59192bcf5ec8 for 1 chats
INFO     chatfilter.analyzer.task_queue:task_queue.py:432 Created analysis task 1dc60139-364b-4449-950a-cb9252289334 for 1 chats
INFO     chatfilter.analyzer.task_queue:task_queue.py:432 Created analysis task 3c3e3060-16f9-4b92-8217-109cf1b5c02a for 1 chats
INFO     chatfilter.analyzer.task_queue:task_queue.py:432 Created analysis task d582bf33-fe24-43b3-b4ec-5960d15ddcca for 1 chats
INFO     chatfilter.analyzer.task_queue:task_queue.py:432 Created analysis task 916046f0-c2f1-4148-80a9-b5a7953baf36 for 1 chats
INFO     chatfilter.analyzer.task_queue:task_queue.py:432 Created analysis task be748328-79c6-4d9f-ba61-0f91fde405bd for 1 chats
INFO     chatfilter.analyzer.task_queue:task_queue.py:432 Created analysis task 8a53a87d-0198-4084-b7f2-00409f837c9d for 1 chats
INFO     chatfilter.analyzer.task_queue:task_queue.py:432 Created analysis task 6048bed3-7391-4edf-8249-5f62eaca1169 for 1 chats
INFO     chatfilter.analyzer.task_queue:task_queue.py:432 Created analysis task dcd9ca8f-396a-42e1-a42c-5c82dd0a9038 for 1 chats
INFO     chatfilter.analyzer.task_queue:task_queue.py:432 Created analysis task a0744761-f97f-4c13-861e-c6754293ab6d for 1 chats
INFO     chatfilter.analyzer.task_queue:task_queue.py:432 Created analysis task d9dc99be-0670-4377-a464-83b710b96df1 for 1 chats
INFO     chatfilter.analyzer.task_queue:task_queue.py:432 Created analysis task ce34f6d0-47f9-4d86-aacd-137a0f93fdba for 1 chats
INFO     chatfilter.analyzer.task_queue:task_queue.py:432 Created analysis task ab4c7a14-a79d-45e4-8d99-f2abd59b45fb for 1 chats
INFO     chatfilter.analyzer.task_queue:task_queue.py:432 Created analysis task a7aa5a1f-8814-4bc0-be20-04e5b7ba59ca for 1 chats
INFO     chatfilter.analyzer.task_queue:task_queue.py:432 Created analysis task f9c17542-cb2b-4c1c-b5bd-572ecca0068a for 1 chats
INFO     chatfilter.analyzer.task_queue:task_queue.py:432 Created analysis task f5a97132-74af-4b4e-ba42-c282850d9087 for 1 chats
INFO     chatfilter.analyzer.task_queue:task_queue.py:432 Created analysis task 1dc692a6-1fc4-4ff7-9f8f-cc06b5e0cbea for 1 chats
INFO     chatfilter.analyzer.task_queue:task_queue.py:432 Created analysis task f3c3a3d5-98cd-4839-9fd4-01f969b71c9b for 1 chats
INFO     chatfilter.analyzer.task_queue:task_queue.py:432 Created analysis task 66056114-b294-4b6c-897a-a90f62b122b9 for 1 chats
INFO     chatfilter.analyzer.task_queue:task_queue.py:432 Created analysis task ef33b0f4-7d51-4210-ba16-36b85b551efe for 1 chats
INFO     chatfilter.analyzer.task_queue:task_queue.py:432 Created analysis task e2bff317-97d1-4fb2-a92c-1e8fe2d85161 for 1 chats
INFO     chatfilter.analyzer.task_queue:task_queue.py:432 Created analysis task 35b460e3-89fa-4b04-a7a5-e7a6b2dacc32 for 1 chats
INFO     chatfilter.analyzer.task_queue:task_queue.py:432 Created analysis task c36563be-96f5-489f-859b-0b866f9fc123 for 1 chats
INFO     chatfilter.analyzer.task_queue:task_queue.py:432 Created analysis task 979b414f-f678-4e3c-b294-8d2498bfd394 for 1 chats
INFO     chatfilter.analyzer.task_queue:task_queue.py:432 Created analysis task a06ab8bc-f8ad-4a6d-9e99-a4cbd634992f for 1 chats
INFO     chatfilter.analyzer.task_queue:task_queue.py:432 Created analysis task 8e35e260-6331-4649-9114-0cc4bfad71b9 for 1 chats
INFO     chatfilter.analyzer.task_queue:task_queue.py:432 Created analysis task 98830909-fec3-481b-b5b3-8a4f70654084 for 1 chats
INFO     chatfilter.analyzer.task_queue:task_queue.py:432 Created analysis task 6a78f32a-5cde-4515-838b-2f32581965c3 for 1 chats
INFO     chatfilter.analyzer.task_queue:task_queue.py:432 Created analysis task 599a39e1-1d37-4afe-bee8-774cdbaaa822 for 1 chats
INFO     chatfilter.analyzer.task_queue:task_queue.py:432 Created analysis task fb356064-8843-4aa9-aedd-5ad975aa1f0c for 1 chats
INFO     chatfilter.analyzer.task_queue:task_queue.py:432 Created analysis task 58f4234e-712d-4f30-8363-62d24a7cea8f for 1 chats
INFO     chatfilter.analyzer.task_queue:task_queue.py:432 Created analysis task 43932f9e-3844-4200-b0b7-1db726977d1b for 1 chats
INFO     chatfilter.analyzer.task_queue:task_queue.py:432 Created analysis task a2d7388f-9bf7-44a1-88dc-7ffeaad07281 for 1 chats
INFO     chatfilter.analyzer.task_queue:task_queue.py:432 Created analysis task 1941b787-b029-408a-90af-bc5048e067de for 1 chats
INFO     chatfilter.analyzer.task_queue:task_queue.py:432 Created analysis task ea0c51bd-e72f-4ae7-992f-f249a0e1465d for 1 chats
INFO     chatfilter.analyzer.task_queue:task_queue.py:432 Created analysis task c49780e9-c091-4fa1-ac8e-24290db2bbe2 for 1 chats
INFO     chatfilter.analyzer.task_queue:task_queue.py:432 Created analysis task 69fcb8b1-e092-4048-91d9-38d92a3a6584 for 1 chats
INFO     chatfilter.analyzer.task_queue:task_queue.py:432 Created analysis task 651d04bc-eaa5-4f8b-9e96-fe9547f815f5 for 1 chats
INFO     chatfilter.analyzer.task_queue:task_queue.py:432 Created analysis task 78f89db7-f243-44d2-91cd-0e2761e28252 for 1 chats
INFO     chatfilter.analyzer.task_queue:task_queue.py:432 Created analysis task 86ddc4a3-8c2a-4447-9b92-80f84c392b7a for 1 chats
INFO     chatfilter.analyzer.task_queue:task_queue.py:432 Created analysis task 8af18cbe-e09a-4367-9001-dca1176dc83a for 1 chats
INFO     chatfilter.analyzer.task_queue:task_queue.py:432 Created analysis task 1df5eb12-7668-4b70-a0c5-180e8f3dfa49 for 1 chats
INFO     chatfilter.analyzer.task_queue:task_queue.py:432 Created analysis task afd07bab-8ea8-488e-97f9-be8a45283893 for 1 chats
INFO     chatfilter.analyzer.task_queue:task_queue.py:432 Created analysis task cea660a5-ff6f-48b8-95db-16382b8f23b1 for 1 chats
INFO     chatfilter.analyzer.task_queue:task_queue.py:432 Created analysis task 67eb8a66-dbf4-43b0-bc40-cd0b382d703a for 1 chats
INFO     chatfilter.analyzer.task_queue:task_queue.py:432 Created analysis task f885d067-f175-4efc-bf81-6af5fc0e99d4 for 1 chats
INFO     chatfilter.analyzer.task_queue:task_queue.py:432 Created analysis task ba48a00f-2647-4568-9e9c-e56f77c49d54 for 1 chats
INFO     chatfilter.analyzer.task_queue:task_queue.py:432 Created analysis task de4a21d5-5316-48d4-ad0c-a524829075d6 for 1 chats
INFO     chatfilter.analyzer.task_queue:task_queue.py:432 Created analysis task 670e1b36-4b62-49d0-80dd-2ef672456f1e for 1 chats
INFO     chatfilter.analyzer.task_queue:task_queue.py:432 Created analysis task a872478d-d025-4246-be61-40dd50e76ec3 for 1 chats
INFO     chatfilter.analyzer.task_queue:task_queue.py:432 Created analysis task d8789e37-f071-4ff9-b53b-86a2ca832bed for 1 chats
INFO     chatfilter.analyzer.task_queue:task_queue.py:432 Created analysis task c7729074-55ea-432b-8cef-6fc2cf7a7eab for 1 chats
INFO     chatfilter.analyzer.task_queue:task_queue.py:432 Created analysis task 66970136-8b11-4964-8900-fb1c0cc25656 for 1 chats
INFO     chatfilter.analyzer.task_queue:task_queue.py:432 Created analysis task 97939294-a623-4466-a702-12b551ee7310 for 1 chats
INFO     chatfilter.analyzer.task_queue:task_queue.py:432 Created analysis task d2e9de04-72ef-4a47-a7f5-ae848c967d78 for 1 chats
INFO     chatfilter.analyzer.task_queue:task_queue.py:432 Created analysis task 7c7690a3-8ae4-4276-b9e3-bf46f63e4223 for 1 chats
INFO     chatfilter.analyzer.task_queue:task_queue.py:432 Created analysis task 5f99bdaa-25f9-4a61-a420-6a9aa052a271 for 1 chats
INFO     chatfilter.analyzer.task_queue:task_queue.py:432 Created analysis task 86df19d5-56eb-4c15-93ee-02e1dda5d52a for 1 chats
INFO     chatfilter.analyzer.task_queue:task_queue.py:432 Created analysis task 0464f8ac-957c-45b8-a416-078fd50cbebd for 1 chats
INFO     chatfilter.analyzer.task_queue:task_queue.py:432 Created analysis task 43e99052-809a-45cc-b42d-8e770d6f6b3f for 1 chats
INFO     chatfilter.analyzer.task_queue:task_queue.py:432 Created analysis task a17354e5-3ee5-4de4-8599-ef67ef0fe435 for 1 chats
INFO     chatfilter.analyzer.task_queue:task_queue.py:432 Created analysis task 6f503cad-95d6-456e-bc9e-c4835117da19 for 1 chats
INFO     chatfilter.analyzer.task_queue:task_queue.py:432 Created analysis task cc8c3956-357c-470f-b2f7-471bd4a56d57 for 1 chats
INFO     chatfilter.analyzer.task_queue:task_queue.py:432 Created analysis task bc4483c6-7f88-4a9c-9ab1-11b92bfb6f78 for 1 chats
INFO     chatfilter.analyzer.task_queue:task_queue.py:432 Created analysis task 57d6332b-a35f-4ce6-9b46-708d71509312 for 1 chats
INFO     chatfilter.analyzer.task_queue:task_queue.py:432 Created analysis task e2d57d7f-8f26-4595-b991-8023786967d6 for 1 chats
INFO     chatfilter.analyzer.task_queue:task_queue.py:432 Created analysis task 1dcbcfc1-5b56-43fe-aba3-a95d7a2ac330 for 1 chats
INFO     chatfilter.analyzer.task_queue:task_queue.py:432 Created analysis task b96da308-8eac-4617-9e67-6c074916dc74 for 1 chats
INFO     chatfilter.analyzer.task_queue:task_queue.py:432 Created analysis task 90977bea-20ad-467f-a6b2-637632845cf0 for 1 chats
INFO     chatfilter.analyzer.task_queue:task_queue.py:432 Created analysis task a369849f-765c-4564-80ec-25f8dae5b259 for 1 chats
INFO     chatfilter.analyzer.task_queue:task_queue.py:432 Created analysis task a2e761fd-0b1d-4570-b967-be30128f8a56 for 1 chats
INFO     chatfilter.analyzer.task_queue:task_queue.py:432 Created analysis task a7a10d88-7803-4762-a502-617e84e2b3d4 for 1 chats
INFO     chatfilter.analyzer.task_queue:task_queue.py:432 Created analysis task 6bc5f913-f846-4926-8a6e-f394dc2123ec for 1 chats
INFO     chatfilter.analyzer.task_queue:task_queue.py:432 Created analysis task 6f948859-ab86-4d82-85ad-15228f66c752 for 1 chats
INFO     chatfilter.analyzer.task_queue:task_queue.py:432 Created analysis task 6432e24f-6029-4f10-9864-8381ebc8780e for 1 chats
INFO     chatfilter.analyzer.task_queue:task_queue.py:432 Created analysis task 46b019e0-3f3b-4ef6-b6a2-23449e77d80a for 1 chats
INFO     chatfilter.analyzer.task_queue:task_queue.py:432 Created analysis task f98b2ddc-e774-4271-91c4-6c95a57177d3 for 1 chats
INFO     chatfilter.analyzer.task_queue:task_queue.py:432 Created analysis task 1bc5068f-dc85-4d03-b0d6-768c99484f65 for 1 chats
INFO     chatfilter.analyzer.task_queue:task_queue.py:432 Created analysis task e098ae18-8dd7-47e9-8c0f-76ecfbc8b450 for 1 chats
INFO     chatfilter.analyzer.task_queue:task_queue.py:432 Created analysis task 92945196-9727-46ff-b55a-0ef5a7c158e9 for 1 chats
INFO     chatfilter.analyzer.task_queue:task_queue.py:432 Created analysis task 5788b3fc-a289-4439-9170-5635f3046f80 for 1 chats
INFO     chatfilter.analyzer.task_queue:task_queue.py:432 Created analysis task 9d1afb19-6853-450d-82e9-93af2ca439c3 for 1 chats
INFO     chatfilter.analyzer.task_queue:task_queue.py:432 Created analysis task ffd4d90b-f761-4a63-8cf5-8de3a4ce34a9 for 1 chats
INFO     chatfilter.analyzer.task_queue:task_queue.py:432 Created analysis task eb4e8172-aca2-44da-bb7a-0b68c0ca959e for 1 chats
INFO     chatfilter.analyzer.task_queue:task_queue.py:432 Created analysis task 770a02e2-8374-4cd9-a32f-d315394488e5 for 1 chats
INFO     chatfilter.analyzer.task_queue:task_queue.py:432 Created analysis task d0581bb8-be18-48ee-a9da-4c8e485c7e64 for 1 chats
INFO     chatfilter.analyzer.task_queue:task_queue.py:432 Created analysis task b078122d-4992-4e5e-9b8c-6750063b8414 for 1 chats
INFO     chatfilter.analyzer.task_queue:task_queue.py:432 Created analysis task 35e5ee06-32bf-4813-9acc-84a9d322b38c for 1 chats
INFO     chatfilter.analyzer.task_queue:task_queue.py:432 Created analysis task 96ff428e-7cff-48ea-b78b-6b9036e821c4 for 1 chats
INFO     chatfilter.analyzer.task_queue:task_queue.py:432 Created analysis task 893fde39-8e3a-4c69-a14d-7afb7273af60 for 1 chats
INFO     chatfilter.analyzer.task_queue:task_queue.py:432 Created analysis task 754c4725-11dc-438e-9e55-7c01bdbf2675 for 1 chats
INFO     chatfilter.analyzer.task_queue:task_queue.py:432 Created analysis task ed9757aa-fb01-49f7-8e6b-45d1325a97d8 for 1 chats
INFO     chatfilter.analyzer.task_queue:task_queue.py:432 Created analysis task a80412c4-1ce3-4ecf-9ea1-b09e444061a4 for 1 chats
INFO     chatfilter.analyzer.task_queue:task_queue.py:432 Created analysis task 459d73e8-7c38-4fc6-8ba8-cd0172cbf3fc for 1 chats
INFO     chatfilter.analyzer.task_queue:task_queue.py:432 Created analysis task 1c9fc105-93d8-4839-988f-bc03384a7e71 for 1 chats
INFO     chatfilter.analyzer.task_queue:task_queue.py:432 Created analysis task 5b59d875-da3a-4523-bbc6-8d4f84b0f3eb for 1 chats
INFO     chatfilter.analyzer.task_queue:task_queue.py:281 Memory monitoring enabled (threshold: 2048.0MB)
DEBUG    chatfilter.analyzer.task_queue:task_queue.py:295 Event loop not running, will start monitor on first task run
INFO     chatfilter.analyzer.task_queue:task_queue.py:432 Created analysis task 1583366b-9606-4019-a1b7-583cf88e4cc2 for 1 chats
INFO     chatfilter.analyzer.task_queue:task_queue.py:432 Created analysis task cd0cd494-6935-4eee-8e8c-72a20b092be3 for 1 chats
INFO     chatfilter.analyzer.task_queue:task_queue.py:432 Created analysis task 2e3bfb9d-dcb9-4201-9bca-0f0558238f8f for 1 chats
INFO     chatfilter.analyzer.task_queue:task_queue.py:281 Memory monitoring enabled (threshold: 2048.0MB)
DEBUG    chatfilter.analyzer.task_queue:task_queue.py:295 Event loop not running, will start monitor on first task run
INFO     chatfilter.analyzer.task_queue:task_queue.py:281 Memory monitoring enabled (threshold: 2048.0MB)
DEBUG    chatfilter.analyzer.task_queue:task_queue.py:295 Event loop not running, will start monitor on first task run
INFO     chatfilter.analyzer.task_queue:task_queue.py:281 Memory monitoring enabled (threshold: 2048.0MB)
DEBUG    chatfilter.analyzer.task_queue:task_queue.py:295 Event loop not running, will start monitor on first task run
INFO     chatfilter.analyzer.task_queue:task_queue.py:281 Memory monitoring enabled (threshold: 2048.0MB)
DEBUG    chatfilter.analyzer.task_queue:task_queue.py:295 Event loop not running, will start monitor on first task run
INFO     chatfilter.analyzer.task_queue:task_queue.py:281 Memory monitoring enabled (threshold: 2048.0MB)
DEBUG    chatfilter.analyzer.task_queue:task_queue.py:295 Event loop not running, will start monitor on first task run
INFO     chatfilter.analyzer.task_queue:task_queue.py:432 Created analysis task f0602cb8-27a5-4e0e-8518-2ec2c6705b3d for 3 chats
INFO     chatfilter.analyzer.task_queue:task_queue.py:281 Memory monitoring enabled (threshold: 2048.0MB)
DEBUG    chatfilter.analyzer.task_queue:task_queue.py:295 Event loop not running, will start monitor on first task run
INFO     chatfilter.analyzer.task_queue:task_queue.py:432 Created analysis task 89a70533-9d7d-4565-bd58-7eaa8d9f9471 for 2 chats
INFO     chatfilter.analyzer.task_queue:task_queue.py:281 Memory monitoring enabled (threshold: 2048.0MB)
DEBUG    chatfilter.analyzer.task_queue:task_queue.py:295 Event loop not running, will start monitor on first task run
INFO     chatfilter.analyzer.task_queue:task_queue.py:367 Recovered task 9dcc2187-53e4-45fb-b43c-7da71364e6e8 for retry (age: 0.0h, 0 results preserved)
INFO     chatfilter.analyzer.task_queue:task_queue.py:376 Task recovery complete: 2 recovered, 0 marked stale
INFO     chatfilter.analyzer.task_queue:task_queue.py:281 Memory monitoring enabled (threshold: 2048.0MB)
DEBUG    chatfilter.analyzer.task_queue:task_queue.py:295 Event loop not running, will start monitor on first task run
INFO     chatfilter.analyzer.task_queue:task_queue.py:367 Recovered task 70c0f5aa-198a-46ba-b7a5-89412f4e0ed1 for retry (age: 0.0h, 0 results preserved)
INFO     chatfilter.analyzer.task_queue:task_queue.py:376 Task recovery complete: 1 recovered, 0 marked stale
INFO     chatfilter.analyzer.task_queue:task_queue.py:281 Memory monitoring enabled (threshold: 2048.0MB)
DEBUG    chatfilter.analyzer.task_queue:task_queue.py:295 Event loop not running, will start monitor on first task run
INFO     chatfilter.analyzer.task_queue:task_queue.py:432 Created analysis task bc2829f5-28ae-45b9-8a02-150c271539e9 for 3 chats
INFO     chatfilter.analyzer.task_queue:task_queue.py:1108 Task bc2829f5-28ae-45b9-8a02-150c271539e9 cancelled
INFO     chatfilter.analyzer.task_queue:task_queue.py:281 Memory monitoring enabled (threshold: 2048.0MB)
DEBUG    chatfilter.analyzer.task_queue:task_queue.py:295 Event loop not running, will start monitor on first task run
INFO     chatfilter.analyzer.task_queue:task_queue.py:432 Created analysis task e52b5642-8ee8-4f3a-ba0a-81958f7378ac for 1 chats
INFO     chatfilter.analyzer.task_queue:task_queue.py:432 Created analysis task 781d20c9-38c9-40c8-94c8-9d4f48e1227b for 1 chats
INFO     chatfilter.analyzer.task_queue:task_queue.py:432 Created analysis task 96910617-f149-4780-9745-80dc6e2f069b for 1 chats
INFO     chatfilter.analyzer.task_queue:task_queue.py:1138 Cleared 2 completed tasks from memory (preserved in database)
DEBUG    asyncio:selector_events.py:64 Using selector: KqueueSelector
INFO     chatfilter.analyzer.task_queue:task_queue.py:281 Memory monitoring enabled (threshold: 2048.0MB)
INFO     chatfilter.analyzer.task_queue:task_queue.py:290 Task stall monitoring enabled (timeout: 600.0s)
INFO     chatfilter.analyzer.task_queue:task_queue.py:432 Created analysis task 0942f189-6961-4589-bb8e-ac97b88ffd43 for 3 chats
INFO     chatfilter.utils.memory:memory.py:71 Task 0942f189-6961-4589-bb8e-ac97b88ffd43 start: Memory usage: RSS=203.3MB, VMS=401664.9MB, 1.2%
WARNING  chatfilter.analyzer.task_queue:task_queue.py:892 Failed to pre-cache chat info for task 0942f189-6961-4589-bb8e-ac97b88ffd43: 'MockExecutor' object has no attribute 'pre_cache_chats'
INFO     chatfilter.analyzer.task_queue:task_queue.py:1048 Task 0942f189-6961-4589-bb8e-ac97b88ffd43 completed with 3 results
INFO     chatfilter.utils.memory:memory.py:71 Task 0942f189-6961-4589-bb8e-ac97b88ffd43 completed: Memory usage: RSS=203.3MB, VMS=401664.9MB, 1.2%
INFO     chatfilter.analyzer.task_queue:task_queue.py:702 Task stall monitor shutting down
DEBUG    asyncio:selector_events.py:64 Using selector: KqueueSelector
INFO     chatfilter.analyzer.task_queue:task_queue.py:281 Memory monitoring enabled (threshold: 2048.0MB)
INFO     chatfilter.analyzer.task_queue:task_queue.py:290 Task stall monitoring enabled (timeout: 600.0s)
INFO     chatfilter.analyzer.task_queue:task_queue.py:432 Created analysis task 9588c49c-5462-4a36-9f53-1af7d14a6034 for 1 chats
INFO     chatfilter.utils.memory:memory.py:71 Task 9588c49c-5462-4a36-9f53-1af7d14a6034 start: Memory usage: RSS=203.4MB, VMS=401664.9MB, 1.2%
WARNING  chatfilter.analyzer.task_queue:task_queue.py:892 Failed to pre-cache chat info for task 9588c49c-5462-4a36-9f53-1af7d14a6034: 'FailingExecutor' object has no attribute 'pre_cache_chats'
WARNING  chatfilter.analyzer.task_queue:task_queue.py:1024 Failed to analyze chat 1 (Chat 1): Test error
INFO     chatfilter.analyzer.task_queue:task_queue.py:1048 Task 9588c49c-5462-4a36-9f53-1af7d14a6034 completed with 0 results
INFO     chatfilter.utils.memory:memory.py:71 Task 9588c49c-5462-4a36-9f53-1af7d14a6034 completed: Memory usage: RSS=203.4MB, VMS=401664.9MB, 1.2%
INFO     chatfilter.analyzer.task_queue:task_queue.py:702 Task stall monitor shutting down
INFO     chatfilter.analyzer.task_queue:task_queue.py:281 Memory monitoring enabled (threshold: 2048.0MB)
DEBUG    chatfilter.analyzer.task_queue:task_queue.py:295 Event loop not running, will start monitor on first task run
INFO     chatfilter.analyzer.task_queue:task_queue.py:281 Memory monitoring enabled (threshold: 2048.0MB)
DEBUG    chatfilter.analyzer.task_queue:task_queue.py:295 Event loop not running, will start monitor on first task run
WARNING  chatfilter.analyzer.task_queue:task_queue.py:357 Marked stale task 5dd3109b-3640-4e30-b3f2-5d4a9f769cfe as FAILED (age: 25.0h)
INFO     chatfilter.analyzer.task_queue:task_queue.py:376 Task recovery complete: 0 recovered, 1 marked stale
INFO     chatfilter.analyzer.task_queue:task_queue.py:281 Memory monitoring enabled (threshold: 2048.0MB)
DEBUG    chatfilter.analyzer.task_queue:task_queue.py:295 Event loop not running, will start monitor on first task run
INFO     chatfilter.analyzer.task_queue:task_queue.py:367 Recovered task b420a7fa-542e-4d96-9fe1-c7e5fff6bc75 for retry (age: 1.0h, 0 results preserved)
INFO     chatfilter.analyzer.task_queue:task_queue.py:376 Task recovery complete: 1 recovered, 0 marked stale
INFO     chatfilter.analyzer.task_queue:task_queue.py:281 Memory monitoring enabled (threshold: 2048.0MB)
DEBUG    chatfilter.analyzer.task_queue:task_queue.py:295 Event loop not running, will start monitor on first task run
WARNING  chatfilter.analyzer.task_queue:task_queue.py:357 Marked stale task 468c559b-8cec-4971-9d26-f289a4d92f89 as FAILED (age: 25.0h)
INFO     chatfilter.analyzer.task_queue:task_queue.py:376 Task recovery complete: 0 recovered, 1 marked stale
INFO     chatfilter.analyzer.task_queue:task_queue.py:281 Memory monitoring enabled (threshold: 2048.0MB)
DEBUG    chatfilter.analyzer.task_queue:task_queue.py:295 Event loop not running, will start monitor on first task run
WARNING  chatfilter.analyzer.task_queue:task_queue.py:357 Marked stale task ef4208de-096c-4754-ad8d-b528b0e44e83 as FAILED (age: 25.0h)
INFO     chatfilter.analyzer.task_queue:task_queue.py:376 Task recovery complete: 0 recovered, 1 marked stale
INFO     chatfilter.analyzer.task_queue:task_queue.py:281 Memory monitoring enabled (threshold: 2048.0MB)
DEBUG    chatfilter.analyzer.task_queue:task_queue.py:295 Event loop not running, will start monitor on first task run
WARNING  chatfilter.analyzer.task_queue:task_queue.py:357 Marked stale task d431450c-2c5f-4acb-94f3-bb6e78cb0f01 as FAILED (age: 10.0h)
INFO     chatfilter.analyzer.task_queue:task_queue.py:376 Task recovery complete: 0 recovered, 1 marked stale
INFO     chatfilter.analyzer.task_queue:task_queue.py:281 Memory monitoring enabled (threshold: 2048.0MB)
DEBUG    chatfilter.analyzer.task_queue:task_queue.py:295 Event loop not running, will start monitor on first task run
INFO     chatfilter.analyzer.task_queue:task_queue.py:367 Recovered task d431450c-2c5f-4acb-94f3-bb6e78cb0f01 for retry (age: 10.0h, 0 results preserved)
INFO     chatfilter.analyzer.task_queue:task_queue.py:376 Task recovery complete: 1 recovered, 0 marked stale
INFO     chatfilter.analyzer.task_queue:task_queue.py:281 Memory monitoring enabled (threshold: 2048.0MB)
DEBUG    chatfilter.analyzer.task_queue:task_queue.py:295 Event loop not running, will start monitor on first task run
WARNING  chatfilter.analyzer.task_queue:task_queue.py:357 Marked stale task b6502174-58b8-4c21-ba1a-aff4193a531d as FAILED (age: 25.0h)
INFO     chatfilter.analyzer.task_queue:task_queue.py:367 Recovered task 41df7392-c1f8-4919-8718-07d14c370381 for retry (age: 1.0h, 0 results preserved)
INFO     chatfilter.analyzer.task_queue:task_queue.py:376 Task recovery complete: 2 recovered, 1 marked stale
WARNING  chatfilter.telegram.client:client.py:130 Loading credentials from plaintext JSON (DEPRECATED). Consider migrating to secure storage for better security.
WARNING  chatfilter.telegram.client:client.py:130 Loading credentials from plaintext JSON (DEPRECATED). Consider migrating to secure storage for better security.
WARNING  chatfilter.telegram.client:client.py:130 Loading credentials from plaintext JSON (DEPRECATED). Consider migrating to secure storage for better security.
WARNING  chatfilter.telegram.client:client.py:130 Loading credentials from plaintext JSON (DEPRECATED). Consider migrating to secure storage for better security.
WARNING  chatfilter.telegram.client:client.py:130 Loading credentials from plaintext JSON (DEPRECATED). Consider migrating to secure storage for better security.
WARNING  chatfilter.telegram.client:client.py:130 Loading credentials from plaintext JSON (DEPRECATED). Consider migrating to secure storage for better security.
WARNING  chatfilter.telegram.client:client.py:130 Loading credentials from plaintext JSON (DEPRECATED). Consider migrating to secure storage for better security.
WARNING  chatfilter.telegram.client:client.py:130 Loading credentials from plaintext JSON (DEPRECATED). Consider migrating to secure storage for better security.
WARNING  chatfilter.telegram.client:client.py:130 Loading credentials from plaintext JSON (DEPRECATED). Consider migrating to secure storage for better security.
WARNING  chatfilter.telegram.client:client.py:130 Loading credentials from plaintext JSON (DEPRECATED). Consider migrating to secure storage for better security.
DEBUG    keyring.backend:backend.py:243 Loading KWallet
DEBUG    keyring.backend:backend.py:243 Loading SecretService
DEBUG    keyring.backend:backend.py:243 Loading Windows
DEBUG    keyring.backend:backend.py:243 Loading chainer
DEBUG    keyring.backend:backend.py:243 Loading libsecret
DEBUG    keyring.backend:backend.py:243 Loading macOS
INFO     chatfilter.security.credentials:credentials.py:429 Using OS keyring for credential storage
DEBUG    chatfilter.telegram.client:client.py:409 Loaded credentials from secure storage for: test_create_client0
DEBUG    asyncio:selector_events.py:64 Using selector: KqueueSelector
DEBUG    chatfilter.telegram.client:client.py:685 Could not fetch current user ID: object MagicMock can't be used in 'await' expression
DEBUG    asyncio:selector_events.py:64 Using selector: KqueueSelector
DEBUG    chatfilter.telegram.rate_limiter:rate_limiter.py:104 Rate limiting get_dialogs: waiting 1.00s (elapsed: 0.00s, min_delay: 1.00s)
DEBUG    chatfilter.telegram.client:client.py:685 Could not fetch current user ID: object MagicMock can't be used in 'await' expression
DEBUG    asyncio:selector_events.py:64 Using selector: KqueueSelector
DEBUG    chatfilter.telegram.rate_limiter:rate_limiter.py:104 Rate limiting get_dialogs: waiting 1.00s (elapsed: 0.00s, min_delay: 1.00s)
DEBUG    chatfilter.telegram.client:client.py:685 Could not fetch current user ID: object MagicMock can't be used in 'await' expression
DEBUG    asyncio:selector_events.py:64 Using selector: KqueueSelector
DEBUG    chatfilter.telegram.rate_limiter:rate_limiter.py:104 Rate limiting get_dialogs: waiting 1.00s (elapsed: 0.00s, min_delay: 1.00s)
DEBUG    chatfilter.telegram.client:client.py:685 Could not fetch current user ID: object MagicMock can't be used in 'await' expression
DEBUG    asyncio:selector_events.py:64 Using selector: KqueueSelector
DEBUG    chatfilter.telegram.rate_limiter:rate_limiter.py:104 Rate limiting get_dialogs: waiting 1.00s (elapsed: 0.00s, min_delay: 1.00s)
DEBUG    chatfilter.telegram.client:client.py:685 Could not fetch current user ID: object MagicMock can't be used in 'await' expression
DEBUG    asyncio:selector_events.py:64 Using selector: KqueueSelector
DEBUG    chatfilter.telegram.rate_limiter:rate_limiter.py:104 Rate limiting get_dialogs: waiting 1.00s (elapsed: 0.00s, min_delay: 1.00s)
DEBUG    chatfilter.telegram.client:client.py:685 Could not fetch current user ID: object MagicMock can't be used in 'await' expression
DEBUG    asyncio:selector_events.py:64 Using selector: KqueueSelector
DEBUG    asyncio:selector_events.py:64 Using selector: KqueueSelector
DEBUG    chatfilter.telegram.rate_limiter:rate_limiter.py:104 Rate limiting get_messages: waiting 7.00s (elapsed: 0.00s, min_delay: 7.00s)
DEBUG    asyncio:selector_events.py:64 Using selector: KqueueSelector
DEBUG    chatfilter.telegram.rate_limiter:rate_limiter.py:104 Rate limiting get_messages: waiting 6.99s (elapsed: 0.01s, min_delay: 7.00s)
DEBUG    asyncio:selector_events.py:64 Using selector: KqueueSelector
DEBUG    chatfilter.telegram.rate_limiter:rate_limiter.py:104 Rate limiting get_messages: waiting 6.99s (elapsed: 0.01s, min_delay: 7.00s)
DEBUG    asyncio:selector_events.py:64 Using selector: KqueueSelector
DEBUG    chatfilter.telegram.rate_limiter:rate_limiter.py:104 Rate limiting get_messages: waiting 6.99s (elapsed: 0.01s, min_delay: 7.00s)
DEBUG    asyncio:selector_events.py:64 Using selector: KqueueSelector
DEBUG    asyncio:selector_events.py:64 Using selector: KqueueSelector
DEBUG    chatfilter.telegram.rate_limiter:rate_limiter.py:104 Rate limiting get_messages: waiting 7.00s (elapsed: 0.00s, min_delay: 7.00s)
DEBUG    asyncio:selector_events.py:64 Using selector: KqueueSelector
DEBUG    chatfilter.telegram.rate_limiter:rate_limiter.py:104 Rate limiting get_messages: waiting 6.99s (elapsed: 0.01s, min_delay: 7.00s)
DEBUG    asyncio:selector_events.py:64 Using selector: KqueueSelector
DEBUG    chatfilter.telegram.rate_limiter:rate_limiter.py:104 Rate limiting get_messages: waiting 6.99s (elapsed: 0.01s, min_delay: 7.00s)
DEBUG    asyncio:selector_events.py:64 Using selector: KqueueSelector
DEBUG    chatfilter.telegram.rate_limiter:rate_limiter.py:104 Rate limiting get_messages: waiting 7.00s (elapsed: 0.00s, min_delay: 7.00s)
DEBUG    asyncio:selector_events.py:64 Using selector: KqueueSelector
DEBUG    chatfilter.telegram.rate_limiter:rate_limiter.py:104 Rate limiting get_messages: waiting 6.99s (elapsed: 0.01s, min_delay: 7.00s)
DEBUG    asyncio:selector_events.py:64 Using selector: KqueueSelector
DEBUG    chatfilter.telegram.rate_limiter:rate_limiter.py:104 Rate limiting get_messages: waiting 7.00s (elapsed: 0.00s, min_delay: 7.00s)
DEBUG    asyncio:selector_events.py:64 Using selector: KqueueSelector
DEBUG    chatfilter.telegram.rate_limiter:rate_limiter.py:104 Rate limiting get_messages: waiting 6.99s (elapsed: 0.01s, min_delay: 7.00s)
INFO     chatfilter.telegram.client:client.py:965 Chat 123 is a forum, fetching from all topics
INFO     chatfilter.telegram.client:client.py:971 Found 2 topics in forum 123
DEBUG    asyncio:selector_events.py:64 Using selector: KqueueSelector
DEBUG    chatfilter.telegram.rate_limiter:rate_limiter.py:104 Rate limiting get_messages: waiting 6.98s (elapsed: 0.02s, min_delay: 7.00s)
INFO     chatfilter.telegram.client:client.py:965 Chat 123 is a forum, fetching from all topics
DEBUG    chatfilter.telegram.client:client.py:891 Failed to get forum topics for chat 123: GetForumTopicsRequest.__init__() got an unexpected keyword argument 'channel'
INFO     chatfilter.telegram.client:client.py:1057 No topics found for forum 123, using default fetch
DEBUG    asyncio:selector_events.py:64 Using selector: KqueueSelector
DEBUG    chatfilter.telegram.rate_limiter:rate_limiter.py:104 Rate limiting get_messages: waiting 6.98s (elapsed: 0.02s, min_delay: 7.00s)
DEBUG    asyncio:selector_events.py:64 Using selector: KqueueSelector
DEBUG    chatfilter.telegram.rate_limiter:rate_limiter.py:104 Rate limiting get_messages: waiting 6.99s (elapsed: 0.01s, min_delay: 7.00s)
WARNING  chatfilter.telegram.client:client.py:1135 Connection interrupted while fetching chat 123 (collected 5/10 messages, attempt 1/3): Network interrupted
INFO     chatfilter.telegram.client:client.py:1146 Retrying in 1.0s with offset from last message...
INFO     chatfilter.telegram.client:client.py:1187 Returning 10 partial messages for chat 123 (fetch was interrupted, requested limit was 10)
DEBUG    asyncio:selector_events.py:64 Using selector: KqueueSelector
DEBUG    chatfilter.telegram.rate_limiter:rate_limiter.py:104 Rate limiting get_messages: waiting 7.00s (elapsed: 0.00s, min_delay: 7.00s)
WARNING  chatfilter.telegram.client:client.py:1135 Connection interrupted while fetching chat 123 (collected 3/10 messages, attempt 1/3): Network keeps failing
INFO     chatfilter.telegram.client:client.py:1146 Retrying in 1.0s with offset from last message...
WARNING  chatfilter.telegram.client:client.py:1135 Connection interrupted while fetching chat 123 (collected 3/10 messages, attempt 2/3): Network keeps failing
INFO     chatfilter.telegram.client:client.py:1146 Retrying in 2.0s with offset from last message...
WARNING  chatfilter.telegram.client:client.py:1135 Connection interrupted while fetching chat 123 (collected 3/10 messages, attempt 3/3): Network keeps failing
WARNING  chatfilter.telegram.client:client.py:1149 Max retries reached for chat 123. Returning 3 partial messages.
INFO     chatfilter.telegram.client:client.py:1187 Returning 3 partial messages for chat 123 (fetch was interrupted, requested limit was 10)
DEBUG    asyncio:selector_events.py:64 Using selector: KqueueSelector
DEBUG    asyncio:selector_events.py:64 Using selector: KqueueSelector
DEBUG    chatfilter.telegram.rate_limiter:rate_limiter.py:104 Rate limiting join_chat: waiting 2.00s (elapsed: 0.00s, min_delay: 2.00s)
DEBUG    asyncio:selector_events.py:64 Using selector: KqueueSelector
DEBUG    asyncio:selector_events.py:64 Using selector: KqueueSelector
DEBUG    chatfilter.telegram.rate_limiter:rate_limiter.py:104 Rate limiting join_chat: waiting 1.99s (elapsed: 0.01s, min_delay: 2.00s)
DEBUG    asyncio:selector_events.py:64 Using selector: KqueueSelector
DEBUG    chatfilter.telegram.rate_limiter:rate_limiter.py:104 Rate limiting join_chat: waiting 1.98s (elapsed: 0.02s, min_delay: 2.00s)
DEBUG    asyncio:selector_events.py:64 Using selector: KqueueSelector
DEBUG    chatfilter.telegram.rate_limiter:rate_limiter.py:104 Rate limiting join_chat: waiting 1.99s (elapsed: 0.01s, min_delay: 2.00s)
DEBUG    asyncio:selector_events.py:64 Using selector: KqueueSelector
DEBUG    chatfilter.telegram.rate_limiter:rate_limiter.py:104 Rate limiting join_chat: waiting 1.83s (elapsed: 0.17s, min_delay: 2.00s)
DEBUG    asyncio:selector_events.py:64 Using selector: KqueueSelector
DEBUG    chatfilter.telegram.rate_limiter:rate_limiter.py:104 Rate limiting join_chat: waiting 1.96s (elapsed: 0.04s, min_delay: 2.00s)
INFO     chatfilter.web.exception_handlers:exception_handlers.py:221 Registered custom exception handlers (including network error handlers)
DEBUG    asyncio:selector_events.py:64 Using selector: KqueueSelector
DEBUG    chatfilter.web.session:session.py:98 Created new session: F5NKvAcJ...
INFO     chatfilter.web.middleware:middleware.py:92 Request started
INFO     chatfilter.utils.network:network.py:269 Network check: ONLINE (took 0ms)
INFO     chatfilter.web.middleware:middleware.py:108 Request completed
INFO     httpx:_client.py:1025 HTTP Request: GET http://testserver/health "HTTP/1.1 200 OK"
INFO     chatfilter.web.exception_handlers:exception_handlers.py:221 Registered custom exception handlers (including network error handlers)
DEBUG    asyncio:selector_events.py:64 Using selector: KqueueSelector
DEBUG    chatfilter.web.session:session.py:98 Created new session: 6fP-e1BI...
INFO     chatfilter.web.middleware:middleware.py:92 Request started
INFO     chatfilter.utils.network:network.py:269 Network check: ONLINE (took 0ms)
INFO     chatfilter.web.middleware:middleware.py:108 Request completed
INFO     httpx:_client.py:1025 HTTP Request: GET http://testserver/health "HTTP/1.1 200 OK"
INFO     chatfilter.web.exception_handlers:exception_handlers.py:221 Registered custom exception handlers (including network error handlers)
DEBUG    asyncio:selector_events.py:64 Using selector: KqueueSelector
DEBUG    chatfilter.web.session:session.py:98 Created new session: bNnYR-3y...
INFO     chatfilter.web.middleware:middleware.py:92 Request started
INFO     chatfilter.utils.network:network.py:269 Network check: ONLINE (took 0ms)
INFO     chatfilter.web.middleware:middleware.py:108 Request completed
INFO     httpx:_client.py:1025 HTTP Request: GET http://testserver/health "HTTP/1.1 200 OK"
INFO     chatfilter.web.exception_handlers:exception_handlers.py:221 Registered custom exception handlers (including network error handlers)
DEBUG    asyncio:selector_events.py:64 Using selector: KqueueSelector
DEBUG    chatfilter.web.session:session.py:98 Created new session: 3agLJA9K...
INFO     chatfilter.web.middleware:middleware.py:92 Request started
INFO     chatfilter.utils.network:network.py:269 Network check: ONLINE (took 1ms)
INFO     chatfilter.web.middleware:middleware.py:108 Request completed
INFO     httpx:_client.py:1025 HTTP Request: GET http://testserver/health "HTTP/1.1 200 OK"
INFO     chatfilter.web.exception_handlers:exception_handlers.py:221 Registered custom exception handlers (including network error handlers)
DEBUG    asyncio:selector_events.py:64 Using selector: KqueueSelector
DEBUG    chatfilter.web.session:session.py:98 Created new session: lYsJb7Vt...
INFO     chatfilter.web.middleware:middleware.py:92 Request started
INFO     chatfilter.utils.network:network.py:269 Network check: ONLINE (took 0ms)
INFO     chatfilter.web.middleware:middleware.py:108 Request completed
INFO     httpx:_client.py:1025 HTTP Request: GET http://testserver/health "HTTP/1.1 200 OK"
INFO     chatfilter.web.exception_handlers:exception_handlers.py:221 Registered custom exception handlers (including network error handlers)
DEBUG    asyncio:selector_events.py:64 Using selector: KqueueSelector
DEBUG    chatfilter.web.session:session.py:98 Created new session: D90gKjNP...
INFO     chatfilter.web.middleware:middleware.py:92 Request started
INFO     chatfilter.utils.network:network.py:269 Network check: ONLINE (took 1ms)
INFO     chatfilter.web.middleware:middleware.py:108 Request completed
INFO     httpx:_client.py:1025 HTTP Request: GET http://testserver/health "HTTP/1.1 200 OK"
INFO     chatfilter.web.exception_handlers:exception_handlers.py:221 Registered custom exception handlers (including network error handlers)
DEBUG    asyncio:selector_events.py:64 Using selector: KqueueSelector
DEBUG    chatfilter.web.session:session.py:98 Created new session: 9I193YqF...
INFO     chatfilter.web.middleware:middleware.py:92 Request started
INFO     chatfilter.web.middleware:middleware.py:108 Request completed
INFO     httpx:_client.py:1025 HTTP Request: GET http://testserver/api/telegram/status "HTTP/1.1 200 OK"
INFO     chatfilter.web.exception_handlers:exception_handlers.py:221 Registered custom exception handlers (including network error handlers)
DEBUG    asyncio:selector_events.py:64 Using selector: KqueueSelector
DEBUG    chatfilter.web.session:session.py:98 Created new session: IzeLzOEU...
INFO     chatfilter.web.middleware:middleware.py:92 Request started
INFO     chatfilter.web.middleware:middleware.py:108 Request completed
INFO     httpx:_client.py:1025 HTTP Request: GET http://testserver/api/telegram/status "HTTP/1.1 200 OK"
INFO     chatfilter.web.exception_handlers:exception_handlers.py:221 Registered custom exception handlers (including network error handlers)
DEBUG    asyncio:selector_events.py:64 Using selector: KqueueSelector
DEBUG    chatfilter.web.session:session.py:98 Created new session: rx3PxRHs...
INFO     chatfilter.web.middleware:middleware.py:92 Request started
INFO     chatfilter.web.middleware:middleware.py:108 Request completed
INFO     httpx:_client.py:1025 HTTP Request: GET http://testserver/api/telegram/status "HTTP/1.1 200 OK"
INFO     chatfilter.web.exception_handlers:exception_handlers.py:221 Registered custom exception handlers (including network error handlers)
DEBUG    asyncio:selector_events.py:64 Using selector: KqueueSelector
DEBUG    chatfilter.web.session:session.py:98 Created new session: spWvtMuC...
INFO     chatfilter.web.middleware:middleware.py:92 Request started
INFO     chatfilter.web.middleware:middleware.py:108 Request completed
INFO     httpx:_client.py:1025 HTTP Request: GET http://testserver/ready "HTTP/1.1 200 OK"
INFO     chatfilter.web.exception_handlers:exception_handlers.py:221 Registered custom exception handlers (including network error handlers)
DEBUG    asyncio:selector_events.py:64 Using selector: KqueueSelector
DEBUG    chatfilter.web.session:session.py:98 Created new session: 3WKr89q-...
INFO     chatfilter.web.middleware:middleware.py:92 Request started
INFO     chatfilter.web.middleware:middleware.py:108 Request completed
INFO     httpx:_client.py:1025 HTTP Request: GET http://testserver/ready "HTTP/1.1 200 OK"
INFO     chatfilter.web.exception_handlers:exception_handlers.py:221 Registered custom exception handlers (including network error handlers)
DEBUG    asyncio:selector_events.py:64 Using selector: KqueueSelector
DEBUG    chatfilter.web.session:session.py:98 Created new session: gsTYobu7...
INFO     chatfilter.web.middleware:middleware.py:92 Request started
INFO     chatfilter.utils.network:network.py:269 Network check: ONLINE (took 0ms)
INFO     chatfilter.web.middleware:middleware.py:108 Request completed
INFO     httpx:_client.py:1025 HTTP Request: GET http://testserver/health "HTTP/1.1 200 OK"
INFO     chatfilter.web.exception_handlers:exception_handlers.py:221 Registered custom exception handlers (including network error handlers)
DEBUG    asyncio:selector_events.py:64 Using selector: KqueueSelector
DEBUG    chatfilter.web.session:session.py:98 Created new session: 7Jg-VFIZ...
INFO     chatfilter.web.middleware:middleware.py:92 Request started
INFO     chatfilter.utils.network:network.py:269 Network check: ONLINE (took 0ms)
INFO     chatfilter.web.middleware:middleware.py:108 Request completed
INFO     httpx:_client.py:1025 HTTP Request: GET http://testserver/health "HTTP/1.1 200 OK"
INFO     chatfilter.web.exception_handlers:exception_handlers.py:221 Registered custom exception handlers (including network error handlers)
DEBUG    asyncio:selector_events.py:64 Using selector: KqueueSelector
DEBUG    chatfilter.web.session:session.py:98 Created new session: Yc7xEXsW...
INFO     chatfilter.web.middleware:middleware.py:92 Request started
INFO     chatfilter.utils.network:network.py:269 Network check: ONLINE (took 0ms)
INFO     chatfilter.web.middleware:middleware.py:108 Request completed
INFO     httpx:_client.py:1025 HTTP Request: GET http://testserver/health "HTTP/1.1 200 OK"
INFO     chatfilter.web.exception_handlers:exception_handlers.py:221 Registered custom exception handlers (including network error handlers)
DEBUG    asyncio:selector_events.py:64 Using selector: KqueueSelector
INFO     httpx:_client.py:1025 HTTP Request: OPTIONS http://testserver/health "HTTP/1.1 200 OK"
INFO     chatfilter.web.exception_handlers:exception_handlers.py:221 Registered custom exception handlers (including network error handlers)
DEBUG    asyncio:selector_events.py:64 Using selector: KqueueSelector
INFO     httpx:_client.py:1025 HTTP Request: OPTIONS http://testserver/health "HTTP/1.1 200 OK"
INFO     chatfilter.web.exception_handlers:exception_handlers.py:221 Registered custom exception handlers (including network error handlers)
DEBUG    asyncio:selector_events.py:64 Using selector: KqueueSelector
INFO     httpx:_client.py:1025 HTTP Request: OPTIONS http://testserver/health "HTTP/1.1 200 OK"
DEBUG    asyncio:selector_events.py:64 Using selector: KqueueSelector
INFO     httpx:_client.py:1025 HTTP Request: OPTIONS http://testserver/health "HTTP/1.1 200 OK"
DEBUG    asyncio:selector_events.py:64 Using selector: KqueueSelector
INFO     httpx:_client.py:1025 HTTP Request: OPTIONS http://testserver/health "HTTP/1.1 200 OK"
DEBUG    asyncio:selector_events.py:64 Using selector: KqueueSelector
INFO     httpx:_client.py:1025 HTTP Request: OPTIONS http://testserver/health "HTTP/1.1 200 OK"
INFO     chatfilter.web.exception_handlers:exception_handlers.py:221 Registered custom exception handlers (including network error handlers)
DEBUG    asyncio:selector_events.py:64 Using selector: KqueueSelector
INFO     httpx:_client.py:1025 HTTP Request: OPTIONS http://testserver/health "HTTP/1.1 200 OK"
INFO     chatfilter.web.exception_handlers:exception_handlers.py:221 Registered custom exception handlers (including network error handlers)
DEBUG    asyncio:selector_events.py:64 Using selector: KqueueSelector
INFO     httpx:_client.py:1025 HTTP Request: OPTIONS http://testserver/health "HTTP/1.1 200 OK"
DEBUG    asyncio:selector_events.py:64 Using selector: KqueueSelector
INFO     httpx:_client.py:1025 HTTP Request: OPTIONS http://testserver/health "HTTP/1.1 200 OK"
DEBUG    asyncio:selector_events.py:64 Using selector: KqueueSelector
INFO     httpx:_client.py:1025 HTTP Request: OPTIONS http://testserver/health "HTTP/1.1 200 OK"
DEBUG    asyncio:selector_events.py:64 Using selector: KqueueSelector
INFO     httpx:_client.py:1025 HTTP Request: OPTIONS http://testserver/health "HTTP/1.1 200 OK"
INFO     chatfilter.web.exception_handlers:exception_handlers.py:221 Registered custom exception handlers (including network error handlers)
DEBUG    asyncio:selector_events.py:64 Using selector: KqueueSelector
INFO     httpx:_client.py:1025 HTTP Request: OPTIONS http://testserver/health "HTTP/1.1 400 Bad Request"
INFO     chatfilter.web.exception_handlers:exception_handlers.py:221 Registered custom exception handlers (including network error handlers)
INFO     chatfilter.web.exception_handlers:exception_handlers.py:221 Registered custom exception handlers (including network error handlers)
INFO     chatfilter.web.exception_handlers:exception_handlers.py:221 Registered custom exception handlers (including network error handlers)
INFO     chatfilter.web.exception_handlers:exception_handlers.py:221 Registered custom exception handlers (including network error handlers)
INFO     chatfilter.web.exception_handlers:exception_handlers.py:221 Registered custom exception handlers (including network error handlers)
INFO     chatfilter.web.exception_handlers:exception_handlers.py:221 Registered custom exception handlers (including network error handlers)
DEBUG    asyncio:selector_events.py:64 Using selector: KqueueSelector
DEBUG    chatfilter.web.session:session.py:98 Created new session: yF49ttyR...
INFO     chatfilter.web.middleware:middleware.py:92 Request started
INFO     chatfilter.web.middleware:middleware.py:108 Request completed
INFO     httpx:_client.py:1025 HTTP Request: GET http://testserver/static/css/style.css "HTTP/1.1 200 OK"
INFO     chatfilter.web.exception_handlers:exception_handlers.py:221 Registered custom exception handlers (including network error handlers)
DEBUG    asyncio:selector_events.py:64 Using selector: KqueueSelector
DEBUG    chatfilter.web.session:session.py:98 Created new session: 9bGu6j3P...
INFO     chatfilter.web.middleware:middleware.py:92 Request started
WARNING  chatfilter.web.exception_handlers:exception_handlers.py:46 HTTP 500 error: 404: Not Found (request_id=08158247-0d00-4a54-b3f7-f7e1cba15592, path=/static/nonexistent.js)
INFO     chatfilter.web.middleware:middleware.py:108 Request completed
INFO     httpx:_client.py:1025 HTTP Request: GET http://testserver/static/nonexistent.js "HTTP/1.1 500 Internal Server Error"
INFO     chatfilter.web.exception_handlers:exception_handlers.py:221 Registered custom exception handlers (including network error handlers)
DEBUG    asyncio:selector_events.py:64 Using selector: KqueueSelector
DEBUG    chatfilter.web.session:session.py:98 Created new session: PIrrYayp...
INFO     chatfilter.web.middleware:middleware.py:92 Request started
DEBUG    chatfilter.web.middleware:middleware.py:378 CSRF check skipped for exempt path: /api/export/csv
INFO     chatfilter.web.middleware:middleware.py:108 Request completed
INFO     httpx:_client.py:1025 HTTP Request: POST http://testserver/api/export/csv "HTTP/1.1 200 OK"
INFO     chatfilter.web.exception_handlers:exception_handlers.py:221 Registered custom exception handlers (including network error handlers)
DEBUG    asyncio:selector_events.py:64 Using selector: KqueueSelector
DEBUG    chatfilter.web.session:session.py:98 Created new session: 6Eyrn7oJ...
INFO     chatfilter.web.middleware:middleware.py:92 Request started
DEBUG    chatfilter.web.middleware:middleware.py:378 CSRF check skipped for exempt path: /api/export/csv
INFO     chatfilter.web.middleware:middleware.py:108 Request completed
INFO     httpx:_client.py:1025 HTTP Request: POST http://testserver/api/export/csv "HTTP/1.1 200 OK"
INFO     chatfilter.web.exception_handlers:exception_handlers.py:221 Registered custom exception handlers (including network error handlers)
DEBUG    asyncio:selector_events.py:64 Using selector: KqueueSelector
DEBUG    chatfilter.web.session:session.py:98 Created new session: 2Nxw7oLB...
INFO     chatfilter.web.middleware:middleware.py:92 Request started
DEBUG    chatfilter.web.middleware:middleware.py:378 CSRF check skipped for exempt path: /api/export/csv
INFO     chatfilter.web.middleware:middleware.py:108 Request completed
INFO     httpx:_client.py:1025 HTTP Request: POST http://testserver/api/export/csv "HTTP/1.1 200 OK"
INFO     chatfilter.web.exception_handlers:exception_handlers.py:221 Registered custom exception handlers (including network error handlers)
DEBUG    asyncio:selector_events.py:64 Using selector: KqueueSelector
DEBUG    chatfilter.web.session:session.py:98 Created new session: 0gILnb9H...
INFO     chatfilter.web.middleware:middleware.py:92 Request started
DEBUG    chatfilter.web.middleware:middleware.py:378 CSRF check skipped for exempt path: /api/export/csv
INFO     chatfilter.web.middleware:middleware.py:108 Request completed
INFO     httpx:_client.py:1025 HTTP Request: POST http://testserver/api/export/csv?filename=my_export.csv "HTTP/1.1 200 OK"
INFO     chatfilter.web.exception_handlers:exception_handlers.py:221 Registered custom exception handlers (including network error handlers)
DEBUG    asyncio:selector_events.py:64 Using selector: KqueueSelector
DEBUG    chatfilter.web.session:session.py:98 Created new session: YnWXfLmV...
INFO     chatfilter.web.middleware:middleware.py:92 Request started
DEBUG    chatfilter.web.middleware:middleware.py:378 CSRF check skipped for exempt path: /api/export/csv
INFO     chatfilter.web.middleware:middleware.py:108 Request completed
INFO     httpx:_client.py:1025 HTTP Request: POST http://testserver/api/export/csv "HTTP/1.1 200 OK"
DEBUG    asyncio:selector_events.py:64 Using selector: KqueueSelector
INFO     chatfilter.web.middleware:middleware.py:92 Request started
DEBUG    chatfilter.web.middleware:middleware.py:378 CSRF check skipped for exempt path: /api/export/csv
INFO     chatfilter.web.middleware:middleware.py:108 Request completed
INFO     httpx:_client.py:1025 HTTP Request: POST http://testserver/api/export/csv "HTTP/1.1 200 OK"
DEBUG    asyncio:selector_events.py:64 Using selector: KqueueSelector
INFO     chatfilter.web.middleware:middleware.py:92 Request started
DEBUG    chatfilter.web.middleware:middleware.py:378 CSRF check skipped for exempt path: /api/export/csv
INFO     chatfilter.web.middleware:middleware.py:108 Request completed
INFO     httpx:_client.py:1025 HTTP Request: POST http://testserver/api/export/csv "HTTP/1.1 200 OK"
DEBUG    asyncio:selector_events.py:64 Using selector: KqueueSelector
INFO     chatfilter.web.middleware:middleware.py:92 Request started
DEBUG    chatfilter.web.middleware:middleware.py:378 CSRF check skipped for exempt path: /api/export/csv
INFO     chatfilter.web.middleware:middleware.py:108 Request completed
INFO     httpx:_client.py:1025 HTTP Request: POST http://testserver/api/export/csv "HTTP/1.1 200 OK"
DEBUG    asyncio:selector_events.py:64 Using selector: KqueueSelector
INFO     chatfilter.web.middleware:middleware.py:92 Request started
DEBUG    chatfilter.web.middleware:middleware.py:378 CSRF check skipped for exempt path: /api/export/csv
INFO     chatfilter.web.middleware:middleware.py:108 Request completed
INFO     httpx:_client.py:1025 HTTP Request: POST http://testserver/api/export/csv "HTTP/1.1 200 OK"
INFO     chatfilter.web.exception_handlers:exception_handlers.py:221 Registered custom exception handlers (including network error handlers)
DEBUG    asyncio:selector_events.py:64 Using selector: KqueueSelector
DEBUG    chatfilter.web.session:session.py:98 Created new session: Pm-V-48Q...
INFO     chatfilter.web.middleware:middleware.py:92 Request started
DEBUG    chatfilter.web.middleware:middleware.py:378 CSRF check skipped for exempt path: /api/export/csv
INFO     chatfilter.web.middleware:middleware.py:108 Request completed
INFO     httpx:_client.py:1025 HTTP Request: POST http://testserver/api/export/csv?include_bom=false "HTTP/1.1 200 OK"
INFO     chatfilter.web.exception_handlers:exception_handlers.py:221 Registered custom exception handlers (including network error handlers)
DEBUG    asyncio:selector_events.py:64 Using selector: KqueueSelector
DEBUG    chatfilter.web.session:session.py:98 Created new session: 5HGL3U-j...
INFO     chatfilter.web.middleware:middleware.py:92 Request started
DEBUG    chatfilter.web.middleware:middleware.py:378 CSRF check skipped for exempt path: /api/export/csv
INFO     chatfilter.web.middleware:middleware.py:108 Request completed
INFO     httpx:_client.py:1025 HTTP Request: POST http://testserver/api/export/csv?include_bom=false "HTTP/1.1 200 OK"
INFO     chatfilter.web.exception_handlers:exception_handlers.py:221 Registered custom exception handlers (including network error handlers)
DEBUG    asyncio:selector_events.py:64 Using selector: KqueueSelector
DEBUG    chatfilter.web.session:session.py:98 Created new session: umZpguMc...
INFO     chatfilter.web.middleware:middleware.py:92 Request started
DEBUG    chatfilter.web.middleware:middleware.py:378 CSRF check skipped for exempt path: /api/export/csv
INFO     chatfilter.web.middleware:middleware.py:108 Request completed
INFO     httpx:_client.py:1025 HTTP Request: POST http://testserver/api/export/csv?include_bom=false "HTTP/1.1 200 OK"
INFO     chatfilter.web.exception_handlers:exception_handlers.py:221 Registered custom exception handlers (including network error handlers)
DEBUG    asyncio:selector_events.py:64 Using selector: KqueueSelector
DEBUG    chatfilter.web.session:session.py:98 Created new session: EZpt0TNQ...
INFO     chatfilter.web.middleware:middleware.py:92 Request started
DEBUG    chatfilter.web.middleware:middleware.py:378 CSRF check skipped for exempt path: /api/export/csv
WARNING  chatfilter.web.exception_handlers:exception_handlers.py:83 Validation error on /api/export/csv: [{'type': 'enum', 'loc': ('body', 'results', 0, 'chat_type'), 'msg': "Input should be 'private', 'group', 'supergroup', 'channel' or 'forum'", 'input': 'invalid_type', 'ctx': {'expected': "'private', 'group', 'supergroup', 'channel' or 'forum'"}}] (request_id=726f7cf2-56d2-47c6-9dcf-907001f4f112)
INFO     chatfilter.web.middleware:middleware.py:108 Request completed
INFO     httpx:_client.py:1025 HTTP Request: POST http://testserver/api/export/csv "HTTP/1.1 422 Unprocessable Entity"
