<?xml version="1.0" encoding="utf-8"?><testsuites name="pytest tests"><testsuite name="pytest" errors="0" failures="0" skipped="0" tests="33" time="0.191" timestamp="2026-01-21T17:02:37.174717+03:00" hostname="Puremag1cs-MacBook-Air.local"><testcase classname="tests.test_logging" name="test_setup_logging_console_only" time="0.004" /><testcase classname="tests.test_logging" name="test_setup_logging_debug_mode" time="0.000" /><testcase classname="tests.test_logging" name="test_setup_logging_with_file" time="0.001" /><testcase classname="tests.test_logging" name="test_setup_logging_file_rotation" time="0.010" /><testcase classname="tests.test_logging" name="test_setup_logging_invalid_path" time="0.000" /><testcase classname="tests.test_logging" name="test_setup_logging_format" time="0.001" /><testcase classname="tests.test_logging" name="test_logging_levels" time="0.001" /><testcase classname="tests.test_logging" name="test_setup_logging_clears_existing_handlers" time="0.000" /><testcase classname="tests.test_logging" name="test_log_sanitization_session_tokens" time="0.001" /><testcase classname="tests.test_logging" name="test_log_sanitization_phone_numbers" time="0.001" /><testcase classname="tests.test_logging" name="test_log_sanitization_ip_addresses" time="0.001" /><testcase classname="tests.test_logging" name="test_log_sanitization_bot_tokens" time="0.001" /><testcase classname="tests.test_logging" name="test_log_sanitization_api_hash" time="0.001" /><testcase classname="tests.test_logging" name="test_correlation_id_in_logs" time="0.001" /><testcase classname="tests.test_logging" name="test_correlation_id_context_isolation" time="0.000" /><testcase classname="tests.test_logging" name="test_generate_correlation_id" time="0.000" /><testcase classname="tests.test_logging" name="test_exception_traceback_sanitization" time="0.001" /><testcase classname="tests.test_logging" name="test_exception_with_bot_token_sanitization" time="0.001" /><testcase classname="tests.test_logging" name="test_sanitize_text_function" time="0.000" /><testcase classname="tests.test_logging" name="test_sanitizing_formatter_directly" time="0.000" /><testcase classname="tests.test_logging" name="test_json_formatter" time="0.000" /><testcase classname="tests.test_logging" name="test_json_formatter_sanitizes_sensitive_data" time="0.000" /><testcase classname="tests.test_logging" name="test_json_formatter_includes_extra_fields" time="0.000" /><testcase classname="tests.test_logging" name="test_chat_context_filter" time="0.000" /><testcase classname="tests.test_logging" name="test_chat_context_functions" time="0.000" /><testcase classname="tests.test_logging" name="test_timing_context" time="0.013" /><testcase classname="tests.test_logging" name="test_timing_context_decorator" time="0.011" /><testcase classname="tests.test_logging" name="test_module_log_levels" time="0.000" /><testcase classname="tests.test_logging" name="test_setup_logging_with_json_format" time="0.001" /><testcase classname="tests.test_logging" name="test_setup_logging_with_verbose_mode" time="0.000" /><testcase classname="tests.test_logging" name="test_setup_logging_with_module_levels" time="0.000" /><testcase classname="tests.test_logging" name="test_verbose_logger" time="0.000" /><testcase classname="tests.test_logging" name="test_log_format_with_chat_id" time="0.001" /></testsuite></testsuites>
